Archive member included because of file (symbol)

c:\Users\tobiasu\Documents\Atmel Studio\7.0\TTK8-C++\TTK8-C++\build/core\core.a(Print.cpp.o)
                              c:\Users\tobiasu\Documents\Atmel Studio\7.0\TTK8-C++\TTK8-C++\build\sketch\rn2xx3.cpp.o (Print::print(String const&))
c:\Users\tobiasu\Documents\Atmel Studio\7.0\TTK8-C++\TTK8-C++\build/core\core.a(SERCOM.cpp.o)
                              c:\Users\tobiasu\Documents\Atmel Studio\7.0\TTK8-C++\TTK8-C++\build\core\variant.cpp.o (SERCOM::SERCOM(Sercom*))
c:\Users\tobiasu\Documents\Atmel Studio\7.0\TTK8-C++\TTK8-C++\build/core\core.a(Stream.cpp.o)
                              c:\Users\tobiasu\Documents\Atmel Studio\7.0\TTK8-C++\TTK8-C++\build\sketch\rn2xx3.cpp.o (Stream::setTimeout(unsigned long))
c:\Users\tobiasu\Documents\Atmel Studio\7.0\TTK8-C++\TTK8-C++\build/core\core.a(CDC.cpp.o)
                              c:\Users\tobiasu\Documents\Atmel Studio\7.0\TTK8-C++\TTK8-C++\build\sketch\Sodaq_dummy.ino.cpp.o (Serial_::flush())
c:\Users\tobiasu\Documents\Atmel Studio\7.0\TTK8-C++\TTK8-C++\build/core\core.a(USBCore.cpp.o)
                              c:\Users\tobiasu\Documents\Atmel Studio\7.0\TTK8-C++\TTK8-C++\build/core\core.a(CDC.cpp.o) (USBDeviceClass::available(unsigned long))
c:\Users\tobiasu\Documents\Atmel Studio\7.0\TTK8-C++\TTK8-C++\build/core\core.a(Uart.cpp.o)
                              c:\Users\tobiasu\Documents\Atmel Studio\7.0\TTK8-C++\TTK8-C++\build\sketch\Sodaq_dummy.ino.cpp.o (Uart::begin(unsigned long))
c:\Users\tobiasu\Documents\Atmel Studio\7.0\TTK8-C++\TTK8-C++\build/core\core.a(WString.cpp.o)
                              c:\Users\tobiasu\Documents\Atmel Studio\7.0\TTK8-C++\TTK8-C++\build\sketch\rn2xx3.cpp.o (String::~String())
c:\Users\tobiasu\Documents\Atmel Studio\7.0\TTK8-C++\TTK8-C++\build/core\core.a(abi.cpp.o)
                              c:\Users\tobiasu\Documents\Atmel Studio\7.0\TTK8-C++\TTK8-C++\build/core\core.a(Print.cpp.o) (__cxa_pure_virtual)
c:\Users\tobiasu\Documents\Atmel Studio\7.0\TTK8-C++\TTK8-C++\build/core\core.a(dtostrf.c.o)
                              c:\Users\tobiasu\Documents\Atmel Studio\7.0\TTK8-C++\TTK8-C++\build/core\core.a(WString.cpp.o) (dtostrf)
c:\Users\tobiasu\Documents\Atmel Studio\7.0\TTK8-C++\TTK8-C++\build/core\core.a(cortex_handlers.c.o)
                              (Reset_Handler)
c:\Users\tobiasu\Documents\Atmel Studio\7.0\TTK8-C++\TTK8-C++\build/core\core.a(delay.c.o)
                              c:\Users\tobiasu\Documents\Atmel Studio\7.0\TTK8-C++\TTK8-C++\build/core\core.a(Stream.cpp.o) (millis)
c:\Users\tobiasu\Documents\Atmel Studio\7.0\TTK8-C++\TTK8-C++\build/core\core.a(hooks.c.o)
                              c:\Users\tobiasu\Documents\Atmel Studio\7.0\TTK8-C++\TTK8-C++\build/core\core.a(delay.c.o) (yield)
c:\Users\tobiasu\Documents\Atmel Studio\7.0\TTK8-C++\TTK8-C++\build/core\core.a(itoa.c.o)
                              c:\Users\tobiasu\Documents\Atmel Studio\7.0\TTK8-C++\TTK8-C++\build/core\core.a(WString.cpp.o) (ltoa)
c:\Users\tobiasu\Documents\Atmel Studio\7.0\TTK8-C++\TTK8-C++\build/core\core.a(main.cpp.o)
                              c:/users/tobiasu/appdata/local/arduino15/packages/arduino/tools/arm-none-eabi-gcc/4.8.3-2014q1/bin/../lib/gcc/arm-none-eabi/4.8.3/../../../../arm-none-eabi/lib/armv6-m/crt0.o (main)
c:\Users\tobiasu\Documents\Atmel Studio\7.0\TTK8-C++\TTK8-C++\build/core\core.a(new.cpp.o)
                              c:\Users\tobiasu\Documents\Atmel Studio\7.0\TTK8-C++\TTK8-C++\build/core\core.a(USBCore.cpp.o) (operator new(unsigned int))
c:\Users\tobiasu\Documents\Atmel Studio\7.0\TTK8-C++\TTK8-C++\build/core\core.a(startup.c.o)
                              c:\Users\tobiasu\Documents\Atmel Studio\7.0\TTK8-C++\TTK8-C++\build/core\core.a(cortex_handlers.c.o) (SystemInit)
c:\Users\tobiasu\Documents\Atmel Studio\7.0\TTK8-C++\TTK8-C++\build/core\core.a(wiring.c.o)
                              c:\Users\tobiasu\Documents\Atmel Studio\7.0\TTK8-C++\TTK8-C++\build/core\core.a(main.cpp.o) (init)
c:\Users\tobiasu\Documents\Atmel Studio\7.0\TTK8-C++\TTK8-C++\build/core\core.a(wiring_analog.c.o)
                              c:\Users\tobiasu\Documents\Atmel Studio\7.0\TTK8-C++\TTK8-C++\build/core\core.a(wiring.c.o) (analogReference)
c:\Users\tobiasu\Documents\Atmel Studio\7.0\TTK8-C++\TTK8-C++\build/core\core.a(wiring_digital.c.o)
                              c:\Users\tobiasu\Documents\Atmel Studio\7.0\TTK8-C++\TTK8-C++\build/core\core.a(Uart.cpp.o) (pinMode)
c:\Users\tobiasu\Documents\Atmel Studio\7.0\TTK8-C++\TTK8-C++\build/core\core.a(wiring_private.c.o)
                              c:\Users\tobiasu\Documents\Atmel Studio\7.0\TTK8-C++\TTK8-C++\build/core\core.a(Uart.cpp.o) (pinPeripheral)
c:\Users\tobiasu\Documents\Atmel Studio\7.0\TTK8-C++\TTK8-C++\build/core\core.a(Reset.cpp.o)
[...]
Memory Configuration

Name             Origin             Length             Attributes
FLASH            0x00002000         0x0003e000         xr
RAM              0x20000000         0x00008000         xrw
*default*        0x00000000         0xffffffff

Linker script and memory map

LOAD c:/users/tobiasu/appdata/local/arduino15/packages/arduino/tools/arm-none-eabi-gcc/4.8.3-2014q1/bin/../lib/gcc/arm-none-eabi/4.8.3/armv6-m/crti.o
LOAD c:/users/tobiasu/appdata/local/arduino15/packages/arduino/tools/arm-none-eabi-gcc/4.8.3-2014q1/bin/../lib/gcc/arm-none-eabi/4.8.3/armv6-m/crtbegin.o
LOAD c:/users/tobiasu/appdata/local/arduino15/packages/arduino/tools/arm-none-eabi-gcc/4.8.3-2014q1/bin/../lib/gcc/arm-none-eabi/4.8.3/../../../../arm-none-eabi/lib/armv6-m/crt0.o
LOAD c:\Users\tobiasu\Documents\Atmel Studio\7.0\TTK8-C++\TTK8-C++\build\sketch\Sodaq_dummy.ino.cpp.o
LOAD c:\Users\tobiasu\Documents\Atmel Studio\7.0\TTK8-C++\TTK8-C++\build\sketch\rn2xx3.cpp.o
LOAD c:\Users\tobiasu\Documents\Atmel Studio\7.0\TTK8-C++\TTK8-C++\build\core\variant.cpp.o
START GROUP
LOAD C:\Users\tobiasu\AppData\Local\Arduino15\packages\arduino\tools\CMSIS\4.5.0/CMSIS/Lib/GCC/\libarm_cortexM0l_math.a
LOAD c:/users/tobiasu/appdata/local/arduino15/packages/arduino/tools/arm-none-eabi-gcc/4.8.3-2014q1/bin/../lib/gcc/arm-none-eabi/4.8.3/../../../../arm-none-eabi/lib/armv6-m\libm.a
LOAD c:\Users\tobiasu\Documents\Atmel Studio\7.0\TTK8-C++\TTK8-C++\build/core\core.a
END GROUP
START GROUP
LOAD c:/users/tobiasu/appdata/local/arduino15/packages/arduino/tools/arm-none-eabi-gcc/4.8.3-2014q1/bin/../lib/gcc/arm-none-eabi/4.8.3/armv6-m\libgcc.a
LOAD c:/users/tobiasu/appdata/local/arduino15/packages/arduino/tools/arm-none-eabi-gcc/4.8.3-2014q1/bin/../lib/gcc/arm-none-eabi/4.8.3/../../../../arm-none-eabi/lib/armv6-m\libc_s.a
END GROUP
START GROUP
LOAD c:/users/tobiasu/appdata/local/arduino15/packages/arduino/tools/arm-none-eabi-gcc/4.8.3-2014q1/bin/../lib/gcc/arm-none-eabi/4.8.3/armv6-m\libgcc.a
LOAD c:/users/tobiasu/appdata/local/arduino15/packages/arduino/tools/arm-none-eabi-gcc/4.8.3-2014q1/bin/../lib/gcc/arm-none-eabi/4.8.3/../../../../arm-none-eabi/lib/armv6-m\libc_s.a
LOAD c:/users/tobiasu/appdata/local/arduino15/packages/arduino/tools/arm-none-eabi-gcc/4.8.3-2014q1/bin/../lib/gcc/arm-none-eabi/4.8.3/../../../../arm-none-eabi/lib/armv6-m\libnosys.a
END GROUP
START GROUP
LOAD c:/users/tobiasu/appdata/local/arduino15/packages/arduino/tools/arm-none-eabi-gcc/4.8.3-2014q1/bin/../lib/gcc/arm-none-eabi/4.8.3/armv6-m\libgcc.a
LOAD c:/users/tobiasu/appdata/local/arduino15/packages/arduino/tools/arm-none-eabi-gcc/4.8.3-2014q1/bin/../lib/gcc/arm-none-eabi/4.8.3/../../../../arm-none-eabi/lib/armv6-m\libc_s.a
LOAD c:/users/tobiasu/appdata/local/arduino15/packages/arduino/tools/arm-none-eabi-gcc/4.8.3-2014q1/bin/../lib/gcc/arm-none-eabi/4.8.3/../../../../arm-none-eabi/lib/armv6-m\libnosys.a
END GROUP
LOAD c:/users/tobiasu/appdata/local/arduino15/packages/arduino/tools/arm-none-eabi-gcc/4.8.3-2014q1/bin/../lib/gcc/arm-none-eabi/4.8.3/armv6-m/crtend.o
LOAD c:/users/tobiasu/appdata/local/arduino15/packages/arduino/tools/arm-none-eabi-gcc/4.8.3-2014q1/bin/../lib/gcc/arm-none-eabi/4.8.3/armv6-m/crtn.o
                0x00001f00                PROVIDE (__sodaq_firmware_state, (ORIGIN (FLASH) - 0x100))

.text           0x00002000     0x9140
                0x00002000                __text_start__ = .
 *(.isr_vector)
 .isr_vector    0x00002000       0xb4 c:\Users\tobiasu\Documents\Atmel Studio\7.0\TTK8-C++\TTK8-C++\build/core\core.a(cortex_handlers.c.o)
                0x00002000                exception_table
 *(.text*)
 .text          0x000020b4       0x60 c:/users/tobiasu/appdata/local/arduino15/packages/arduino/tools/arm-none-eabi-gcc/4.8.3-2014q1/bin/../lib/gcc/arm-none-eabi/4.8.3/armv6-m/crtbegin.o
 .text.loop     0x00002114      0x100 c:\Users\tobiasu\Documents\Atmel Studio\7.0\TTK8-C++\TTK8-C++\build\sketch\Sodaq_dummy.ino.cpp.o
                0x00002114                loop
 .text.setup    0x00002214       0x44 c:\Users\tobiasu\Documents\Atmel Studio\7.0\TTK8-C++\TTK8-C++\build\sketch\Sodaq_dummy.ino.cpp.o
                0x00002214                setup
 .text._ZN6rn2xx3C2ER6Stream
                0x00002258       0x6c c:\Users\tobiasu\Documents\Atmel Studio\7.0\TTK8-C++\TTK8-C++\build\sketch\rn2xx3.cpp.o
                0x00002258                rn2xx3::rn2xx3(Stream&)
                0x00002258                rn2xx3::rn2xx3(Stream&)
 .text._ZN6rn2xx311sendEncodedE6String
                0x000022c4       0x34 c:\Users\tobiasu\Documents\Atmel Studio\7.0\TTK8-C++\TTK8-C++\build\sketch\rn2xx3.cpp.o
                0x000022c4                rn2xx3::sendEncoded(String)
 .text._ZN6rn2xx35getRxEv
                0x000022f8        0xe c:\Users\tobiasu\Documents\Atmel Studio\7.0\TTK8-C++\TTK8-C++\build\sketch\rn2xx3.cpp.o
                0x000022f8                rn2xx3::getRx()
 *fill*         0x00002306        0x2 
 .text._ZN6rn2xx35setDREi
                0x00002308       0x54 c:\Users\tobiasu\Documents\Atmel Studio\7.0\TTK8-C++\TTK8-C++\build\sketch\rn2xx3.cpp.o
                0x00002308                rn2xx3::setDR(int)
 .text._ZN6rn2xx314sendRawCommandE6String
                0x0000235c       0x40 c:\Users\tobiasu\Documents\Atmel Studio\7.0\TTK8-C++\TTK8-C++\build\sketch\rn2xx3.cpp.o
                0x0000235c                rn2xx3::sendRawCommand(String)
 .text._ZN6rn2xx36sysverEv
                0x0000239c       0x30 c:\Users\tobiasu\Documents\Atmel Studio\7.0\TTK8-C++\TTK8-C++\build\sketch\rn2xx3.cpp.o
                0x0000239c                rn2xx3::sysver()
 .text._ZN6rn2xx319configureModuleTypeEv
                0x000023cc       0x50 c:\Users\tobiasu\Documents\Atmel Studio\7.0\TTK8-C++\TTK8-C++\build\sketch\rn2xx3.cpp.o
                0x000023cc                rn2xx3::configureModuleType()
 .text._ZN6rn2xx38initOTAAE6StringS0_S0_
                0x0000241c      0x2d8 c:\Users\tobiasu\Documents\Atmel Studio\7.0\TTK8-C++\TTK8-C++\build\sketch\rn2xx3.cpp.o
                0x0000241c                rn2xx3::initOTAA(String, String, String)
 .text._ZN6rn2xx37initABPE6StringS0_S0_
                0x000026f4      0x28c c:\Users\tobiasu\Documents\Atmel Studio\7.0\TTK8-C++\TTK8-C++\build\sketch\rn2xx3.cpp.o
                0x000026f4                rn2xx3::initABP(String, String, String)
 .text._ZN6rn2xx34initEv
                0x00002980       0x90 c:\Users\tobiasu\Documents\Atmel Studio\7.0\TTK8-C++\TTK8-C++\build\sketch\rn2xx3.cpp.o
                0x00002980                rn2xx3::init()
 .text._ZN6rn2xx39txCommandE6StringS0_b
                0x00002a10      0x2e0 c:\Users\tobiasu\Documents\Atmel Studio\7.0\TTK8-C++\TTK8-C++\build\sketch\rn2xx3.cpp.o
                0x00002a10                rn2xx3::txCommand(String, String, bool)
 .text._ZN6rn2xx37txBytesEPKhh
                0x00002cf0       0xa0 c:\Users\tobiasu\Documents\Atmel Studio\7.0\TTK8-C++\TTK8-C++\build\sketch\rn2xx3.cpp.o
                0x00002cf0                rn2xx3::txBytes(unsigned char const*, unsigned char)
 .text.SERCOM2_Handler
                0x00002d90       0x10 c:\Users\tobiasu\Documents\Atmel Studio\7.0\TTK8-C++\TTK8-C++\build\core\variant.cpp.o
                0x00002d90                SERCOM2_Handler
 .text.SERCOM5_Handler
                0x00002da0       0x10 c:\Users\tobiasu\Documents\Atmel Studio\7.0\TTK8-C++\TTK8-C++\build\core\variant.cpp.o
                0x00002da0                SERCOM5_Handler
 .text.startup._GLOBAL__sub_I_g_APinDescription
                0x00002db0       0x94 c:\Users\tobiasu\Documents\Atmel Studio\7.0\TTK8-C++\TTK8-C++\build\core\variant.cpp.o
 .text._ZN5Print5writeEPKhj
                0x00002e44       0x28 c:\Users\tobiasu\Documents\Atmel Studio\7.0\TTK8-C++\TTK8-C++\build/core\core.a(Print.cpp.o)
                0x00002e44                Print::write(unsigned char const*, unsigned int)
 .text._ZN5Print5writeEPKc
                0x00002e6c       0x1c c:\Users\tobiasu\Documents\Atmel Studio\7.0\TTK8-C++\TTK8-C++\build/core\core.a(Print.cpp.o)
                0x00002e6c                Print::write(char const*)
 .text._ZN5Print5printERK6String
                0x00002e88       0x10 c:\Users\tobiasu\Documents\Atmel Studio\7.0\TTK8-C++\TTK8-C++\build/core\core.a(Print.cpp.o)
                0x00002e88                Print::print(String const&)
 .text._ZN5Print5printEPKc
                0x00002e98        0x8 c:\Users\tobiasu\Documents\Atmel Studio\7.0\TTK8-C++\TTK8-C++\build/core\core.a(Print.cpp.o)
                0x00002e98                Print::print(char const*)
 .text._ZN5Print5printEc
                0x00002ea0        0xa c:\Users\tobiasu\Documents\Atmel Studio\7.0\TTK8-C++\TTK8-C++\build/core\core.a(Print.cpp.o)
                0x00002ea0                Print::print(char)
 *fill*         0x00002eaa        0x2 
 .text._ZN5Print7printlnEv
                0x00002eac       0x10 c:\Users\tobiasu\Documents\Atmel Studio\7.0\TTK8-C++\TTK8-C++\build/core\core.a(Print.cpp.o)
                0x00002eac                Print::println()
 .text._ZN5Print7printlnERK6String
                0x00002ebc       0x14 c:\Users\tobiasu\Documents\Atmel Studio\7.0\TTK8-C++\TTK8-C++\build/core\core.a(Print.cpp.o)
                0x00002ebc                Print::println(String const&)
 .text._ZN5Print11printNumberEmh
                0x00002ed0       0x4e c:\Users\tobiasu\Documents\Atmel Studio\7.0\TTK8-C++\TTK8-C++\build/core\core.a(Print.cpp.o)
                0x00002ed0                Print::printNumber(unsigned long, unsigned char)
 .text._ZN5Print5printEli
                0x00002f1e       0x3c c:\Users\tobiasu\Documents\Atmel Studio\7.0\TTK8-C++\TTK8-C++\build/core\core.a(Print.cpp.o)
                0x00002f1e                Print::print(long, int)
 .text._ZN5Print7printlnEii
                0x00002f5a       0x14 c:\Users\tobiasu\Documents\Atmel Studio\7.0\TTK8-C++\TTK8-C++\build/core\core.a(Print.cpp.o)
                0x00002f5a                Print::println(int, int)
 .text._ZN6SERCOMC2EP6Sercom
                0x00002f6e        0x4 c:\Users\tobiasu\Documents\Atmel Studio\7.0\TTK8-C++\TTK8-C++\build/core\core.a(SERCOM.cpp.o)
                0x00002f6e                SERCOM::SERCOM(Sercom*)
                0x00002f6e                SERCOM::SERCOM(Sercom*)
 .text._ZN6SERCOM9initFrameE18SercomUartCharSize15SercomDataOrder16SercomParityMode19SercomNumberStopBit
                0x00002f72       0x38 c:\Users\tobiasu\Documents\Atmel Studio\7.0\TTK8-C++\TTK8-C++\build/core\core.a(SERCOM.cpp.o)
                0x00002f72                SERCOM::initFrame(SercomUartCharSize, SercomDataOrder, SercomParityMode, SercomNumberStopBit)
 .text._ZN6SERCOM8initPadsE15SercomUartTXPad11SercomRXPad
                0x00002faa       0x26 c:\Users\tobiasu\Documents\Atmel Studio\7.0\TTK8-C++\TTK8-C++\build/core\core.a(SERCOM.cpp.o)
                0x00002faa                SERCOM::initPads(SercomUartTXPad, SercomRXPad)
 .text._ZN6SERCOM9resetUARTEv
                0x00002fd0       0x1c c:\Users\tobiasu\Documents\Atmel Studio\7.0\TTK8-C++\TTK8-C++\build/core\core.a(SERCOM.cpp.o)
                0x00002fd0                SERCOM::resetUART()
 .text._ZN6SERCOM10enableUARTEv
                0x00002fec       0x14 c:\Users\tobiasu\Documents\Atmel Studio\7.0\TTK8-C++\TTK8-C++\build/core\core.a(SERCOM.cpp.o)
                0x00002fec                SERCOM::enableUART()
 .text._ZN6SERCOM9flushUARTEv
                0x00003000       0x10 c:\Users\tobiasu\Documents\Atmel Studio\7.0\TTK8-C++\TTK8-C++\build/core\core.a(SERCOM.cpp.o)
                0x00003000                SERCOM::flushUART()
 .text._ZN6SERCOM15clearStatusUARTEv
                0x00003010        0x8 c:\Users\tobiasu\Documents\Atmel Studio\7.0\TTK8-C++\TTK8-C++\build/core\core.a(SERCOM.cpp.o)
                0x00003010                SERCOM::clearStatusUART()
 .text._ZN6SERCOM17availableDataUARTEv
                0x00003018        0xa c:\Users\tobiasu\Documents\Atmel Studio\7.0\TTK8-C++\TTK8-C++\build/core\core.a(SERCOM.cpp.o)
                0x00003018                SERCOM::availableDataUART()
 .text._ZN6SERCOM11isUARTErrorEv
                0x00003022        0x8 c:\Users\tobiasu\Documents\Atmel Studio\7.0\TTK8-C++\TTK8-C++\build/core\core.a(SERCOM.cpp.o)
                0x00003022                SERCOM::isUARTError()
 .text._ZN6SERCOM20acknowledgeUARTErrorEv
                0x0000302a        0xe c:\Users\tobiasu\Documents\Atmel Studio\7.0\TTK8-C++\TTK8-C++\build/core\core.a(SERCOM.cpp.o)
                0x0000302a                SERCOM::acknowledgeUARTError()
 .text._ZN6SERCOM23isDataRegisterEmptyUARTEv
                0x00003038        0xa c:\Users\tobiasu\Documents\Atmel Studio\7.0\TTK8-C++\TTK8-C++\build/core\core.a(SERCOM.cpp.o)
                0x00003038                SERCOM::isDataRegisterEmptyUART()
 .text._ZN6SERCOM12readDataUARTEv
                0x00003042        0x8 c:\Users\tobiasu\Documents\Atmel Studio\7.0\TTK8-C++\TTK8-C++\build/core\core.a(SERCOM.cpp.o)
                0x00003042                SERCOM::readDataUART()
 .text._ZN6SERCOM13writeDataUARTEh
                0x0000304a        0xe c:\Users\tobiasu\Documents\Atmel Studio\7.0\TTK8-C++\TTK8-C++\build/core\core.a(SERCOM.cpp.o)
                0x0000304a                SERCOM::writeDataUART(unsigned char)
 .text._ZN6SERCOM36enableDataRegisterEmptyInterruptUARTEv
                0x00003058        0x8 c:\Users\tobiasu\Documents\Atmel Studio\7.0\TTK8-C++\TTK8-C++\build/core\core.a(SERCOM.cpp.o)
                0x00003058                SERCOM::enableDataRegisterEmptyInterruptUART()
 .text._ZN6SERCOM37disableDataRegisterEmptyInterruptUARTEv
                0x00003060        0x8 c:\Users\tobiasu\Documents\Atmel Studio\7.0\TTK8-C++\TTK8-C++\build/core\core.a(SERCOM.cpp.o)
                0x00003060                SERCOM::disableDataRegisterEmptyInterruptUART()
 .text._ZN6SERCOM13initClockNVICEv
                0x00003068       0xac c:\Users\tobiasu\Documents\Atmel Studio\7.0\TTK8-C++\TTK8-C++\build/core\core.a(SERCOM.cpp.o)
                0x00003068                SERCOM::initClockNVIC()
 .text._ZN6SERCOM8initUARTE14SercomUartMode20SercomUartSampleRatem
                0x00003114       0xa4 c:\Users\tobiasu\Documents\Atmel Studio\7.0\TTK8-C++\TTK8-C++\build/core\core.a(SERCOM.cpp.o)
                0x00003114                SERCOM::initUART(SercomUartMode, SercomUartSampleRate, unsigned long)
 .text._ZN6Stream9timedReadEv
                0x000031b8       0x2a c:\Users\tobiasu\Documents\Atmel Studio\7.0\TTK8-C++\TTK8-C++\build/core\core.a(Stream.cpp.o)
                0x000031b8                Stream::timedRead()
 .text._ZN6Stream10setTimeoutEm
                0x000031e2        0x4 c:\Users\tobiasu\Documents\Atmel Studio\7.0\TTK8-C++\TTK8-C++\build/core\core.a(Stream.cpp.o)
                0x000031e2                Stream::setTimeout(unsigned long)
 *fill*         0x000031e6        0x2 
 .text._ZN6Stream15readStringUntilEc
                0x000031e8       0x30 c:\Users\tobiasu\Documents\Atmel Studio\7.0\TTK8-C++\TTK8-C++\build/core\core.a(Stream.cpp.o)
                0x000031e8                Stream::readStringUntil(char)
 .text._ZN7Serial_17availableForWriteEv
                0x00003218        0x4 c:\Users\tobiasu\Documents\Atmel Studio\7.0\TTK8-C++\TTK8-C++\build/core\core.a(CDC.cpp.o)
                0x00003218                Serial_::availableForWrite()
 .text._ZN7Serial_5writeEh
                0x0000321c       0x14 c:\Users\tobiasu\Documents\Atmel Studio\7.0\TTK8-C++\TTK8-C++\build/core\core.a(CDC.cpp.o)
                0x0000321c                Serial_::write(unsigned char)
 .text._ZN7Serial_9availableEv
                0x00003230        0xc c:\Users\tobiasu\Documents\Atmel Studio\7.0\TTK8-C++\TTK8-C++\build/core\core.a(CDC.cpp.o)
                0x00003230                Serial_::available()
 .text._ZN7Serial_5flushEv
                0x0000323c        0xc c:\Users\tobiasu\Documents\Atmel Studio\7.0\TTK8-C++\TTK8-C++\build/core\core.a(CDC.cpp.o)
                0x0000323c                Serial_::flush()
 .text._ZN7Serial_5writeEPKhj
                0x00003248       0x1c c:\Users\tobiasu\Documents\Atmel Studio\7.0\TTK8-C++\TTK8-C++\build/core\core.a(CDC.cpp.o)
                0x00003248                Serial_::write(unsigned char const*, unsigned int)
 .text._ZN7Serial_4peekEv
                0x00003264       0x1c c:\Users\tobiasu\Documents\Atmel Studio\7.0\TTK8-C++\TTK8-C++\build/core\core.a(CDC.cpp.o)
                0x00003264                Serial_::peek()
 .text._ZN7Serial_4readEv
                0x00003280       0x24 c:\Users\tobiasu\Documents\Atmel Studio\7.0\TTK8-C++\TTK8-C++\build/core\core.a(CDC.cpp.o)
                0x00003280                Serial_::read()
 .text._Z16CDC_GetInterfacePh
                0x000032a4       0x1c c:\Users\tobiasu\Documents\Atmel Studio\7.0\TTK8-C++\TTK8-C++\build/core\core.a(CDC.cpp.o)
                0x000032a4                CDC_GetInterface(unsigned char*)
 .text._Z9CDC_SetupR8USBSetup
                0x000032c0       0x80 c:\Users\tobiasu\Documents\Atmel Studio\7.0\TTK8-C++\TTK8-C++\build/core\core.a(CDC.cpp.o)
                0x000032c0                CDC_Setup(USBSetup&)
 .text._ZN7Serial_5beginEm
                0x00003340        0x2 c:\Users\tobiasu\Documents\Atmel Studio\7.0\TTK8-C++\TTK8-C++\build/core\core.a(CDC.cpp.o)
                0x00003340                Serial_::begin(unsigned long)
 *fill*         0x00003342        0x2 
 .text.startup._GLOBAL__sub_I__Z17_CDC_GetInterfacev
                0x00003344       0x28 c:\Users\tobiasu\Documents\Atmel Studio\7.0\TTK8-C++\TTK8-C++\build/core\core.a(CDC.cpp.o)
 .text._ZL5utox8mPc
                0x0000336c       0x1c c:\Users\tobiasu\Documents\Atmel Studio\7.0\TTK8-C++\TTK8-C++\build/core\core.a(USBCore.cpp.o)
 .text._ZN14USBDeviceClass6initEPEmm.part.4
                0x00003388       0xc8 c:\Users\tobiasu\Documents\Atmel Studio\7.0\TTK8-C++\TTK8-C++\build/core\core.a(USBCore.cpp.o)
 .text._ZN20USBDevice_SAMD21G18x5resetEv
                0x00003450       0x28 c:\Users\tobiasu\Documents\Atmel Studio\7.0\TTK8-C++\TTK8-C++\build/core\core.a(USBCore.cpp.o)
                0x00003450                USBDevice_SAMD21G18x::reset()
 .text._ZN20USBDevice_SAMD21G18x9calibrateEv
                0x00003478       0x5c c:\Users\tobiasu\Documents\Atmel Studio\7.0\TTK8-C++\TTK8-C++\build/core\core.a(USBCore.cpp.o)
                0x00003478                USBDevice_SAMD21G18x::calibrate()
 .text._ZN7__GuardC2Ev
                0x000034d4        0xe c:\Users\tobiasu\Documents\Atmel Studio\7.0\TTK8-C++\TTK8-C++\build/core\core.a(USBCore.cpp.o)
                0x000034d4                __Guard::__Guard()
                0x000034d4                __Guard::__Guard()
 .text._ZN7__GuardD2Ev
                0x000034e2        0xe c:\Users\tobiasu\Documents\Atmel Studio\7.0\TTK8-C++\TTK8-C++\build/core\core.a(USBCore.cpp.o)
                0x000034e2                __Guard::~__Guard()
                0x000034e2                __Guard::~__Guard()
 .text._ZNK26DoubleBufferedEPOutHandler9availableEv
                0x000034f0       0x5e c:\Users\tobiasu\Documents\Atmel Studio\7.0\TTK8-C++\TTK8-C++\build/core\core.a(USBCore.cpp.o)
                0x000034f0                DoubleBufferedEPOutHandler::available() const
 *fill*         0x0000354e        0x2 
 .text._ZN26DoubleBufferedEPOutHandler7releaseEv
                0x00003550       0x58 c:\Users\tobiasu\Documents\Atmel Studio\7.0\TTK8-C++\TTK8-C++\build/core\core.a(USBCore.cpp.o)
                0x00003550                DoubleBufferedEPOutHandler::release()
 .text._ZN26DoubleBufferedEPOutHandler4recvEPvm
                0x000035a8      0x11c c:\Users\tobiasu\Documents\Atmel Studio\7.0\TTK8-C++\TTK8-C++\build/core\core.a(USBCore.cpp.o)
                0x000035a8                DoubleBufferedEPOutHandler::recv(void*, unsigned long)
 .text._ZN26DoubleBufferedEPOutHandler14handleEndpointEv
                0x000036c4       0xc8 c:\Users\tobiasu\Documents\Atmel Studio\7.0\TTK8-C++\TTK8-C++\build/core\core.a(USBCore.cpp.o)
                0x000036c4                DoubleBufferedEPOutHandler::handleEndpoint()
 .text._ZN14USBDeviceClass14SendInterfacesEPm
                0x0000378c       0x2c c:\Users\tobiasu\Documents\Atmel Studio\7.0\TTK8-C++\TTK8-C++\build/core\core.a(USBCore.cpp.o)
                0x0000378c                USBDeviceClass::SendInterfaces(unsigned long*)
 .text._ZN14USBDeviceClass14handleEndpointEh
                0x000037b8       0x40 c:\Users\tobiasu\Documents\Atmel Studio\7.0\TTK8-C++\TTK8-C++\build/core\core.a(USBCore.cpp.o)
                0x000037b8                USBDeviceClass::handleEndpoint(unsigned char)
 .text._ZN14USBDeviceClass4initEv
                0x000037f8       0xc0 c:\Users\tobiasu\Documents\Atmel Studio\7.0\TTK8-C++\TTK8-C++\build/core\core.a(USBCore.cpp.o)
                0x000037f8                USBDeviceClass::init()
 .text._ZN14USBDeviceClass6attachEv
                0x000038b8       0x34 c:\Users\tobiasu\Documents\Atmel Studio\7.0\TTK8-C++\TTK8-C++\build/core\core.a(USBCore.cpp.o)
                0x000038b8                USBDeviceClass::attach()
 .text._ZN14USBDeviceClass10setAddressEm
                0x000038ec       0x48 c:\Users\tobiasu\Documents\Atmel Studio\7.0\TTK8-C++\TTK8-C++\build/core\core.a(USBCore.cpp.o)
                0x000038ec                USBDeviceClass::setAddress(unsigned long)
 .text._ZN14USBDeviceClass25handleClassInterfaceSetupER8USBSetup
                0x00003934       0x40 c:\Users\tobiasu\Documents\Atmel Studio\7.0\TTK8-C++\TTK8-C++\build/core\core.a(USBCore.cpp.o)
                0x00003934                USBDeviceClass::handleClassInterfaceSetup(USBSetup&)
 .text._ZN14USBDeviceClass6initEPEmm
                0x00003974       0xf4 c:\Users\tobiasu\Documents\Atmel Studio\7.0\TTK8-C++\TTK8-C++\build/core\core.a(USBCore.cpp.o)
                0x00003974                USBDeviceClass::initEP(unsigned long, unsigned long)
 .text._ZN14USBDeviceClass13initEndpointsEv
                0x00003a68       0x24 c:\Users\tobiasu\Documents\Atmel Studio\7.0\TTK8-C++\TTK8-C++\build/core\core.a(USBCore.cpp.o)
                0x00003a68                USBDeviceClass::initEndpoints()
 .text._ZN14USBDeviceClass9availableEm
                0x00003a8c       0x2c c:\Users\tobiasu\Documents\Atmel Studio\7.0\TTK8-C++\TTK8-C++\build/core\core.a(USBCore.cpp.o)
                0x00003a8c                USBDeviceClass::available(unsigned long)
 .text._ZN14USBDeviceClass5flushEm
                0x00003ab8       0x2c c:\Users\tobiasu\Documents\Atmel Studio\7.0\TTK8-C++\TTK8-C++\build/core\core.a(USBCore.cpp.o)
                0x00003ab8                USBDeviceClass::flush(unsigned long)
 .text._ZN14USBDeviceClass14armRecvCtrlOUTEm
                0x00003ae4       0x60 c:\Users\tobiasu\Documents\Atmel Studio\7.0\TTK8-C++\TTK8-C++\build/core\core.a(USBCore.cpp.o)
                0x00003ae4                USBDeviceClass::armRecvCtrlOUT(unsigned long)
 .text._ZN14USBDeviceClass11recvControlEPvm
                0x00003b44       0x3c c:\Users\tobiasu\Documents\Atmel Studio\7.0\TTK8-C++\TTK8-C++\build/core\core.a(USBCore.cpp.o)
                0x00003b44                USBDeviceClass::recvControl(void*, unsigned long)
 .text._ZN14USBDeviceClass7armRecvEm
                0x00003b80       0x3c c:\Users\tobiasu\Documents\Atmel Studio\7.0\TTK8-C++\TTK8-C++\build/core\core.a(USBCore.cpp.o)
                0x00003b80                USBDeviceClass::armRecv(unsigned long)
 .text._ZN14USBDeviceClass4recvEmPvm
                0x00003bbc       0xc0 c:\Users\tobiasu\Documents\Atmel Studio\7.0\TTK8-C++\TTK8-C++\build/core\core.a(USBCore.cpp.o)
                0x00003bbc                USBDeviceClass::recv(unsigned long, void*, unsigned long)
 .text._ZN14USBDeviceClass4recvEm
                0x00003c7c       0x1c c:\Users\tobiasu\Documents\Atmel Studio\7.0\TTK8-C++\TTK8-C++\build/core\core.a(USBCore.cpp.o)
                0x00003c7c                USBDeviceClass::recv(unsigned long)
 .text._ZN14USBDeviceClass4sendEmPKvm
                0x00003c98      0x10c c:\Users\tobiasu\Documents\Atmel Studio\7.0\TTK8-C++\TTK8-C++\build/core\core.a(USBCore.cpp.o)
                0x00003c98                USBDeviceClass::send(unsigned long, void const*, unsigned long)
 .text._ZN14USBDeviceClass7armSendEmPKvm
                0x00003da4       0x48 c:\Users\tobiasu\Documents\Atmel Studio\7.0\TTK8-C++\TTK8-C++\build/core\core.a(USBCore.cpp.o)
                0x00003da4                USBDeviceClass::armSend(unsigned long, void const*, unsigned long)
 .text._ZN14USBDeviceClass11sendControlEPKvm
                0x00003dec       0x58 c:\Users\tobiasu\Documents\Atmel Studio\7.0\TTK8-C++\TTK8-C++\build/core\core.a(USBCore.cpp.o)
                0x00003dec                USBDeviceClass::sendControl(void const*, unsigned long)
 .text._ZN14USBDeviceClass20sendStringDescriptorEPKhh
                0x00003e44       0x68 c:\Users\tobiasu\Documents\Atmel Studio\7.0\TTK8-C++\TTK8-C++\build/core\core.a(USBCore.cpp.o)
                0x00003e44                USBDeviceClass::sendStringDescriptor(unsigned char const*, unsigned char)
 .text._ZN14USBDeviceClass12packMessagesEb.part.6
                0x00003eac       0x20 c:\Users\tobiasu\Documents\Atmel Studio\7.0\TTK8-C++\TTK8-C++\build/core\core.a(USBCore.cpp.o)
 .text._ZN14USBDeviceClass17sendConfigurationEm
                0x00003ecc       0x90 c:\Users\tobiasu\Documents\Atmel Studio\7.0\TTK8-C++\TTK8-C++\build/core\core.a(USBCore.cpp.o)
                0x00003ecc                USBDeviceClass::sendConfiguration(unsigned long)
 .text._ZN14USBDeviceClass14sendDescriptorER8USBSetup
                0x00003f5c       0xec c:\Users\tobiasu\Documents\Atmel Studio\7.0\TTK8-C++\TTK8-C++\build/core\core.a(USBCore.cpp.o)
                0x00003f5c                USBDeviceClass::sendDescriptor(USBSetup&)
 .text._ZN14USBDeviceClass19handleStandardSetupER8USBSetup
                0x00004048      0x118 c:\Users\tobiasu\Documents\Atmel Studio\7.0\TTK8-C++\TTK8-C++\build/core\core.a(USBCore.cpp.o)
                0x00004048                USBDeviceClass::handleStandardSetup(USBSetup&)
 .text._ZN14USBDeviceClass10ISRHandlerEv
                0x00004160      0x108 c:\Users\tobiasu\Documents\Atmel Studio\7.0\TTK8-C++\TTK8-C++\build/core\core.a(USBCore.cpp.o)
                0x00004160                USBDeviceClass::ISRHandler()
 .text.UDD_Handler
                0x00004268       0x10 c:\Users\tobiasu\Documents\Atmel Studio\7.0\TTK8-C++\TTK8-C++\build/core\core.a(USBCore.cpp.o)
                0x00004268                UDD_Handler
 .text.startup._GLOBAL__sub_I__ZN20USBDevice_SAMD21G18x5resetEv
                0x00004278       0x10 c:\Users\tobiasu\Documents\Atmel Studio\7.0\TTK8-C++\TTK8-C++\build/core\core.a(USBCore.cpp.o)
 .text._ZN4UartcvbEv
                0x00004288        0x4 c:\Users\tobiasu\Documents\Atmel Studio\7.0\TTK8-C++\TTK8-C++\build/core\core.a(Uart.cpp.o)
                0x00004288                Uart::operator bool()
 .text._ZN4Uart5beginEm
                0x0000428c       0x10 c:\Users\tobiasu\Documents\Atmel Studio\7.0\TTK8-C++\TTK8-C++\build/core\core.a(Uart.cpp.o)
                0x0000428c                Uart::begin(unsigned long)
 .text._ZN4Uart4peekEv
                0x0000429c       0x1e c:\Users\tobiasu\Documents\Atmel Studio\7.0\TTK8-C++\TTK8-C++\build/core\core.a(Uart.cpp.o)
                0x0000429c                Uart::peek()
 .text._ZN4Uart3endEv
                0x000042ba       0x20 c:\Users\tobiasu\Documents\Atmel Studio\7.0\TTK8-C++\TTK8-C++\build/core\core.a(Uart.cpp.o)
                0x000042ba                Uart::end()
 *fill*         0x000042da        0x2 
 .text._ZN4UartC2EP6SERCOMhh11SercomRXPad15SercomUartTXPadhh
                0x000042dc       0xa0 c:\Users\tobiasu\Documents\Atmel Studio\7.0\TTK8-C++\TTK8-C++\build/core\core.a(Uart.cpp.o)
                0x000042dc                Uart::Uart(SERCOM*, unsigned char, unsigned char, SercomRXPad, SercomUartTXPad, unsigned char, unsigned char)
                0x000042dc                Uart::Uart(SERCOM*, unsigned char, unsigned char, SercomRXPad, SercomUartTXPad, unsigned char, unsigned char)
 .text._ZN4UartC2EP6SERCOMhh11SercomRXPad15SercomUartTXPad
                0x0000437c       0x24 c:\Users\tobiasu\Documents\Atmel Studio\7.0\TTK8-C++\TTK8-C++\build/core\core.a(Uart.cpp.o)
                0x0000437c                Uart::Uart(SERCOM*, unsigned char, unsigned char, SercomRXPad, SercomUartTXPad)
                0x0000437c                Uart::Uart(SERCOM*, unsigned char, unsigned char, SercomRXPad, SercomUartTXPad)
 .text._ZN4Uart16extractNbStopBitEt
                0x000043a0        0xe c:\Users\tobiasu\Documents\Atmel Studio\7.0\TTK8-C++\TTK8-C++\build/core\core.a(Uart.cpp.o)
                0x000043a0                Uart::extractNbStopBit(unsigned short)
 .text._ZN4Uart15extractCharSizeEt
                0x000043ae       0x2c c:\Users\tobiasu\Documents\Atmel Studio\7.0\TTK8-C++\TTK8-C++\build/core\core.a(Uart.cpp.o)
                0x000043ae                Uart::extractCharSize(unsigned short)
 .text._ZN4Uart13extractParityEt
                0x000043da       0x18 c:\Users\tobiasu\Documents\Atmel Studio\7.0\TTK8-C++\TTK8-C++\build/core\core.a(Uart.cpp.o)
                0x000043da                Uart::extractParity(unsigned short)
 *fill*         0x000043f2        0x2 
 .text._ZN4Uart5beginEmt
                0x000043f4       0xf8 c:\Users\tobiasu\Documents\Atmel Studio\7.0\TTK8-C++\TTK8-C++\build/core\core.a(Uart.cpp.o)
                0x000043f4                Uart::begin(unsigned long, unsigned short)
 .text._ZN11RingBufferNILi129EE9availableEv
                0x000044ec       0x12 c:\Users\tobiasu\Documents\Atmel Studio\7.0\TTK8-C++\TTK8-C++\build/core\core.a(Uart.cpp.o)
                0x000044ec                RingBufferN<129>::available()
 .text._ZN4Uart5flushEv
                0x000044fe       0x18 c:\Users\tobiasu\Documents\Atmel Studio\7.0\TTK8-C++\TTK8-C++\build/core\core.a(Uart.cpp.o)
                0x000044fe                Uart::flush()
 .text._ZN4Uart9availableEv
                0x00004516        0xa c:\Users\tobiasu\Documents\Atmel Studio\7.0\TTK8-C++\TTK8-C++\build/core\core.a(Uart.cpp.o)
                0x00004516                Uart::available()
 .text._ZN11RingBufferNILi129EE17availableForStoreEv
                0x00004520       0x22 c:\Users\tobiasu\Documents\Atmel Studio\7.0\TTK8-C++\TTK8-C++\build/core\core.a(Uart.cpp.o)
                0x00004520                RingBufferN<129>::availableForStore()
 .text._ZN4Uart17availableForWriteEv
                0x00004542        0xa c:\Users\tobiasu\Documents\Atmel Studio\7.0\TTK8-C++\TTK8-C++\build/core\core.a(Uart.cpp.o)
                0x00004542                Uart::availableForWrite()
 .text._ZN4Uart10IrqHandlerEv
                0x0000454c       0xc2 c:\Users\tobiasu\Documents\Atmel Studio\7.0\TTK8-C++\TTK8-C++\build/core\core.a(Uart.cpp.o)
                0x0000454c                Uart::IrqHandler()
 *fill*         0x0000460e        0x2 
 .text._ZN4Uart5writeEh
                0x00004610       0xc4 c:\Users\tobiasu\Documents\Atmel Studio\7.0\TTK8-C++\TTK8-C++\build/core\core.a(Uart.cpp.o)
                0x00004610                Uart::write(unsigned char)
 .text._ZN4Uart4readEv
                0x000046d4       0x50 c:\Users\tobiasu\Documents\Atmel Studio\7.0\TTK8-C++\TTK8-C++\build/core\core.a(Uart.cpp.o)
                0x000046d4                Uart::read()
 .text._ZNK6String14StringIfHelperEv
                0x00004724        0x2 c:\Users\tobiasu\Documents\Atmel Studio\7.0\TTK8-C++\TTK8-C++\build/core\core.a(WString.cpp.o)
                0x00004724                String::StringIfHelper() const
 .text._ZN6StringD2Ev
                0x00004726        0xe c:\Users\tobiasu\Documents\Atmel Studio\7.0\TTK8-C++\TTK8-C++\build/core\core.a(WString.cpp.o)
                0x00004726                String::~String()
                0x00004726                String::~String()
 .text._ZN6String10invalidateEv
                0x00004734       0x18 c:\Users\tobiasu\Documents\Atmel Studio\7.0\TTK8-C++\TTK8-C++\build/core\core.a(WString.cpp.o)
                0x00004734                String::invalidate()
 .text._ZN6String12changeBufferEj
                0x0000474c       0x18 c:\Users\tobiasu\Documents\Atmel Studio\7.0\TTK8-C++\TTK8-C++\build/core\core.a(WString.cpp.o)
                0x0000474c                String::changeBuffer(unsigned int)
 .text._ZN6String7reserveEj
                0x00004764       0x28 c:\Users\tobiasu\Documents\Atmel Studio\7.0\TTK8-C++\TTK8-C++\build/core\core.a(WString.cpp.o)
                0x00004764                String::reserve(unsigned int)
 .text._ZN6String4copyEPKcj
                0x0000478c       0x28 c:\Users\tobiasu\Documents\Atmel Studio\7.0\TTK8-C++\TTK8-C++\build/core\core.a(WString.cpp.o)
                0x0000478c                String::copy(char const*, unsigned int)
 .text._ZN6StringC2EPKc
                0x000047b4       0x26 c:\Users\tobiasu\Documents\Atmel Studio\7.0\TTK8-C++\TTK8-C++\build/core\core.a(WString.cpp.o)
                0x000047b4                String::String(char const*)
                0x000047b4                String::String(char const*)
 .text._ZN6String4copyEPK19__FlashStringHelperj
                0x000047da       0x28 c:\Users\tobiasu\Documents\Atmel Studio\7.0\TTK8-C++\TTK8-C++\build/core\core.a(WString.cpp.o)
                0x000047da                String::copy(__FlashStringHelper const*, unsigned int)
 *fill*         0x00004802        0x2 
 .text._ZN6String4moveERS_
                0x00004804       0x4c c:\Users\tobiasu\Documents\Atmel Studio\7.0\TTK8-C++\TTK8-C++\build/core\core.a(WString.cpp.o)
                0x00004804                String::move(String&)
 .text._ZN6StringaSERKS_
                0x00004850       0x20 c:\Users\tobiasu\Documents\Atmel Studio\7.0\TTK8-C++\TTK8-C++\build/core\core.a(WString.cpp.o)
                0x00004850                String::operator=(String const&)
 .text._ZN6StringC2ERKS_
                0x00004870       0x14 c:\Users\tobiasu\Documents\Atmel Studio\7.0\TTK8-C++\TTK8-C++\build/core\core.a(WString.cpp.o)
                0x00004870                String::String(String const&)
                0x00004870                String::String(String const&)
 .text._ZN6StringaSEOS_
                0x00004884       0x10 c:\Users\tobiasu\Documents\Atmel Studio\7.0\TTK8-C++\TTK8-C++\build/core\core.a(WString.cpp.o)
                0x00004884                String::operator=(String&&)
 .text._ZN6StringaSEPKc
                0x00004894       0x22 c:\Users\tobiasu\Documents\Atmel Studio\7.0\TTK8-C++\TTK8-C++\build/core\core.a(WString.cpp.o)
                0x00004894                String::operator=(char const*)
 .text._ZN6StringaSEPK19__FlashStringHelper
                0x000048b6       0x22 c:\Users\tobiasu\Documents\Atmel Studio\7.0\TTK8-C++\TTK8-C++\build/core\core.a(WString.cpp.o)
                0x000048b6                String::operator=(__FlashStringHelper const*)
 .text._ZN6StringC2EPK19__FlashStringHelper
                0x000048d8       0x14 c:\Users\tobiasu\Documents\Atmel Studio\7.0\TTK8-C++\TTK8-C++\build/core\core.a(WString.cpp.o)
                0x000048d8                String::String(__FlashStringHelper const*)
                0x000048d8                String::String(__FlashStringHelper const*)
 .text._ZN6String6concatEPKcj
                0x000048ec       0x32 c:\Users\tobiasu\Documents\Atmel Studio\7.0\TTK8-C++\TTK8-C++\build/core\core.a(WString.cpp.o)
                0x000048ec                String::concat(char const*, unsigned int)
 .text._ZN6String6concatEc
                0x0000491e       0x14 c:\Users\tobiasu\Documents\Atmel Studio\7.0\TTK8-C++\TTK8-C++\build/core\core.a(WString.cpp.o)
                0x0000491e                String::concat(char)
 .text._ZplRK15StringSumHelperRK6String
                0x00004932       0x1c c:\Users\tobiasu\Documents\Atmel Studio\7.0\TTK8-C++\TTK8-C++\build/core\core.a(WString.cpp.o)
                0x00004932                operator+(StringSumHelper const&, String const&)
 .text._ZNK6String6equalsEPKc
                0x0000494e       0x2a c:\Users\tobiasu\Documents\Atmel Studio\7.0\TTK8-C++\TTK8-C++\build/core\core.a(WString.cpp.o)
                0x0000494e                String::equals(char const*) const
 .text._ZNK6String10startsWithERKS_j
                0x00004978       0x2c c:\Users\tobiasu\Documents\Atmel Studio\7.0\TTK8-C++\TTK8-C++\build/core\core.a(WString.cpp.o)
                0x00004978                String::startsWith(String const&, unsigned int) const
 .text._ZNK6String10startsWithERKS_
                0x000049a4       0x16 c:\Users\tobiasu\Documents\Atmel Studio\7.0\TTK8-C++\TTK8-C++\build/core\core.a(WString.cpp.o)
                0x000049a4                String::startsWith(String const&) const
 .text._ZNK6StringixEj
                0x000049ba       0x14 c:\Users\tobiasu\Documents\Atmel Studio\7.0\TTK8-C++\TTK8-C++\build/core\core.a(WString.cpp.o)
                0x000049ba                String::operator[](unsigned int) const
 .text._ZNK6String6charAtEj
                0x000049ce        0x8 c:\Users\tobiasu\Documents\Atmel Studio\7.0\TTK8-C++\TTK8-C++\build/core\core.a(WString.cpp.o)
                0x000049ce                String::charAt(unsigned int) const
 .text._ZNK6String7indexOfEcj
                0x000049d6       0x1e c:\Users\tobiasu\Documents\Atmel Studio\7.0\TTK8-C++\TTK8-C++\build/core\core.a(WString.cpp.o)
                0x000049d6                String::indexOf(char, unsigned int) const
 .text._ZNK6String9substringEjj
                0x000049f4       0x4c c:\Users\tobiasu\Documents\Atmel Studio\7.0\TTK8-C++\TTK8-C++\build/core\core.a(WString.cpp.o)
                0x000049f4                String::substring(unsigned int, unsigned int) const
 .text._ZN6String4trimEv
                0x00004a40       0x54 c:\Users\tobiasu\Documents\Atmel Studio\7.0\TTK8-C++\TTK8-C++\build/core\core.a(WString.cpp.o)
                0x00004a40                String::trim()
 .text._ZNK6String5toIntEv
                0x00004a94        0xe c:\Users\tobiasu\Documents\Atmel Studio\7.0\TTK8-C++\TTK8-C++\build/core\core.a(WString.cpp.o)
                0x00004a94                String::toInt() const
 .text.Dummy_Handler
                0x00004aa2        0x2 c:\Users\tobiasu\Documents\Atmel Studio\7.0\TTK8-C++\TTK8-C++\build/core\core.a(cortex_handlers.c.o)
                0x00004aa2                DMAC_Handler
                0x00004aa2                HardFault_Handler
                0x00004aa2                AC_Handler
                0x00004aa2                PendSV_Handler
                0x00004aa2                NMI_Handler
                0x00004aa2                TC7_Handler
                0x00004aa2                SERCOM1_Handler
                0x00004aa2                ADC_Handler
                0x00004aa2                TCC1_Handler
                0x00004aa2                TCC0_Handler
                0x00004aa2                RTC_Handler
                0x00004aa2                EIC_Handler
                0x00004aa2                TC6_Handler
                0x00004aa2                WDT_Handler
                0x00004aa2                TC4_Handler
                0x00004aa2                TC3_Handler
                0x00004aa2                Dummy_Handler
                0x00004aa2                PM_Handler
                0x00004aa2                SVC_Handler
                0x00004aa2                TCC2_Handler
                0x00004aa2                EVSYS_Handler
                0x00004aa2                SERCOM3_Handler
                0x00004aa2                SERCOM4_Handler
                0x00004aa2                I2S_Handler
                0x00004aa2                NVMCTRL_Handler
                0x00004aa2                SERCOM0_Handler
                0x00004aa2                DAC_Handler
                0x00004aa2                PTC_Handler
                0x00004aa2                SYSCTRL_Handler
 .text.USB_Handler
                0x00004aa4       0x14 c:\Users\tobiasu\Documents\Atmel Studio\7.0\TTK8-C++\TTK8-C++\build/core\core.a(cortex_handlers.c.o)
                0x00004aa4                USB_Handler
 .text.Reset_Handler
                0x00004ab8       0x54 c:\Users\tobiasu\Documents\Atmel Studio\7.0\TTK8-C++\TTK8-C++\build/core\core.a(cortex_handlers.c.o)
                0x00004ab8                Reset_Handler
 .text.SysTick_Handler
                0x00004b0c       0x10 c:\Users\tobiasu\Documents\Atmel Studio\7.0\TTK8-C++\TTK8-C++\build/core\core.a(cortex_handlers.c.o)
                0x00004b0c                SysTick_Handler
 .text.USB_SetHandler
                0x00004b1c        0xc c:\Users\tobiasu\Documents\Atmel Studio\7.0\TTK8-C++\TTK8-C++\build/core\core.a(cortex_handlers.c.o)
                0x00004b1c                USB_SetHandler
 .text.millis   0x00004b28        0xc c:\Users\tobiasu\Documents\Atmel Studio\7.0\TTK8-C++\TTK8-C++\build/core\core.a(delay.c.o)
                0x00004b28                millis
 .text.delay    0x00004b34       0x20 c:\Users\tobiasu\Documents\Atmel Studio\7.0\TTK8-C++\TTK8-C++\build/core\core.a(delay.c.o)
                0x00004b34                delay
 .text.SysTick_DefaultHandler
                0x00004b54       0x14 c:\Users\tobiasu\Documents\Atmel Studio\7.0\TTK8-C++\TTK8-C++\build/core\core.a(delay.c.o)
                0x00004b54                SysTick_DefaultHandler
 .text.__empty  0x00004b68        0x2 c:\Users\tobiasu\Documents\Atmel Studio\7.0\TTK8-C++\TTK8-C++\build/core\core.a(hooks.c.o)
                0x00004b68                yield
 .text.__false  0x00004b6a        0x4 c:\Users\tobiasu\Documents\Atmel Studio\7.0\TTK8-C++\TTK8-C++\build/core\core.a(hooks.c.o)
                0x00004b6a                sysTickHook
 .text._Z11initVariantv
                0x00004b6e        0x2 c:\Users\tobiasu\Documents\Atmel Studio\7.0\TTK8-C++\TTK8-C++\build/core\core.a(main.cpp.o)
                0x00004b6e                initVariant()
 .text.startup.main
                0x00004b70       0x40 c:\Users\tobiasu\Documents\Atmel Studio\7.0\TTK8-C++\TTK8-C++\build/core\core.a(main.cpp.o)
                0x00004b70                main
 .text._Znwj    0x00004bb0        0x8 c:\Users\tobiasu\Documents\Atmel Studio\7.0\TTK8-C++\TTK8-C++\build/core\core.a(new.cpp.o)
                0x00004bb0                operator new(unsigned int)
 .text.SystemInit
                0x00004bb8      0x168 c:\Users\tobiasu\Documents\Atmel Studio\7.0\TTK8-C++\TTK8-C++\build/core\core.a(startup.c.o)
                0x00004bb8                SystemInit
 .text.init     0x00004d20       0xe4 c:\Users\tobiasu\Documents\Atmel Studio\7.0\TTK8-C++\TTK8-C++\build/core\core.a(wiring.c.o)
                0x00004d20                init
 .text.analogReference
                0x00004e04       0x5c c:\Users\tobiasu\Documents\Atmel Studio\7.0\TTK8-C++\TTK8-C++\build/core\core.a(wiring_analog.c.o)
                0x00004e04                analogReference
 .text.pinMode  0x00004e60       0xb4 c:\Users\tobiasu\Documents\Atmel Studio\7.0\TTK8-C++\TTK8-C++\build/core\core.a(wiring_digital.c.o)
                0x00004e60                pinMode
 .text.pinPeripheral
                0x00004f14       0xc4 c:\Users\tobiasu\Documents\Atmel Studio\7.0\TTK8-C++\TTK8-C++\build/core\core.a(wiring_private.c.o)
                0x00004f14                pinPeripheral
 .text.initiateReset
                0x00004fd8        0xc c:\Users\tobiasu\Documents\Atmel Studio\7.0\TTK8-C++\TTK8-C++\build/core\core.a(Reset.cpp.o)
                0x00004fd8                initiateReset
 .text.cancelReset
                0x00004fe4       0x10 c:\Users\tobiasu\Documents\Atmel Studio\7.0\TTK8-C++\TTK8-C++\build/core\core.a(Reset.cpp.o)
                0x00004fe4                cancelReset
 .text.tickReset
                0x00004ff4       0x74 c:\Users\tobiasu\Documents\Atmel Studio\7.0\TTK8-C++\TTK8-C++\build/core\core.a(Reset.cpp.o)
                0x00004ff4                tickReset
 .text._ZN13PluggableUSB_12getInterfaceEPh
                0x00005068       0x2a c:\Users\tobiasu\Documents\Atmel Studio\7.0\TTK8-C++\TTK8-C++\build/core\core.a(PluggableUSB.cpp.o)
                0x00005068                PluggableUSB_::getInterface(unsigned char*)
 .text._ZN13PluggableUSB_13getDescriptorER8USBSetup
                0x00005092       0x20 c:\Users\tobiasu\Documents\Atmel Studio\7.0\TTK8-C++\TTK8-C++\build/core\core.a(PluggableUSB.cpp.o)
                0x00005092                PluggableUSB_::getDescriptor(USBSetup&)
 .text._ZN13PluggableUSB_12getShortNameEPc
                0x000050b2       0x1e c:\Users\tobiasu\Documents\Atmel Studio\7.0\TTK8-C++\TTK8-C++\build/core\core.a(PluggableUSB.cpp.o)
                0x000050b2                PluggableUSB_::getShortName(char*)
 .text._ZN13PluggableUSB_5setupER8USBSetup
                0x000050d0       0x24 c:\Users\tobiasu\Documents\Atmel Studio\7.0\TTK8-C++\TTK8-C++\build/core\core.a(PluggableUSB.cpp.o)
                0x000050d0                PluggableUSB_::setup(USBSetup&)
 .text._Z12PluggableUSBv
                0x000050f4       0x24 c:\Users\tobiasu\Documents\Atmel Studio\7.0\TTK8-C++\TTK8-C++\build/core\core.a(PluggableUSB.cpp.o)
                0x000050f4                PluggableUSB()
 .text.__fpclassifyd
                0x00005118       0x60 c:/users/tobiasu/appdata/local/arduino15/packages/arduino/tools/arm-none-eabi-gcc/4.8.3-2014q1/bin/../lib/gcc/arm-none-eabi/4.8.3/../../../../arm-none-eabi/lib/armv6-m\libm.a(lib_a-s_fpclassify.o)
                0x00005118                __fpclassifyd
 .text          0x00005178       0x14 c:/users/tobiasu/appdata/local/arduino15/packages/arduino/tools/arm-none-eabi-gcc/4.8.3-2014q1/bin/../lib/gcc/arm-none-eabi/4.8.3/armv6-m\libgcc.a(_thumb1_case_uqi.o)
                0x00005178                __gnu_thumb1_case_uqi
 .text          0x0000518c       0x9c c:/users/tobiasu/appdata/local/arduino15/packages/arduino/tools/arm-none-eabi-gcc/4.8.3-2014q1/bin/../lib/gcc/arm-none-eabi/4.8.3/armv6-m\libgcc.a(_udivsi3.o)
                0x0000518c                __aeabi_uidiv
                0x0000518c                __udivsi3
                0x00005214                __aeabi_uidivmod
 .text          0x00005228       0xc0 c:/users/tobiasu/appdata/local/arduino15/packages/arduino/tools/arm-none-eabi-gcc/4.8.3-2014q1/bin/../lib/gcc/arm-none-eabi/4.8.3/armv6-m\libgcc.a(_divsi3.o)
                0x00005228                __divsi3
                0x00005228                __aeabi_idiv
                0x000052d4                __aeabi_idivmod
 .text          0x000052e8        0x4 c:/users/tobiasu/appdata/local/arduino15/packages/arduino/tools/arm-none-eabi-gcc/4.8.3-2014q1/bin/../lib/gcc/arm-none-eabi/4.8.3/armv6-m\libgcc.a(_dvmd_tls.o)
                0x000052e8                __aeabi_idiv0
                0x000052e8                __aeabi_ldiv0
 .text          0x000052ec       0x7c c:/users/tobiasu/appdata/local/arduino15/packages/arduino/tools/arm-none-eabi-gcc/4.8.3-2014q1/bin/../lib/gcc/arm-none-eabi/4.8.3/armv6-m\libgcc.a(_arm_cmpdf2.o)
                0x000052ec                __aeabi_cdrcmple
                0x000052fc                __aeabi_cdcmple
                0x000052fc                __aeabi_cdcmpeq
                0x0000530c                __aeabi_dcmpeq
                0x00005318                __aeabi_dcmplt
                0x0000532c                __aeabi_dcmple
                0x00005340                __aeabi_dcmpgt
                0x00005354                __aeabi_dcmpge
 .text          0x00005368       0x40 c:/users/tobiasu/appdata/local/arduino15/packages/arduino/tools/arm-none-eabi-gcc/4.8.3-2014q1/bin/../lib/gcc/arm-none-eabi/4.8.3/armv6-m\libgcc.a(_aeabi_uldivmod.o)
                0x00005368                __aeabi_uldivmod
 .text          0x000053a8       0x44 c:/users/tobiasu/appdata/local/arduino15/packages/arduino/tools/arm-none-eabi-gcc/4.8.3-2014q1/bin/../lib/gcc/arm-none-eabi/4.8.3/armv6-m\libgcc.a(_muldi3.o)
                0x000053a8                __muldi3
                0x000053a8                __aeabi_lmul
 .text          0x000053ec       0x6c c:/users/tobiasu/appdata/local/arduino15/packages/arduino/tools/arm-none-eabi-gcc/4.8.3-2014q1/bin/../lib/gcc/arm-none-eabi/4.8.3/armv6-m\libgcc.a(bpabi.o)
                0x000053ec                __gnu_ldivmod_helper
                0x00005424                __gnu_uldivmod_helper
 .text          0x00005458      0x638 c:/users/tobiasu/appdata/local/arduino15/packages/arduino/tools/arm-none-eabi-gcc/4.8.3-2014q1/bin/../lib/gcc/arm-none-eabi/4.8.3/armv6-m\libgcc.a(adddf3.o)
                0x00005458                __aeabi_dadd
 .text          0x00005a90      0x648 c:/users/tobiasu/appdata/local/arduino15/packages/arduino/tools/arm-none-eabi-gcc/4.8.3-2014q1/bin/../lib/gcc/arm-none-eabi/4.8.3/armv6-m\libgcc.a(divdf3.o)
                0x00005a90                __aeabi_ddiv
 .text          0x000060d8       0x94 c:/users/tobiasu/appdata/local/arduino15/packages/arduino/tools/arm-none-eabi-gcc/4.8.3-2014q1/bin/../lib/gcc/arm-none-eabi/4.8.3/armv6-m\libgcc.a(eqdf2.o)
                0x000060d8                __nedf2
                0x000060d8                __eqdf2
 .text          0x0000616c       0xfc c:/users/tobiasu/appdata/local/arduino15/packages/arduino/tools/arm-none-eabi-gcc/4.8.3-2014q1/bin/../lib/gcc/arm-none-eabi/4.8.3/armv6-m\libgcc.a(gedf2.o)
                0x0000616c                __gedf2
                0x0000616c                __gtdf2
 .text          0x00006268       0xfc c:/users/tobiasu/appdata/local/arduino15/packages/arduino/tools/arm-none-eabi-gcc/4.8.3-2014q1/bin/../lib/gcc/arm-none-eabi/4.8.3/armv6-m\libgcc.a(ledf2.o)
                0x00006268                __ledf2
                0x00006268                __ltdf2
 .text          0x00006364      0x520 c:/users/tobiasu/appdata/local/arduino15/packages/arduino/tools/arm-none-eabi-gcc/4.8.3-2014q1/bin/../lib/gcc/arm-none-eabi/4.8.3/armv6-m\libgcc.a(muldf3.o)
                0x00006364                __aeabi_dmul
 .text          0x00006884      0x654 c:/users/tobiasu/appdata/local/arduino15/packages/arduino/tools/arm-none-eabi-gcc/4.8.3-2014q1/bin/../lib/gcc/arm-none-eabi/4.8.3/armv6-m\libgcc.a(subdf3.o)
                0x00006884                __aeabi_dsub
 .text          0x00006ed8       0x68 c:/users/tobiasu/appdata/local/arduino15/packages/arduino/tools/arm-none-eabi-gcc/4.8.3-2014q1/bin/../lib/gcc/arm-none-eabi/4.8.3/armv6-m\libgcc.a(fixdfsi.o)
                0x00006ed8                __aeabi_d2iz
 .text          0x00006f40       0x68 c:/users/tobiasu/appdata/local/arduino15/packages/arduino/tools/arm-none-eabi-gcc/4.8.3-2014q1/bin/../lib/gcc/arm-none-eabi/4.8.3/armv6-m\libgcc.a(floatunsidf.o)
                0x00006f40                __aeabi_ui2d
 .text          0x00006fa8       0x3c c:/users/tobiasu/appdata/local/arduino15/packages/arduino/tools/arm-none-eabi-gcc/4.8.3-2014q1/bin/../lib/gcc/arm-none-eabi/4.8.3/armv6-m\libgcc.a(_clzsi2.o)
                0x00006fa8                __clzsi2
 .text          0x00006fe4      0x3b8 c:/users/tobiasu/appdata/local/arduino15/packages/arduino/tools/arm-none-eabi-gcc/4.8.3-2014q1/bin/../lib/gcc/arm-none-eabi/4.8.3/armv6-m\libgcc.a(_divdi3.o)
                0x00006fe4                __divdi3
 .text          0x0000739c      0x384 c:/users/tobiasu/appdata/local/arduino15/packages/arduino/tools/arm-none-eabi-gcc/4.8.3-2014q1/bin/../lib/gcc/arm-none-eabi/4.8.3/armv6-m\libgcc.a(_udivdi3.o)
                0x0000739c                __udivdi3
 .text.atol     0x00007720        0xc c:/users/tobiasu/appdata/local/arduino15/packages/arduino/tools/arm-none-eabi-gcc/4.8.3-2014q1/bin/../lib/gcc/arm-none-eabi/4.8.3/../../../../arm-none-eabi/lib/armv6-m\libc_s.a(lib_a-atol.o)
                0x00007720                atol
 .text.__libc_init_array
                0x0000772c       0x4c c:/users/tobiasu/appdata/local/arduino15/packages/arduino/tools/arm-none-eabi-gcc/4.8.3-2014q1/bin/../lib/gcc/arm-none-eabi/4.8.3/../../../../arm-none-eabi/lib/armv6-m\libc_s.a(lib_a-init.o)
                0x0000772c                __libc_init_array
 .text.isspace  0x00007778       0x14 c:/users/tobiasu/appdata/local/arduino15/packages/arduino/tools/arm-none-eabi-gcc/4.8.3-2014q1/bin/../lib/gcc/arm-none-eabi/4.8.3/../../../../arm-none-eabi/lib/armv6-m\libc_s.a(lib_a-isspace.o)
                0x00007778                isspace
 .text.malloc   0x0000778c       0x14 c:/users/tobiasu/appdata/local/arduino15/packages/arduino/tools/arm-none-eabi-gcc/4.8.3-2014q1/bin/../lib/gcc/arm-none-eabi/4.8.3/../../../../arm-none-eabi/lib/armv6-m\libc_s.a(lib_a-malloc.o)
                0x0000778c                malloc
 .text.free     0x000077a0       0x14 c:/users/tobiasu/appdata/local/arduino15/packages/arduino/tools/arm-none-eabi-gcc/4.8.3-2014q1/bin/../lib/gcc/arm-none-eabi/4.8.3/../../../../arm-none-eabi/lib/armv6-m\libc_s.a(lib_a-malloc.o)
                0x000077a0                free
 .text.memcpy   0x000077b4       0x12 c:/users/tobiasu/appdata/local/arduino15/packages/arduino/tools/arm-none-eabi-gcc/4.8.3-2014q1/bin/../lib/gcc/arm-none-eabi/4.8.3/../../../../arm-none-eabi/lib/armv6-m\libc_s.a(lib_a-memcpy-stub.o)
                0x000077b4                memcpy
 .text.memmove  0x000077c6       0x32 c:/users/tobiasu/appdata/local/arduino15/packages/arduino/tools/arm-none-eabi-gcc/4.8.3-2014q1/bin/../lib/gcc/arm-none-eabi/4.8.3/../../../../arm-none-eabi/lib/armv6-m\libc_s.a(lib_a-memmove.o)
                0x000077c6                memmove
 .text.memset   0x000077f8       0x10 c:/users/tobiasu/appdata/local/arduino15/packages/arduino/tools/arm-none-eabi-gcc/4.8.3-2014q1/bin/../lib/gcc/arm-none-eabi/4.8.3/../../../../arm-none-eabi/lib/armv6-m\libc_s.a(lib_a-memset.o)
                0x000077f8                memset
 .text._free_r  0x00007808       0x90 c:/users/tobiasu/appdata/local/arduino15/packages/arduino/tools/arm-none-eabi-gcc/4.8.3-2014q1/bin/../lib/gcc/arm-none-eabi/4.8.3/../../../../arm-none-eabi/lib/armv6-m\libc_s.a(lib_a-nano-freer.o)
                0x00007808                _free_r
 .text._malloc_r
                0x00007898       0xa8 c:/users/tobiasu/appdata/local/arduino15/packages/arduino/tools/arm-none-eabi-gcc/4.8.3-2014q1/bin/../lib/gcc/arm-none-eabi/4.8.3/../../../../arm-none-eabi/lib/armv6-m\libc_s.a(lib_a-nano-mallocr.o)
                0x00007898                _malloc_r
 .text.realloc  0x00007940       0x18 c:/users/tobiasu/appdata/local/arduino15/packages/arduino/tools/arm-none-eabi-gcc/4.8.3-2014q1/bin/../lib/gcc/arm-none-eabi/4.8.3/../../../../arm-none-eabi/lib/armv6-m\libc_s.a(lib_a-realloc.o)
                0x00007940                realloc
 .text._sbrk_r  0x00007958       0x24 c:/users/tobiasu/appdata/local/arduino15/packages/arduino/tools/arm-none-eabi-gcc/4.8.3-2014q1/bin/../lib/gcc/arm-none-eabi/4.8.3/../../../../arm-none-eabi/lib/armv6-m\libc_s.a(lib_a-sbrkr.o)
                0x00007958                _sbrk_r
 .text.sprintf  0x0000797c       0x44 c:/users/tobiasu/appdata/local/arduino15/packages/arduino/tools/arm-none-eabi-gcc/4.8.3-2014q1/bin/../lib/gcc/arm-none-eabi/4.8.3/../../../../arm-none-eabi/lib/armv6-m\libc_s.a(lib_a-sprintf.o)
                0x0000797c                siprintf
                0x0000797c                sprintf
 .text.sscanf   0x000079c0       0x50 c:/users/tobiasu/appdata/local/arduino15/packages/arduino/tools/arm-none-eabi-gcc/4.8.3-2014q1/bin/../lib/gcc/arm-none-eabi/4.8.3/../../../../arm-none-eabi/lib/armv6-m\libc_s.a(lib_a-sscanf.o)
                0x000079c0                siscanf
                0x000079c0                sscanf
 .text.__seofread
                0x00007a10        0x4 c:/users/tobiasu/appdata/local/arduino15/packages/arduino/tools/arm-none-eabi-gcc/4.8.3-2014q1/bin/../lib/gcc/arm-none-eabi/4.8.3/../../../../arm-none-eabi/lib/armv6-m\libc_s.a(lib_a-stdio.o)
                0x00007a10                __seofread
 .text.strchr   0x00007a14       0x18 c:/users/tobiasu/appdata/local/arduino15/packages/arduino/tools/arm-none-eabi-gcc/4.8.3-2014q1/bin/../lib/gcc/arm-none-eabi/4.8.3/../../../../arm-none-eabi/lib/armv6-m\libc_s.a(lib_a-strchr.o)
                0x00007a14                strchr
 .text          0x00007a2c       0x14 c:/users/tobiasu/appdata/local/arduino15/packages/arduino/tools/arm-none-eabi-gcc/4.8.3-2014q1/bin/../lib/gcc/arm-none-eabi/4.8.3/../../../../arm-none-eabi/lib/armv6-m\libc_s.a(lib_a-strcmp.o)
                0x00007a2c                strcmp
 .text.strcpy   0x00007a40       0x10 c:/users/tobiasu/appdata/local/arduino15/packages/arduino/tools/arm-none-eabi-gcc/4.8.3-2014q1/bin/../lib/gcc/arm-none-eabi/4.8.3/../../../../arm-none-eabi/lib/armv6-m\libc_s.a(lib_a-strcpy.o)
                0x00007a40                strcpy
 .text.strlen   0x00007a50        0xe c:/users/tobiasu/appdata/local/arduino15/packages/arduino/tools/arm-none-eabi-gcc/4.8.3-2014q1/bin/../lib/gcc/arm-none-eabi/4.8.3/../../../../arm-none-eabi/lib/armv6-m\libc_s.a(lib_a-strlen.o)
                0x00007a50                strlen
 .text.strncmp  0x00007a5e       0x2c c:/users/tobiasu/appdata/local/arduino15/packages/arduino/tools/arm-none-eabi-gcc/4.8.3-2014q1/bin/../lib/gcc/arm-none-eabi/4.8.3/../../../../arm-none-eabi/lib/armv6-m\libc_s.a(lib_a-strncmp.o)
                0x00007a5e                strncmp
 *fill*         0x00007a8a        0x2 
 .text._strtol_r
                0x00007a8c      0x114 c:/users/tobiasu/appdata/local/arduino15/packages/arduino/tools/arm-none-eabi-gcc/4.8.3-2014q1/bin/../lib/gcc/arm-none-eabi/4.8.3/../../../../arm-none-eabi/lib/armv6-m\libc_s.a(lib_a-strtol.o)
                0x00007a8c                _strtol_r
 .text.strtol   0x00007ba0       0x1c c:/users/tobiasu/appdata/local/arduino15/packages/arduino/tools/arm-none-eabi-gcc/4.8.3-2014q1/bin/../lib/gcc/arm-none-eabi/4.8.3/../../../../arm-none-eabi/lib/armv6-m\libc_s.a(lib_a-strtol.o)
                0x00007ba0                strtol
 .text._strtoul_r
                0x00007bbc       0xf8 c:/users/tobiasu/appdata/local/arduino15/packages/arduino/tools/arm-none-eabi-gcc/4.8.3-2014q1/bin/../lib/gcc/arm-none-eabi/4.8.3/../../../../arm-none-eabi/lib/armv6-m\libc_s.a(lib_a-strtoul.o)
                0x00007bbc                _strtoul_r
 .text.__ssputs_r
                0x00007cb4       0xc0 c:/users/tobiasu/appdata/local/arduino15/packages/arduino/tools/arm-none-eabi-gcc/4.8.3-2014q1/bin/../lib/gcc/arm-none-eabi/4.8.3/../../../../arm-none-eabi/lib/armv6-m\libc_s.a(lib_a-svfprintf.o)
                0x00007cb4                __ssputs_r
 .text._svfprintf_r
                0x00007d74      0x1e0 c:/users/tobiasu/appdata/local/arduino15/packages/arduino/tools/arm-none-eabi-gcc/4.8.3-2014q1/bin/../lib/gcc/arm-none-eabi/4.8.3/../../../../arm-none-eabi/lib/armv6-m\libc_s.a(lib_a-svfprintf.o)
                0x00007d74                _svfiprintf_r
                0x00007d74                _svfprintf_r
 .text._sungetc_r
                0x00007f54       0x7a c:/users/tobiasu/appdata/local/arduino15/packages/arduino/tools/arm-none-eabi-gcc/4.8.3-2014q1/bin/../lib/gcc/arm-none-eabi/4.8.3/../../../../arm-none-eabi/lib/armv6-m\libc_s.a(lib_a-svfscanf.o)
                0x00007f54                _sungetc_r
 .text.__ssrefill_r
                0x00007fce       0x3e c:/users/tobiasu/appdata/local/arduino15/packages/arduino/tools/arm-none-eabi-gcc/4.8.3-2014q1/bin/../lib/gcc/arm-none-eabi/4.8.3/../../../../arm-none-eabi/lib/armv6-m\libc_s.a(lib_a-svfscanf.o)
                0x00007fce                __ssrefill_r
 .text.__ssvfscanf_r
                0x0000800c      0x2b0 c:/users/tobiasu/appdata/local/arduino15/packages/arduino/tools/arm-none-eabi-gcc/4.8.3-2014q1/bin/../lib/gcc/arm-none-eabi/4.8.3/../../../../arm-none-eabi/lib/armv6-m\libc_s.a(lib_a-svfscanf.o)
                0x0000800c                __ssvfiscanf_r
                0x0000800c                __ssvfscanf_r
 .text.__submore
                0x000082bc       0x7c c:/users/tobiasu/appdata/local/arduino15/packages/arduino/tools/arm-none-eabi-gcc/4.8.3-2014q1/bin/../lib/gcc/arm-none-eabi/4.8.3/../../../../arm-none-eabi/lib/armv6-m\libc_s.a(lib_a-ungetc.o)
                0x000082bc                __submore
 .text.__cvt    0x00008338       0xd0 c:/users/tobiasu/appdata/local/arduino15/packages/arduino/tools/arm-none-eabi-gcc/4.8.3-2014q1/bin/../lib/gcc/arm-none-eabi/4.8.3/../../../../arm-none-eabi/lib/armv6-m\libc_s.a(lib_a-vfprintf_float.o)
                0x00008338                __cvt
 .text.__exponent
                0x00008408       0x6a c:/users/tobiasu/appdata/local/arduino15/packages/arduino/tools/arm-none-eabi-gcc/4.8.3-2014q1/bin/../lib/gcc/arm-none-eabi/4.8.3/../../../../arm-none-eabi/lib/armv6-m\libc_s.a(lib_a-vfprintf_float.o)
                0x00008408                __exponent
 *fill*         0x00008472        0x6 
 .text._printf_float
                0x00008478      0x458 c:/users/tobiasu/appdata/local/arduino15/packages/arduino/tools/arm-none-eabi-gcc/4.8.3-2014q1/bin/../lib/gcc/arm-none-eabi/4.8.3/../../../../arm-none-eabi/lib/armv6-m\libc_s.a(lib_a-vfprintf_float.o)
                0x00008478                _printf_float
 .text._printf_common
                0x000088d0       0xe8 c:/users/tobiasu/appdata/local/arduino15/packages/arduino/tools/arm-none-eabi-gcc/4.8.3-2014q1/bin/../lib/gcc/arm-none-eabi/4.8.3/../../../../arm-none-eabi/lib/armv6-m\libc_s.a(lib_a-vfprintf_i.o)
                0x000088d0                _printf_common
 .text._printf_i
                0x000089b8      0x22c c:/users/tobiasu/appdata/local/arduino15/packages/arduino/tools/arm-none-eabi-gcc/4.8.3-2014q1/bin/../lib/gcc/arm-none-eabi/4.8.3/../../../../arm-none-eabi/lib/armv6-m\libc_s.a(lib_a-vfprintf_i.o)
                0x000089b8                _printf_i
 .text._scanf_chars
                0x00008be4       0xc8 c:/users/tobiasu/appdata/local/arduino15/packages/arduino/tools/arm-none-eabi-gcc/4.8.3-2014q1/bin/../lib/gcc/arm-none-eabi/4.8.3/../../../../arm-none-eabi/lib/armv6-m\libc_s.a(lib_a-vfscanf_i.o)
                0x00008be4                _scanf_chars
 .text._scanf_i
                0x00008cac      0x1fc c:/users/tobiasu/appdata/local/arduino15/packages/arduino/tools/arm-none-eabi-gcc/4.8.3-2014q1/bin/../lib/gcc/arm-none-eabi/4.8.3/../../../../arm-none-eabi/lib/armv6-m\libc_s.a(lib_a-vfscanf_i.o)
                0x00008cac                _scanf_i
 .text.quorem   0x00008ea8      0x118 c:/users/tobiasu/appdata/local/arduino15/packages/arduino/tools/arm-none-eabi-gcc/4.8.3-2014q1/bin/../lib/gcc/arm-none-eabi/4.8.3/../../../../arm-none-eabi/lib/armv6-m\libc_s.a(lib_a-dtoa.o)
 .text._dtoa_r  0x00008fc0      0xbb8 c:/users/tobiasu/appdata/local/arduino15/packages/arduino/tools/arm-none-eabi-gcc/4.8.3-2014q1/bin/../lib/gcc/arm-none-eabi/4.8.3/../../../../arm-none-eabi/lib/armv6-m\libc_s.a(lib_a-dtoa.o)
                0x00008fc0                _dtoa_r
 .text._localeconv_r
                0x00009b78        0x8 c:/users/tobiasu/appdata/local/arduino15/packages/arduino/tools/arm-none-eabi-gcc/4.8.3-2014q1/bin/../lib/gcc/arm-none-eabi/4.8.3/../../../../arm-none-eabi/lib/armv6-m\libc_s.a(lib_a-locale.o)
                0x00009b78                _localeconv_r
 .text.memchr   0x00009b80       0x16 c:/users/tobiasu/appdata/local/arduino15/packages/arduino/tools/arm-none-eabi-gcc/4.8.3-2014q1/bin/../lib/gcc/arm-none-eabi/4.8.3/../../../../arm-none-eabi/lib/armv6-m\libc_s.a(lib_a-memchr-stub.o)
                0x00009b80                memchr
 .text._Balloc  0x00009b96       0x70 c:/users/tobiasu/appdata/local/arduino15/packages/arduino/tools/arm-none-eabi-gcc/4.8.3-2014q1/bin/../lib/gcc/arm-none-eabi/4.8.3/../../../../arm-none-eabi/lib/armv6-m\libc_s.a(lib_a-mprec.o)
                0x00009b96                _Balloc
 .text._Bfree   0x00009c06       0x32 c:/users/tobiasu/appdata/local/arduino15/packages/arduino/tools/arm-none-eabi-gcc/4.8.3-2014q1/bin/../lib/gcc/arm-none-eabi/4.8.3/../../../../arm-none-eabi/lib/armv6-m\libc_s.a(lib_a-mprec.o)
                0x00009c06                _Bfree
 .text.__multadd
                0x00009c38       0x7c c:/users/tobiasu/appdata/local/arduino15/packages/arduino/tools/arm-none-eabi-gcc/4.8.3-2014q1/bin/../lib/gcc/arm-none-eabi/4.8.3/../../../../arm-none-eabi/lib/armv6-m\libc_s.a(lib_a-mprec.o)
                0x00009c38                __multadd
 .text.__hi0bits
                0x00009cb4       0x38 c:/users/tobiasu/appdata/local/arduino15/packages/arduino/tools/arm-none-eabi-gcc/4.8.3-2014q1/bin/../lib/gcc/arm-none-eabi/4.8.3/../../../../arm-none-eabi/lib/armv6-m\libc_s.a(lib_a-mprec.o)
                0x00009cb4                __hi0bits
 .text.__lo0bits
                0x00009cec       0x5a c:/users/tobiasu/appdata/local/arduino15/packages/arduino/tools/arm-none-eabi-gcc/4.8.3-2014q1/bin/../lib/gcc/arm-none-eabi/4.8.3/../../../../arm-none-eabi/lib/armv6-m\libc_s.a(lib_a-mprec.o)
                0x00009cec                __lo0bits
 .text.__i2b    0x00009d46       0x12 c:/users/tobiasu/appdata/local/arduino15/packages/arduino/tools/arm-none-eabi-gcc/4.8.3-2014q1/bin/../lib/gcc/arm-none-eabi/4.8.3/../../../../arm-none-eabi/lib/armv6-m\libc_s.a(lib_a-mprec.o)
                0x00009d46                __i2b
 .text.__multiply
                0x00009d58      0x11e c:/users/tobiasu/appdata/local/arduino15/packages/arduino/tools/arm-none-eabi-gcc/4.8.3-2014q1/bin/../lib/gcc/arm-none-eabi/4.8.3/../../../../arm-none-eabi/lib/armv6-m\libc_s.a(lib_a-mprec.o)
                0x00009d58                __multiply
 *fill*         0x00009e76        0x2 
 .text.__pow5mult
                0x00009e78       0xa4 c:/users/tobiasu/appdata/local/arduino15/packages/arduino/tools/arm-none-eabi-gcc/4.8.3-2014q1/bin/../lib/gcc/arm-none-eabi/4.8.3/../../../../arm-none-eabi/lib/armv6-m\libc_s.a(lib_a-mprec.o)
                0x00009e78                __pow5mult
 .text.__lshift
                0x00009f1c       0xa4 c:/users/tobiasu/appdata/local/arduino15/packages/arduino/tools/arm-none-eabi-gcc/4.8.3-2014q1/bin/../lib/gcc/arm-none-eabi/4.8.3/../../../../arm-none-eabi/lib/armv6-m\libc_s.a(lib_a-mprec.o)
                0x00009f1c                __lshift
 .text.__mcmp   0x00009fc0       0x36 c:/users/tobiasu/appdata/local/arduino15/packages/arduino/tools/arm-none-eabi-gcc/4.8.3-2014q1/bin/../lib/gcc/arm-none-eabi/4.8.3/../../../../arm-none-eabi/lib/armv6-m\libc_s.a(lib_a-mprec.o)
                0x00009fc0                __mcmp
 .text.__mdiff  0x00009ff6       0xcc c:/users/tobiasu/appdata/local/arduino15/packages/arduino/tools/arm-none-eabi-gcc/4.8.3-2014q1/bin/../lib/gcc/arm-none-eabi/4.8.3/../../../../arm-none-eabi/lib/armv6-m\libc_s.a(lib_a-mprec.o)
                0x00009ff6                __mdiff
 *fill*         0x0000a0c2        0x2 
 .text.__d2b    0x0000a0c4       0xb0 c:/users/tobiasu/appdata/local/arduino15/packages/arduino/tools/arm-none-eabi-gcc/4.8.3-2014q1/bin/../lib/gcc/arm-none-eabi/4.8.3/../../../../arm-none-eabi/lib/armv6-m\libc_s.a(lib_a-mprec.o)
                0x0000a0c4                __d2b
 .text._calloc_r
                0x0000a174       0x1c c:/users/tobiasu/appdata/local/arduino15/packages/arduino/tools/arm-none-eabi-gcc/4.8.3-2014q1/bin/../lib/gcc/arm-none-eabi/4.8.3/../../../../arm-none-eabi/lib/armv6-m\libc_s.a(lib_a-nano-callocr.o)
                0x0000a174                _calloc_r
 .text._realloc_r
                0x0000a190       0x4c c:/users/tobiasu/appdata/local/arduino15/packages/arduino/tools/arm-none-eabi-gcc/4.8.3-2014q1/bin/../lib/gcc/arm-none-eabi/4.8.3/../../../../arm-none-eabi/lib/armv6-m\libc_s.a(lib_a-nano-reallocr.o)
                0x0000a190                _realloc_r
 .text.__sccl   0x0000a1dc       0x66 c:/users/tobiasu/appdata/local/arduino15/packages/arduino/tools/arm-none-eabi-gcc/4.8.3-2014q1/bin/../lib/gcc/arm-none-eabi/4.8.3/../../../../arm-none-eabi/lib/armv6-m\libc_s.a(lib_a-sccl.o)
                0x0000a1dc                __sccl
 .text._malloc_usable_size_r
                0x0000a242       0x12 c:/users/tobiasu/appdata/local/arduino15/packages/arduino/tools/arm-none-eabi-gcc/4.8.3-2014q1/bin/../lib/gcc/arm-none-eabi/4.8.3/../../../../arm-none-eabi/lib/armv6-m\libc_s.a(lib_a-nano-msizer.o)
                0x0000a242                _malloc_usable_size_r
 .text          0x0000a254       0x7c c:/users/tobiasu/appdata/local/arduino15/packages/arduino/tools/arm-none-eabi-gcc/4.8.3-2014q1/bin/../lib/gcc/arm-none-eabi/4.8.3/armv6-m\libgcc.a(floatsidf.o)
                0x0000a254                __aeabi_i2d
 .text._sbrk    0x0000a2d0       0x34 c:/users/tobiasu/appdata/local/arduino15/packages/arduino/tools/arm-none-eabi-gcc/4.8.3-2014q1/bin/../lib/gcc/arm-none-eabi/4.8.3/../../../../arm-none-eabi/lib/armv6-m\libnosys.a(sbrk.o)
                0x0000a2d0                _sbrk
 *(.init)
 .init          0x0000a304        0x4 c:/users/tobiasu/appdata/local/arduino15/packages/arduino/tools/arm-none-eabi-gcc/4.8.3-2014q1/bin/../lib/gcc/arm-none-eabi/4.8.3/armv6-m/crti.o
                0x0000a304                _init
 .init          0x0000a308        0x8 c:/users/tobiasu/appdata/local/arduino15/packages/arduino/tools/arm-none-eabi-gcc/4.8.3-2014q1/bin/../lib/gcc/arm-none-eabi/4.8.3/armv6-m/crtn.o
 *(.fini)
 .fini          0x0000a310        0x4 c:/users/tobiasu/appdata/local/arduino15/packages/arduino/tools/arm-none-eabi-gcc/4.8.3-2014q1/bin/../lib/gcc/arm-none-eabi/4.8.3/armv6-m/crti.o
                0x0000a310                _fini
 .fini          0x0000a314        0x8 c:/users/tobiasu/appdata/local/arduino15/packages/arduino/tools/arm-none-eabi-gcc/4.8.3-2014q1/bin/../lib/gcc/arm-none-eabi/4.8.3/armv6-m/crtn.o
 *crtbegin.o(.ctors)
 *crtbegin?.o(.ctors)
 *(EXCLUDE_FILE(*crtend.o *crtend?.o) .ctors)
 *(SORT(.ctors.*))
 *(.ctors)
 *crtbegin.o(.dtors)
 *crtbegin?.o(.dtors)
 *(EXCLUDE_FILE(*crtend.o *crtend?.o) .dtors)
 *(SORT(.dtors.*))
 *(.dtors)
 *(.rodata*)
 .rodata.str1.1
                0x0000a31c       0x46 c:\Users\tobiasu\Documents\Atmel Studio\7.0\TTK8-C++\TTK8-C++\build\sketch\Sodaq_dummy.ino.cpp.o
                                 0x47 (size before relaxing)
 .rodata.str1.1
                0x0000a362      0x4fb c:\Users\tobiasu\Documents\Atmel Studio\7.0\TTK8-C++\TTK8-C++\build\sketch\rn2xx3.cpp.o
                                0x50a (size before relaxing)
 *fill*         0x0000a85d        0x3 
 .rodata.g_APinDescription
                0x0000a860      0x4c8 c:\Users\tobiasu\Documents\Atmel Studio\7.0\TTK8-C++\TTK8-C++\build\core\variant.cpp.o
                0x0000a860                g_APinDescription
 .rodata.str1.1
                0x0000ad28        0xf c:\Users\tobiasu\Documents\Atmel Studio\7.0\TTK8-C++\TTK8-C++\build/core\core.a(Print.cpp.o)
 .rodata.str1.1
                0x00000000        0x1 c:\Users\tobiasu\Documents\Atmel Studio\7.0\TTK8-C++\TTK8-C++\build/core\core.a(Stream.cpp.o)
 *fill*         0x0000ad37        0x1 
 .rodata._ZTV7Serial_
                0x0000ad38       0x28 c:\Users\tobiasu\Documents\Atmel Studio\7.0\TTK8-C++\TTK8-C++\build/core\core.a(CDC.cpp.o)
                0x0000ad38                vtable for Serial_
 .rodata._ZTV26DoubleBufferedEPOutHandler
                0x0000ad60       0x18 c:\Users\tobiasu\Documents\Atmel Studio\7.0\TTK8-C++\TTK8-C++\build/core\core.a(USBCore.cpp.o)
                0x0000ad60                vtable for DoubleBufferedEPOutHandler
 .rodata._ZL19STRING_MANUFACTURER
                0x0000ad78        0xc c:\Users\tobiasu\Documents\Atmel Studio\7.0\TTK8-C++\TTK8-C++\build/core\core.a(USBCore.cpp.o)
 .rodata._ZL15STRING_LANGUAGE
                0x0000ad84        0x4 c:\Users\tobiasu\Documents\Atmel Studio\7.0\TTK8-C++\TTK8-C++\build/core\core.a(USBCore.cpp.o)
 .rodata._ZL21USB_DeviceDescriptorB
                0x0000ad88       0x12 c:\Users\tobiasu\Documents\Atmel Studio\7.0\TTK8-C++\TTK8-C++\build/core\core.a(USBCore.cpp.o)
 .rodata._ZL14STRING_PRODUCT
                0x0000ad9a        0xa c:\Users\tobiasu\Documents\Atmel Studio\7.0\TTK8-C++\TTK8-C++\build/core\core.a(USBCore.cpp.o)
 *fill*         0x0000ada4        0x4 
 .rodata._ZTV4Uart
                0x0000ada8       0x38 c:\Users\tobiasu\Documents\Atmel Studio\7.0\TTK8-C++\TTK8-C++\build/core\core.a(Uart.cpp.o)
                0x0000ada8                vtable for Uart
 .rodata.str1.1
                0x00000000        0x1 c:\Users\tobiasu\Documents\Atmel Studio\7.0\TTK8-C++\TTK8-C++\build/core\core.a(WString.cpp.o)
 .rodata        0x0000ade0       0x40 c:/users/tobiasu/appdata/local/arduino15/packages/arduino/tools/arm-none-eabi-gcc/4.8.3-2014q1/bin/../lib/gcc/arm-none-eabi/4.8.3/armv6-m\libgcc.a(divdf3.o)
 .rodata        0x0000ae20       0x40 c:/users/tobiasu/appdata/local/arduino15/packages/arduino/tools/arm-none-eabi-gcc/4.8.3-2014q1/bin/../lib/gcc/arm-none-eabi/4.8.3/armv6-m\libgcc.a(muldf3.o)
 .rodata.str1.1
                0x0000ae60        0x2 c:/users/tobiasu/appdata/local/arduino15/packages/arduino/tools/arm-none-eabi-gcc/4.8.3-2014q1/bin/../lib/gcc/arm-none-eabi/4.8.3/../../../../arm-none-eabi/lib/armv6-m\libc_s.a(lib_a-impure.o)
 .rodata.str1.1
                0x0000ae62       0x11 c:/users/tobiasu/appdata/local/arduino15/packages/arduino/tools/arm-none-eabi-gcc/4.8.3-2014q1/bin/../lib/gcc/arm-none-eabi/4.8.3/../../../../arm-none-eabi/lib/armv6-m\libc_s.a(lib_a-svfprintf.o)
 .rodata.str1.1
                0x00000000        0x4 c:/users/tobiasu/appdata/local/arduino15/packages/arduino/tools/arm-none-eabi-gcc/4.8.3-2014q1/bin/../lib/gcc/arm-none-eabi/4.8.3/../../../../arm-none-eabi/lib/armv6-m\libc_s.a(lib_a-svfscanf.o)
 .rodata.str1.1
                0x0000ae73        0x8 c:/users/tobiasu/appdata/local/arduino15/packages/arduino/tools/arm-none-eabi-gcc/4.8.3-2014q1/bin/../lib/gcc/arm-none-eabi/4.8.3/../../../../arm-none-eabi/lib/armv6-m\libc_s.a(lib_a-vfprintf_float.o)
                                 0x12 (size before relaxing)
 .rodata.str1.1
                0x0000ae7b       0x22 c:/users/tobiasu/appdata/local/arduino15/packages/arduino/tools/arm-none-eabi-gcc/4.8.3-2014q1/bin/../lib/gcc/arm-none-eabi/4.8.3/../../../../arm-none-eabi/lib/armv6-m\libc_s.a(lib_a-vfprintf_i.o)
 *fill*         0x0000ae9d        0x3 
 .rodata        0x0000aea0        0xc c:/users/tobiasu/appdata/local/arduino15/packages/arduino/tools/arm-none-eabi-gcc/4.8.3-2014q1/bin/../lib/gcc/arm-none-eabi/4.8.3/../../../../arm-none-eabi/lib/armv6-m\libc_s.a(lib_a-vfscanf_i.o)
 .rodata.str1.1
                0x0000aeac       0x18 c:/users/tobiasu/appdata/local/arduino15/packages/arduino/tools/arm-none-eabi-gcc/4.8.3-2014q1/bin/../lib/gcc/arm-none-eabi/4.8.3/../../../../arm-none-eabi/lib/armv6-m\libc_s.a(lib_a-vfscanf_i.o)
                                 0x1b (size before relaxing)
 .rodata._ctype_
                0x0000aec4      0x101 c:/users/tobiasu/appdata/local/arduino15/packages/arduino/tools/arm-none-eabi-gcc/4.8.3-2014q1/bin/../lib/gcc/arm-none-eabi/4.8.3/../../../../arm-none-eabi/lib/armv6-m\libc_s.a(lib_a-ctype_.o)
                0x0000aec4                _ctype_
 .rodata.str1.1
                0x0000afc5        0xd c:/users/tobiasu/appdata/local/arduino15/packages/arduino/tools/arm-none-eabi-gcc/4.8.3-2014q1/bin/../lib/gcc/arm-none-eabi/4.8.3/../../../../arm-none-eabi/lib/armv6-m\libc_s.a(lib_a-dtoa.o)
                                  0xf (size before relaxing)
 *fill*         0x0000afd2        0x2 
 .rodata.__sf_fake_stdin
                0x0000afd4       0x20 c:/users/tobiasu/appdata/local/arduino15/packages/arduino/tools/arm-none-eabi-gcc/4.8.3-2014q1/bin/../lib/gcc/arm-none-eabi/4.8.3/../../../../arm-none-eabi/lib/armv6-m\libc_s.a(lib_a-findfp.o)
                0x0000afd4                __sf_fake_stdin
 .rodata.__sf_fake_stdout
                0x0000aff4       0x20 c:/users/tobiasu/appdata/local/arduino15/packages/arduino/tools/arm-none-eabi-gcc/4.8.3-2014q1/bin/../lib/gcc/arm-none-eabi/4.8.3/../../../../arm-none-eabi/lib/armv6-m\libc_s.a(lib_a-findfp.o)
                0x0000aff4                __sf_fake_stdout
 .rodata.__sf_fake_stderr
                0x0000b014       0x20 c:/users/tobiasu/appdata/local/arduino15/packages/arduino/tools/arm-none-eabi-gcc/4.8.3-2014q1/bin/../lib/gcc/arm-none-eabi/4.8.3/../../../../arm-none-eabi/lib/armv6-m\libc_s.a(lib_a-findfp.o)
                0x0000b014                __sf_fake_stderr
 .rodata.str1.1
                0x0000b034        0x8 c:/users/tobiasu/appdata/local/arduino15/packages/arduino/tools/arm-none-eabi-gcc/4.8.3-2014q1/bin/../lib/gcc/arm-none-eabi/4.8.3/../../../../arm-none-eabi/lib/armv6-m\libc_s.a(lib_a-locale.o)
                                  0xb (size before relaxing)
 *fill*         0x0000b03c        0x4 
 .rodata.__mprec_tens
                0x0000b040       0xc8 c:/users/tobiasu/appdata/local/arduino15/packages/arduino/tools/arm-none-eabi-gcc/4.8.3-2014q1/bin/../lib/gcc/arm-none-eabi/4.8.3/../../../../arm-none-eabi/lib/armv6-m\libc_s.a(lib_a-mprec.o)
                0x0000b040                __mprec_tens
 .rodata.__mprec_bigtens
                0x0000b108       0x28 c:/users/tobiasu/appdata/local/arduino15/packages/arduino/tools/arm-none-eabi-gcc/4.8.3-2014q1/bin/../lib/gcc/arm-none-eabi/4.8.3/../../../../arm-none-eabi/lib/armv6-m\libc_s.a(lib_a-mprec.o)
                0x0000b108                __mprec_bigtens
 .rodata.p05.5278
                0x0000b130        0xc c:/users/tobiasu/appdata/local/arduino15/packages/arduino/tools/arm-none-eabi-gcc/4.8.3-2014q1/bin/../lib/gcc/arm-none-eabi/4.8.3/../../../../arm-none-eabi/lib/armv6-m\libc_s.a(lib_a-mprec.o)
 *(.sodaq_keep)
 *(.eh_frame*)
 .eh_frame      0x0000b13c        0x0 c:/users/tobiasu/appdata/local/arduino15/packages/arduino/tools/arm-none-eabi-gcc/4.8.3-2014q1/bin/../lib/gcc/arm-none-eabi/4.8.3/armv6-m/crtbegin.o
 .eh_frame      0x0000b13c        0x4 c:/users/tobiasu/appdata/local/arduino15/packages/arduino/tools/arm-none-eabi-gcc/4.8.3-2014q1/bin/../lib/gcc/arm-none-eabi/4.8.3/armv6-m/crtend.o

.glue_7         0x0000b140        0x0
 .glue_7        0x00000000        0x0 linker stubs

.glue_7t        0x0000b140        0x0
 .glue_7t       0x00000000        0x0 linker stubs

.vfp11_veneer   0x0000b140        0x0
 .vfp11_veneer  0x00000000        0x0 linker stubs

.v4_bx          0x0000b140        0x0
 .v4_bx         0x00000000        0x0 linker stubs

.iplt           0x0000b140        0x0
 .iplt          0x00000000        0x0 c:/users/tobiasu/appdata/local/arduino15/packages/arduino/tools/arm-none-eabi-gcc/4.8.3-2014q1/bin/../lib/gcc/arm-none-eabi/4.8.3/armv6-m/crtbegin.o

.ARM.extab
 *(.ARM.extab* .gnu.linkonce.armextab.*)
                0x0000b140                __exidx_start = .

.ARM.exidx      0x0000b140        0x8
 *(.ARM.exidx* .gnu.linkonce.armexidx.*)
 .ARM.exidx     0x0000b140        0x8 c:/users/tobiasu/appdata/local/arduino15/packages/arduino/tools/arm-none-eabi-gcc/4.8.3-2014q1/bin/../lib/gcc/arm-none-eabi/4.8.3/armv6-m\libgcc.a(_divdi3.o)
 .ARM.exidx     0x0000b148        0x0 c:/users/tobiasu/appdata/local/arduino15/packages/arduino/tools/arm-none-eabi-gcc/4.8.3-2014q1/bin/../lib/gcc/arm-none-eabi/4.8.3/armv6-m\libgcc.a(_udivdi3.o)
                                  0x8 (size before relaxing)
                0x0000b148                __exidx_end = .
                0x0000b148                __etext = .

.rel.dyn        0x0000b148        0x0
 .rel.iplt      0x00000000        0x0 c:/users/tobiasu/appdata/local/arduino15/packages/arduino/tools/arm-none-eabi-gcc/4.8.3-2014q1/bin/../lib/gcc/arm-none-eabi/4.8.3/armv6-m/crtbegin.o

.data           0x20000000      0x140 load address 0x0000b148
                0x20000000                __data_start__ = .
 *(vtable)
 *(.data*)
 .data._ZL12_usbLineInfo
                0x20000000        0x8 c:\Users\tobiasu\Documents\Atmel Studio\7.0\TTK8-C++\TTK8-C++\build/core\core.a(CDC.cpp.o)
 .data._ZL10breakValue
                0x20000008        0x4 c:\Users\tobiasu\Documents\Atmel Studio\7.0\TTK8-C++\TTK8-C++\build/core\core.a(CDC.cpp.o)
 .data._ZL13_cdcInterface
                0x2000000c       0x42 c:\Users\tobiasu\Documents\Atmel Studio\7.0\TTK8-C++\TTK8-C++\build/core\core.a(CDC.cpp.o)
 *fill*         0x2000004e        0x2 
 .data._serialPeek
                0x20000050        0x4 c:\Users\tobiasu\Documents\Atmel Studio\7.0\TTK8-C++\TTK8-C++\build/core\core.a(CDC.cpp.o)
                0x20000050                _serialPeek
 .data.EndPoints
                0x20000054       0x28 c:\Users\tobiasu\Documents\Atmel Studio\7.0\TTK8-C++\TTK8-C++\build/core\core.a(USBCore.cpp.o)
                0x20000054                EndPoints
 .data.SystemCoreClock
                0x2000007c        0x4 c:\Users\tobiasu\Documents\Atmel Studio\7.0\TTK8-C++\TTK8-C++\build/core\core.a(wiring.c.o)
                0x2000007c                SystemCoreClock
 .data._ZL5ticks
                0x20000080        0x4 c:\Users\tobiasu\Documents\Atmel Studio\7.0\TTK8-C++\TTK8-C++\build/core\core.a(Reset.cpp.o)
 .data.impure_data
                0x20000084       0x60 c:/users/tobiasu/appdata/local/arduino15/packages/arduino/tools/arm-none-eabi-gcc/4.8.3-2014q1/bin/../lib/gcc/arm-none-eabi/4.8.3/../../../../arm-none-eabi/lib/armv6-m\libc_s.a(lib_a-impure.o)
 .data._impure_ptr
                0x200000e4        0x4 c:/users/tobiasu/appdata/local/arduino15/packages/arduino/tools/arm-none-eabi-gcc/4.8.3-2014q1/bin/../lib/gcc/arm-none-eabi/4.8.3/../../../../arm-none-eabi/lib/armv6-m\libc_s.a(lib_a-impure.o)
                0x200000e4                _impure_ptr
 .data.__ctype_ptr__
                0x200000e8        0x4 c:/users/tobiasu/appdata/local/arduino15/packages/arduino/tools/arm-none-eabi-gcc/4.8.3-2014q1/bin/../lib/gcc/arm-none-eabi/4.8.3/../../../../arm-none-eabi/lib/armv6-m\libc_s.a(lib_a-ctype_.o)
                0x200000e8                __ctype_ptr__
 .data.lconv    0x200000ec       0x38 c:/users/tobiasu/appdata/local/arduino15/packages/arduino/tools/arm-none-eabi-gcc/4.8.3-2014q1/bin/../lib/gcc/arm-none-eabi/4.8.3/../../../../arm-none-eabi/lib/armv6-m\libc_s.a(lib_a-locale.o)
                0x20000124                . = ALIGN (0x4)
                0x20000124                PROVIDE (__preinit_array_start, .)
 *(.preinit_array)
                0x20000124                PROVIDE (__preinit_array_end, .)
                0x20000124                . = ALIGN (0x4)
                0x20000124                PROVIDE (__init_array_start, .)
 *(SORT(.init_array.*))
 *(.init_array)
 .init_array    0x20000124        0x4 c:/users/tobiasu/appdata/local/arduino15/packages/arduino/tools/arm-none-eabi-gcc/4.8.3-2014q1/bin/../lib/gcc/arm-none-eabi/4.8.3/armv6-m/crtbegin.o
 .init_array    0x20000128        0x4 c:\Users\tobiasu\Documents\Atmel Studio\7.0\TTK8-C++\TTK8-C++\build\core\variant.cpp.o
 .init_array    0x2000012c        0x4 c:\Users\tobiasu\Documents\Atmel Studio\7.0\TTK8-C++\TTK8-C++\build/core\core.a(CDC.cpp.o)
 .init_array    0x20000130        0x4 c:\Users\tobiasu\Documents\Atmel Studio\7.0\TTK8-C++\TTK8-C++\build/core\core.a(USBCore.cpp.o)
                0x20000134                PROVIDE (__init_array_end, .)
                0x20000134                . = ALIGN (0x4)
                0x20000134                PROVIDE (__fini_array_start, .)
 *(SORT(.fini_array.*))
 *(.fini_array)
 .fini_array    0x20000134        0x4 c:/users/tobiasu/appdata/local/arduino15/packages/arduino/tools/arm-none-eabi-gcc/4.8.3-2014q1/bin/../lib/gcc/arm-none-eabi/4.8.3/armv6-m/crtbegin.o
                0x20000138                PROVIDE (__fini_array_end, .)
 *(.jcr*)
 .jcr           0x20000138        0x0 c:/users/tobiasu/appdata/local/arduino15/packages/arduino/tools/arm-none-eabi-gcc/4.8.3-2014q1/bin/../lib/gcc/arm-none-eabi/4.8.3/armv6-m/crtbegin.o
 .jcr           0x20000138        0x4 c:/users/tobiasu/appdata/local/arduino15/packages/arduino/tools/arm-none-eabi-gcc/4.8.3-2014q1/bin/../lib/gcc/arm-none-eabi/4.8.3/armv6-m/crtend.o
                0x20000140                . = ALIGN (0x10)
 *fill*         0x2000013c        0x4 
                0x20000140                __data_end__ = .

.igot.plt       0x20000140        0x0 load address 0x0000b288
 .igot.plt      0x00000000        0x0 c:/users/tobiasu/appdata/local/arduino15/packages/arduino/tools/arm-none-eabi-gcc/4.8.3-2014q1/bin/../lib/gcc/arm-none-eabi/4.8.3/armv6-m/crtbegin.o

.bss            0x20000140      0x8b4 load address 0x0000b288
                0x20000140                . = ALIGN (0x4)
                0x20000140                __bss_start__ = .
 *(.bss*)
 .bss           0x20000140       0x1c c:/users/tobiasu/appdata/local/arduino15/packages/arduino/tools/arm-none-eabi-gcc/4.8.3-2014q1/bin/../lib/gcc/arm-none-eabi/4.8.3/armv6-m/crtbegin.o
 .bss.Serial    0x2000015c      0x144 c:\Users\tobiasu\Documents\Atmel Studio\7.0\TTK8-C++\TTK8-C++\build\core\variant.cpp.o
                0x2000015c                Serial
 .bss.Serial1   0x200002a0      0x144 c:\Users\tobiasu\Documents\Atmel Studio\7.0\TTK8-C++\TTK8-C++\build\core\variant.cpp.o
                0x200002a0                Serial1
 .bss.sercom3   0x200003e4        0x4 c:\Users\tobiasu\Documents\Atmel Studio\7.0\TTK8-C++\TTK8-C++\build\core\variant.cpp.o
                0x200003e4                sercom3
 .bss.sercom0   0x200003e8        0x4 c:\Users\tobiasu\Documents\Atmel Studio\7.0\TTK8-C++\TTK8-C++\build\core\variant.cpp.o
                0x200003e8                sercom0
 .bss.sercom1   0x200003ec        0x4 c:\Users\tobiasu\Documents\Atmel Studio\7.0\TTK8-C++\TTK8-C++\build\core\variant.cpp.o
                0x200003ec                sercom1
 .bss.sercom2   0x200003f0        0x4 c:\Users\tobiasu\Documents\Atmel Studio\7.0\TTK8-C++\TTK8-C++\build\core\variant.cpp.o
                0x200003f0                sercom2
 .bss.sercom4   0x200003f4        0x4 c:\Users\tobiasu\Documents\Atmel Studio\7.0\TTK8-C++\TTK8-C++\build\core\variant.cpp.o
                0x200003f4                sercom4
 .bss.sercom5   0x200003f8        0x4 c:\Users\tobiasu\Documents\Atmel Studio\7.0\TTK8-C++\TTK8-C++\build\core\variant.cpp.o
                0x200003f8                sercom5
 .bss.SerialUSB
                0x200003fc       0x1c c:\Users\tobiasu\Documents\Atmel Studio\7.0\TTK8-C++\TTK8-C++\build/core\core.a(CDC.cpp.o)
                0x200003fc                SerialUSB
 .bss._ZL14isEndpointHalt
                0x20000418        0x1 c:\Users\tobiasu\Documents\Atmel Studio\7.0\TTK8-C++\TTK8-C++\build/core\core.a(USBCore.cpp.o)
 .bss._pack_buffer
                0x20000419      0x100 c:\Users\tobiasu\Documents\Atmel Studio\7.0\TTK8-C++\TTK8-C++\build/core\core.a(USBCore.cpp.o)
                0x20000419                _pack_buffer
 *fill*         0x20000519        0x1 
 .bss._pack_size
                0x2000051a        0x2 c:\Users\tobiasu\Documents\Atmel Studio\7.0\TTK8-C++\TTK8-C++\build/core\core.a(USBCore.cpp.o)
                0x2000051a                _pack_size
 .bss._ZL20LastTransmitTimedOut
                0x2000051c        0x7 c:\Users\tobiasu\Documents\Atmel Studio\7.0\TTK8-C++\TTK8-C++\build/core\core.a(USBCore.cpp.o)
 *fill*         0x20000523        0x1 
 .bss._ZL22udd_ep_in_cache_buffer
                0x20000524      0x1c0 c:\Users\tobiasu\Documents\Atmel Studio\7.0\TTK8-C++\TTK8-C++\build/core\core.a(USBCore.cpp.o)
 .bss._ZL23udd_ep_out_cache_buffer
                0x200006e4      0x1c0 c:\Users\tobiasu\Documents\Atmel Studio\7.0\TTK8-C++\TTK8-C++\build/core\core.a(USBCore.cpp.o)
 .bss._ZL10epHandlers
                0x200008a4       0x1c c:\Users\tobiasu\Documents\Atmel Studio\7.0\TTK8-C++\TTK8-C++\build/core\core.a(USBCore.cpp.o)
 .bss._pack_message
                0x200008c0        0x1 c:\Users\tobiasu\Documents\Atmel Studio\7.0\TTK8-C++\TTK8-C++\build/core\core.a(USBCore.cpp.o)
                0x200008c0                _pack_message
 .bss._ZL21isRemoteWakeUpEnabled
                0x200008c1        0x1 c:\Users\tobiasu\Documents\Atmel Studio\7.0\TTK8-C++\TTK8-C++\build/core\core.a(USBCore.cpp.o)
 .bss._dry_run  0x200008c2        0x1 c:\Users\tobiasu\Documents\Atmel Studio\7.0\TTK8-C++\TTK8-C++\build/core\core.a(USBCore.cpp.o)
                0x200008c2                _dry_run
 .bss.USBDevice
                0x200008c3        0x1 c:\Users\tobiasu\Documents\Atmel Studio\7.0\TTK8-C++\TTK8-C++\build/core\core.a(USBCore.cpp.o)
                0x200008c3                USBDevice
 .bss._usbSetInterface
                0x200008c4        0x4 c:\Users\tobiasu\Documents\Atmel Studio\7.0\TTK8-C++\TTK8-C++\build/core\core.a(USBCore.cpp.o)
                0x200008c4                _usbSetInterface
 .bss.usbd      0x200008c8      0x104 c:\Users\tobiasu\Documents\Atmel Studio\7.0\TTK8-C++\TTK8-C++\build/core\core.a(USBCore.cpp.o)
                0x200008c8                usbd
 .bss._usbConfiguration
                0x200009cc        0x4 c:\Users\tobiasu\Documents\Atmel Studio\7.0\TTK8-C++\TTK8-C++\build/core\core.a(USBCore.cpp.o)
                0x200009cc                _usbConfiguration
 .bss.usb_isr   0x200009d0        0x4 c:\Users\tobiasu\Documents\Atmel Studio\7.0\TTK8-C++\TTK8-C++\build/core\core.a(cortex_handlers.c.o)
 .bss._ulTickCount
                0x200009d4        0x4 c:\Users\tobiasu\Documents\Atmel Studio\7.0\TTK8-C++\TTK8-C++\build/core\core.a(delay.c.o)
 .bss._ZZ12PluggableUSBvE3obj
                0x200009d8        0x8 c:\Users\tobiasu\Documents\Atmel Studio\7.0\TTK8-C++\TTK8-C++\build/core\core.a(PluggableUSB.cpp.o)
 .bss._ZGVZ12PluggableUSBvE3obj
                0x200009e0        0x4 c:\Users\tobiasu\Documents\Atmel Studio\7.0\TTK8-C++\TTK8-C++\build/core\core.a(PluggableUSB.cpp.o)
 .bss.__malloc_sbrk_start
                0x200009e4        0x4 c:/users/tobiasu/appdata/local/arduino15/packages/arduino/tools/arm-none-eabi-gcc/4.8.3-2014q1/bin/../lib/gcc/arm-none-eabi/4.8.3/../../../../arm-none-eabi/lib/armv6-m\libc_s.a(lib_a-nano-mallocr.o)
                0x200009e4                __malloc_sbrk_start
 .bss.__malloc_free_list
                0x200009e8        0x4 c:/users/tobiasu/appdata/local/arduino15/packages/arduino/tools/arm-none-eabi-gcc/4.8.3-2014q1/bin/../lib/gcc/arm-none-eabi/4.8.3/../../../../arm-none-eabi/lib/armv6-m\libc_s.a(lib_a-nano-mallocr.o)
                0x200009e8                __malloc_free_list
 .bss.heap_end.4243
                0x200009ec        0x4 c:/users/tobiasu/appdata/local/arduino15/packages/arduino/tools/arm-none-eabi-gcc/4.8.3-2014q1/bin/../lib/gcc/arm-none-eabi/4.8.3/../../../../arm-none-eabi/lib/armv6-m\libnosys.a(sbrk.o)
 *(COMMON)
 COMMON         0x200009f0        0x4 c:/users/tobiasu/appdata/local/arduino15/packages/arduino/tools/arm-none-eabi-gcc/4.8.3-2014q1/bin/../lib/gcc/arm-none-eabi/4.8.3/../../../../arm-none-eabi/lib/armv6-m\libc_s.a(lib_a-reent.o)
                0x200009f0                errno
                0x200009f4                . = ALIGN (0x4)
                0x200009f4                __bss_end__ = .

.heap           0x200009f4        0x0
                0x200009f4                __end__ = .
                0x200009f4                PROVIDE (end, .)
 *(.heap*)
                0x200009f4                __HeapLimit = .

.stack_dummy    0x200009f4        0x0
 *(.stack*)
                0x20008000                __StackTop = (ORIGIN (RAM) + 0x8000)
                0x20008000                __StackLimit = (__StackTop - SIZEOF (.stack_dummy))
                0x20008000                PROVIDE (__stack, __StackTop)
                0x20007fff                __ram_end__ = ((ORIGIN (RAM) + 0x8000) - 0x1)
                0x00000001                ASSERT ((__StackLimit >= __HeapLimit), region RAM overflowed with stack)
OUTPUT(c:\Users\tobiasu\Documents\Atmel Studio\7.0\TTK8-C++\TTK8-C++\build/Sodaq_dummy.ino.elf elf32-littlearm)

.ARM.attributes
                0x00000000       0x28
 .ARM.attributes
                0x00000000       0x1e c:/users/tobiasu/appdata/local/arduino15/packages/arduino/tools/arm-none-eabi-gcc/4.8.3-2014q1/bin/../lib/gcc/arm-none-eabi/4.8.3/armv6-m/crti.o
 .ARM.attributes
                0x0000001e       0x2c c:/users/tobiasu/appdata/local/arduino15/packages/arduino/tools/arm-none-eabi-gcc/4.8.3-2014q1/bin/../lib/gcc/arm-none-eabi/4.8.3/armv6-m/crtbegin.o
 .ARM.attributes
                0x0000004a       0x32 c:\Users\tobiasu\Documents\Atmel Studio\7.0\TTK8-C++\TTK8-C++\build\sketch\Sodaq_dummy.ino.cpp.o
 .ARM.attributes
                0x0000007c       0x32 c:\Users\tobiasu\Documents\Atmel Studio\7.0\TTK8-C++\TTK8-C++\build\sketch\rn2xx3.cpp.o
 .ARM.attributes
                0x000000ae       0x32 c:\Users\tobiasu\Documents\Atmel Studio\7.0\TTK8-C++\TTK8-C++\build\core\variant.cpp.o
 .ARM.attributes
                0x000000e0       0x32 c:\Users\tobiasu\Documents\Atmel Studio\7.0\TTK8-C++\TTK8-C++\build/core\core.a(Print.cpp.o)
 .ARM.attributes
                0x00000112       0x32 c:\Users\tobiasu\Documents\Atmel Studio\7.0\TTK8-C++\TTK8-C++\build/core\core.a(SERCOM.cpp.o)
 .ARM.attributes
                0x00000144       0x32 c:\Users\tobiasu\Documents\Atmel Studio\7.0\TTK8-C++\TTK8-C++\build/core\core.a(Stream.cpp.o)
 .ARM.attributes
                0x00000176       0x32 c:\Users\tobiasu\Documents\Atmel Studio\7.0\TTK8-C++\TTK8-C++\build/core\core.a(CDC.cpp.o)
 .ARM.attributes
                0x000001a8       0x32 c:\Users\tobiasu\Documents\Atmel Studio\7.0\TTK8-C++\TTK8-C++\build/core\core.a(USBCore.cpp.o)
 .ARM.attributes
                0x000001da       0x32 c:\Users\tobiasu\Documents\Atmel Studio\7.0\TTK8-C++\TTK8-C++\build/core\core.a(Uart.cpp.o)
 .ARM.attributes
                0x0000020c       0x32 c:\Users\tobiasu\Documents\Atmel Studio\7.0\TTK8-C++\TTK8-C++\build/core\core.a(WString.cpp.o)
 .ARM.attributes
                0x0000023e       0x32 c:\Users\tobiasu\Documents\Atmel Studio\7.0\TTK8-C++\TTK8-C++\build/core\core.a(cortex_handlers.c.o)
 .ARM.attributes