Archive member included because of file (symbol)

c:\Users\Tobias\Documents\Git\TTK8-C++\build/core\core.a(Print.cpp.o)
                              c:\Users\Tobias\Documents\Git\TTK8-C++\build\sketch\rn2xx3.cpp.o (Print::print(String const&))
c:\Users\Tobias\Documents\Git\TTK8-C++\build/core\core.a(SERCOM.cpp.o)
                              c:\Users\Tobias\Documents\Git\TTK8-C++\build\core\variant.cpp.o (SERCOM::SERCOM(Sercom*))
c:\Users\Tobias\Documents\Git\TTK8-C++\build/core\core.a(Stream.cpp.o)
                              c:\Users\Tobias\Documents\Git\TTK8-C++\build\sketch\rn2xx3.cpp.o (Stream::setTimeout(unsigned long))
c:\Users\Tobias\Documents\Git\TTK8-C++\build/core\core.a(CDC.cpp.o)
                              c:\Users\Tobias\Documents\Git\TTK8-C++\build\sketch\Sodaq_dummy.ino.cpp.o (Serial_::flush())
c:\Users\Tobias\Documents\Git\TTK8-C++\build/core\core.a(USBCore.cpp.o)
                              c:\Users\Tobias\Documents\Git\TTK8-C++\build/core\core.a(CDC.cpp.o) (USBDeviceClass::available(unsigned long))
c:\Users\Tobias\Documents\Git\TTK8-C++\build/core\core.a(Uart.cpp.o)
                              c:\Users\Tobias\Documents\Git\TTK8-C++\build\sketch\Sodaq_dummy.ino.cpp.o (Uart::begin(unsigned long))
c:\Users\Tobias\Documents\Git\TTK8-C++\build/core\core.a(WString.cpp.o)
                              c:\Users\Tobias\Documents\Git\TTK8-C++\build\sketch\rn2xx3.cpp.o (String::~String())
c:\Users\Tobias\Documents\Git\TTK8-C++\build/core\core.a(abi.cpp.o)
                              c:\Users\Tobias\Documents\Git\TTK8-C++\build/core\core.a(Print.cpp.o) (__cxa_pure_virtual)
c:\Users\Tobias\Documents\Git\TTK8-C++\build/core\core.a(dtostrf.c.o)
                              c:\Users\Tobias\Documents\Git\TTK8-C++\build/core\core.a(WString.cpp.o) (dtostrf)
c:\Users\Tobias\Documents\Git\TTK8-C++\build/core\core.a(cortex_handlers.c.o)
                              (Reset_Handler)
c:\Users\Tobias\Documents\Git\TTK8-C++\build/core\core.a(delay.c.o)
                              c:\Users\Tobias\Documents\Git\TTK8-C++\build\sketch\Sodaq_dummy.ino.cpp.o (millis)
c:\Users\Tobias\Documents\Git\TTK8-C++\build/core\core.a(hooks.c.o)
                              c:\Users\Tobias\Documents\Git\TTK8-C++\build/core\core.a(delay.c.o) (yield)
c:\Users\Tobias\Documents\Git\TTK8-C++\build/core\core.a(itoa.c.o)
                              c:\Users\Tobias\Documents\Git\TTK8-C++\build/core\core.a(WString.cpp.o) (ltoa)
c:\Users\Tobias\Documents\Git\TTK8-C++\build/core\core.a(main.cpp.o)
                              c:/users/tobias/appdata/local/arduino15/packages/arduino/tools/arm-none-eabi-gcc/4.8.3-2014q1/bin/../lib/gcc/arm-none-eabi/4.8.3/../../../../arm-none-eabi/lib/armv6-m/crt0.o (main)
c:\Users\Tobias\Documents\Git\TTK8-C++\build/core\core.a(new.cpp.o)
                              c:\Users\Tobias\Documents\Git\TTK8-C++\build/core\core.a(USBCore.cpp.o) (operator new(unsigned int))
c:\Users\Tobias\Documents\Git\TTK8-C++\build/core\core.a(startup.c.o)
                              c:\Users\Tobias\Documents\Git\TTK8-C++\build/core\core.a(cortex_handlers.c.o) (SystemInit)
c:\Users\Tobias\Documents\Git\TTK8-C++\build/core\core.a(wiring.c.o)
                              c:\Users\Tobias\Documents\Git\TTK8-C++\build/core\core.a(main.cpp.o) (init)
c:\Users\Tobias\Documents\Git\TTK8-C++\build/core\core.a(wiring_analog.c.o)
                              c:\Users\Tobias\Documents\Git\TTK8-C++\build/core\core.a(wiring.c.o) (analogReference)
c:\Users\Tobias\Documents\Git\TTK8-C++\build/core\core.a(wiring_digital.c.o)
                              c:\Users\Tobias\Documents\Git\TTK8-C++\build\sketch\Sodaq_dummy.ino.cpp.o (pinMode)
c:\Users\Tobias\Documents\Git\TTK8-C++\build/core\core.a(wiring_private.c.o)
                              c:\Users\Tobias\Documents\Git\TTK8-C++\build/core\core.a(Uart.cpp.o) (pinPeripheral)
c:\Users\Tobias\Documents\Git\TTK8-C++\build/core\core.a(Reset.cpp.o)
                              c:\Users\Tobias\Documents\Git\TTK8-C++\build/core\core.a(CDC.cpp.o) (initiateReset)
c:\Users\Tobias\Documents\Git\TTK8-C++\build/core\core.a(PluggableUSB.cpp.o)
                              c:\Users\Tobias\Documents\Git\TTK8-C++\build/core\core.a(USBCore.cpp.o) (PluggableUSB_::getInterface(unsigned char*))
c:/users/tobias/appdata/local/arduino15/packages/arduino/tools/arm-none-eabi-gcc/4.8.3-2014q1/bin/../lib/gcc/arm-none-eabi/4.8.3/../../../../arm-none-eabi/lib/armv6-m\libm.a(lib_a-s_fpclassify.o)
                              c:\Users\Tobias\Documents\Git\TTK8-C++\build/core\core.a(Print.cpp.o) (__fpclassifyd)
c:/users/tobias/appdata/local/arduino15/packages/arduino/tools/arm-none-eabi-gcc/4.8.3-2014q1/bin/../lib/gcc/arm-none-eabi/4.8.3/armv6-m\libgcc.a(_thumb1_case_uqi.o)
                              c:\Users\Tobias\Documents\Git\TTK8-C++\build/core\core.a(USBCore.cpp.o) (__gnu_thumb1_case_uqi)
[...]
Memory Configuration

Name             Origin             Length             Attributes
FLASH            0x00002000         0x0003e000         xr
RAM              0x20000000         0x00008000         xrw
*default*        0x00000000         0xffffffff

Linker script and memory map

LOAD c:/users/tobias/appdata/local/arduino15/packages/arduino/tools/arm-none-eabi-gcc/4.8.3-2014q1/bin/../lib/gcc/arm-none-eabi/4.8.3/armv6-m/crti.o
LOAD c:/users/tobias/appdata/local/arduino15/packages/arduino/tools/arm-none-eabi-gcc/4.8.3-2014q1/bin/../lib/gcc/arm-none-eabi/4.8.3/armv6-m/crtbegin.o
LOAD c:/users/tobias/appdata/local/arduino15/packages/arduino/tools/arm-none-eabi-gcc/4.8.3-2014q1/bin/../lib/gcc/arm-none-eabi/4.8.3/../../../../arm-none-eabi/lib/armv6-m/crt0.o
LOAD c:\Users\Tobias\Documents\Git\TTK8-C++\build\sketch\Sodaq_dummy.ino.cpp.o
LOAD c:\Users\Tobias\Documents\Git\TTK8-C++\build\sketch\rn2xx3.cpp.o
LOAD c:\Users\Tobias\Documents\Git\TTK8-C++\build\core\variant.cpp.o
START GROUP
LOAD C:\Users\Tobias\AppData\Local\Arduino15\packages\arduino\tools\CMSIS\4.5.0/CMSIS/Lib/GCC/\libarm_cortexM0l_math.a
LOAD c:/users/tobias/appdata/local/arduino15/packages/arduino/tools/arm-none-eabi-gcc/4.8.3-2014q1/bin/../lib/gcc/arm-none-eabi/4.8.3/../../../../arm-none-eabi/lib/armv6-m\libm.a
LOAD c:\Users\Tobias\Documents\Git\TTK8-C++\build/core\core.a
END GROUP
START GROUP
LOAD c:/users/tobias/appdata/local/arduino15/packages/arduino/tools/arm-none-eabi-gcc/4.8.3-2014q1/bin/../lib/gcc/arm-none-eabi/4.8.3/armv6-m\libgcc.a
LOAD c:/users/tobias/appdata/local/arduino15/packages/arduino/tools/arm-none-eabi-gcc/4.8.3-2014q1/bin/../lib/gcc/arm-none-eabi/4.8.3/../../../../arm-none-eabi/lib/armv6-m\libc_s.a
END GROUP
START GROUP
LOAD c:/users/tobias/appdata/local/arduino15/packages/arduino/tools/arm-none-eabi-gcc/4.8.3-2014q1/bin/../lib/gcc/arm-none-eabi/4.8.3/armv6-m\libgcc.a
LOAD c:/users/tobias/appdata/local/arduino15/packages/arduino/tools/arm-none-eabi-gcc/4.8.3-2014q1/bin/../lib/gcc/arm-none-eabi/4.8.3/../../../../arm-none-eabi/lib/armv6-m\libc_s.a
LOAD c:/users/tobias/appdata/local/arduino15/packages/arduino/tools/arm-none-eabi-gcc/4.8.3-2014q1/bin/../lib/gcc/arm-none-eabi/4.8.3/../../../../arm-none-eabi/lib/armv6-m\libnosys.a
END GROUP
START GROUP
LOAD c:/users/tobias/appdata/local/arduino15/packages/arduino/tools/arm-none-eabi-gcc/4.8.3-2014q1/bin/../lib/gcc/arm-none-eabi/4.8.3/armv6-m\libgcc.a
LOAD c:/users/tobias/appdata/local/arduino15/packages/arduino/tools/arm-none-eabi-gcc/4.8.3-2014q1/bin/../lib/gcc/arm-none-eabi/4.8.3/../../../../arm-none-eabi/lib/armv6-m\libc_s.a
LOAD c:/users/tobias/appdata/local/arduino15/packages/arduino/tools/arm-none-eabi-gcc/4.8.3-2014q1/bin/../lib/gcc/arm-none-eabi/4.8.3/../../../../arm-none-eabi/lib/armv6-m\libnosys.a
END GROUP
LOAD c:/users/tobias/appdata/local/arduino15/packages/arduino/tools/arm-none-eabi-gcc/4.8.3-2014q1/bin/../lib/gcc/arm-none-eabi/4.8.3/armv6-m/crtend.o
LOAD c:/users/tobias/appdata/local/arduino15/packages/arduino/tools/arm-none-eabi-gcc/4.8.3-2014q1/bin/../lib/gcc/arm-none-eabi/4.8.3/armv6-m/crtn.o
                0x00001f00                PROVIDE (__sodaq_firmware_state, (ORIGIN (FLASH) - 0x100))

.text           0x00002000     0x8980
                0x00002000                __text_start__ = .
 *(.isr_vector)
 .isr_vector    0x00002000       0xb4 c:\Users\Tobias\Documents\Git\TTK8-C++\build/core\core.a(cortex_handlers.c.o)
                0x00002000                exception_table
 *(.text*)
 .text          0x000020b4       0x60 c:/users/tobias/appdata/local/arduino15/packages/arduino/tools/arm-none-eabi-gcc/4.8.3-2014q1/bin/../lib/gcc/arm-none-eabi/4.8.3/armv6-m/crtbegin.o
 .text._ZN6rn2xx3D2Ev
                0x00002114       0x36 c:\Users\Tobias\Documents\Git\TTK8-C++\build\sketch\Sodaq_dummy.ino.cpp.o
                0x00002114                rn2xx3::~rn2xx3()
                0x00002114                rn2xx3::~rn2xx3()
 *fill*         0x0000214a        0x2 
 .text.loop     0x0000214c       0x80 c:\Users\Tobias\Documents\Git\TTK8-C++\build\sketch\Sodaq_dummy.ino.cpp.o
                0x0000214c                loop
 .text.startup._GLOBAL__sub_I_time
                0x000021cc       0x28 c:\Users\Tobias\Documents\Git\TTK8-C++\build\sketch\Sodaq_dummy.ino.cpp.o
 .text.setup    0x000021f4       0xd4 c:\Users\Tobias\Documents\Git\TTK8-C++\build\sketch\Sodaq_dummy.ino.cpp.o
                0x000021f4                setup
 .text._ZN6rn2xx3C2ER6Stream
                0x000022c8       0x6c c:\Users\Tobias\Documents\Git\TTK8-C++\build\sketch\rn2xx3.cpp.o
                0x000022c8                rn2xx3::rn2xx3(Stream&)
                0x000022c8                rn2xx3::rn2xx3(Stream&)
 .text._ZN6rn2xx311sendEncodedE6String
                0x00002334       0x34 c:\Users\Tobias\Documents\Git\TTK8-C++\build\sketch\rn2xx3.cpp.o
                0x00002334                rn2xx3::sendEncoded(String)
 .text._ZN6rn2xx35setDREi
                0x00002368       0x54 c:\Users\Tobias\Documents\Git\TTK8-C++\build\sketch\rn2xx3.cpp.o
                0x00002368                rn2xx3::setDR(int)
 .text._ZN6rn2xx314sendRawCommandE6String
                0x000023bc       0x40 c:\Users\Tobias\Documents\Git\TTK8-C++\build\sketch\rn2xx3.cpp.o
                0x000023bc                rn2xx3::sendRawCommand(String)
 .text._ZN6rn2xx36sysverEv
                0x000023fc       0x30 c:\Users\Tobias\Documents\Git\TTK8-C++\build\sketch\rn2xx3.cpp.o
                0x000023fc                rn2xx3::sysver()
 .text._ZN6rn2xx319configureModuleTypeEv
                0x0000242c       0x50 c:\Users\Tobias\Documents\Git\TTK8-C++\build\sketch\rn2xx3.cpp.o
                0x0000242c                rn2xx3::configureModuleType()
 .text._ZN6rn2xx38initOTAAE6StringS0_S0_
                0x0000247c      0x2d8 c:\Users\Tobias\Documents\Git\TTK8-C++\build\sketch\rn2xx3.cpp.o
                0x0000247c                rn2xx3::initOTAA(String, String, String)
 .text._ZN6rn2xx37initABPE6StringS0_S0_
                0x00002754      0x28c c:\Users\Tobias\Documents\Git\TTK8-C++\build\sketch\rn2xx3.cpp.o
                0x00002754                rn2xx3::initABP(String, String, String)
 .text._ZN6rn2xx34initEv
                0x000029e0       0x90 c:\Users\Tobias\Documents\Git\TTK8-C++\build\sketch\rn2xx3.cpp.o
                0x000029e0                rn2xx3::init()
 .text._ZN6rn2xx39txCommandE6StringS0_b
                0x00002a70      0x2e0 c:\Users\Tobias\Documents\Git\TTK8-C++\build\sketch\rn2xx3.cpp.o
                0x00002a70                rn2xx3::txCommand(String, String, bool)
 .text._ZN6rn2xx37txBytesEPKhh
                0x00002d50       0xa0 c:\Users\Tobias\Documents\Git\TTK8-C++\build\sketch\rn2xx3.cpp.o
                0x00002d50                rn2xx3::txBytes(unsigned char const*, unsigned char)
 .text.SERCOM2_Handler
                0x00002df0       0x10 c:\Users\Tobias\Documents\Git\TTK8-C++\build\core\variant.cpp.o
                0x00002df0                SERCOM2_Handler
 .text.SERCOM5_Handler
                0x00002e00       0x10 c:\Users\Tobias\Documents\Git\TTK8-C++\build\core\variant.cpp.o
                0x00002e00                SERCOM5_Handler
 .text.startup._GLOBAL__sub_I_g_APinDescription
                0x00002e10       0x94 c:\Users\Tobias\Documents\Git\TTK8-C++\build\core\variant.cpp.o
 .text._ZN5Print5writeEPKhj
                0x00002ea4       0x28 c:\Users\Tobias\Documents\Git\TTK8-C++\build/core\core.a(Print.cpp.o)
                0x00002ea4                Print::write(unsigned char const*, unsigned int)
 .text._ZN5Print5writeEPKc
                0x00002ecc       0x1c c:\Users\Tobias\Documents\Git\TTK8-C++\build/core\core.a(Print.cpp.o)
                0x00002ecc                Print::write(char const*)
 .text._ZN5Print5printERK6String
                0x00002ee8       0x10 c:\Users\Tobias\Documents\Git\TTK8-C++\build/core\core.a(Print.cpp.o)
                0x00002ee8                Print::print(String const&)
 .text._ZN5Print5printEPKc
                0x00002ef8        0x8 c:\Users\Tobias\Documents\Git\TTK8-C++\build/core\core.a(Print.cpp.o)
                0x00002ef8                Print::print(char const*)
 .text._ZN5Print5printEc
                0x00002f00        0xa c:\Users\Tobias\Documents\Git\TTK8-C++\build/core\core.a(Print.cpp.o)
                0x00002f00                Print::print(char)
 *fill*         0x00002f0a        0x2 
 .text._ZN5Print7printlnEv
                0x00002f0c       0x10 c:\Users\Tobias\Documents\Git\TTK8-C++\build/core\core.a(Print.cpp.o)
                0x00002f0c                Print::println()
 .text._ZN5Print7printlnERK6String
                0x00002f1c       0x14 c:\Users\Tobias\Documents\Git\TTK8-C++\build/core\core.a(Print.cpp.o)
                0x00002f1c                Print::println(String const&)
 .text._ZN5Print11printNumberEmh
                0x00002f30       0x4e c:\Users\Tobias\Documents\Git\TTK8-C++\build/core\core.a(Print.cpp.o)
                0x00002f30                Print::printNumber(unsigned long, unsigned char)
 .text._ZN5Print5printEli
                0x00002f7e       0x3c c:\Users\Tobias\Documents\Git\TTK8-C++\build/core\core.a(Print.cpp.o)
                0x00002f7e                Print::print(long, int)
 .text._ZN5Print7printlnEii
                0x00002fba       0x14 c:\Users\Tobias\Documents\Git\TTK8-C++\build/core\core.a(Print.cpp.o)
                0x00002fba                Print::println(int, int)
 .text._ZN6SERCOMC2EP6Sercom
                0x00002fce        0x4 c:\Users\Tobias\Documents\Git\TTK8-C++\build/core\core.a(SERCOM.cpp.o)
                0x00002fce                SERCOM::SERCOM(Sercom*)
                0x00002fce                SERCOM::SERCOM(Sercom*)
 .text._ZN6SERCOM9initFrameE18SercomUartCharSize15SercomDataOrder16SercomParityMode19SercomNumberStopBit
                0x00002fd2       0x38 c:\Users\Tobias\Documents\Git\TTK8-C++\build/core\core.a(SERCOM.cpp.o)
                0x00002fd2                SERCOM::initFrame(SercomUartCharSize, SercomDataOrder, SercomParityMode, SercomNumberStopBit)
 .text._ZN6SERCOM8initPadsE15SercomUartTXPad11SercomRXPad
                0x0000300a       0x26 c:\Users\Tobias\Documents\Git\TTK8-C++\build/core\core.a(SERCOM.cpp.o)
                0x0000300a                SERCOM::initPads(SercomUartTXPad, SercomRXPad)
 .text._ZN6SERCOM9resetUARTEv
                0x00003030       0x1c c:\Users\Tobias\Documents\Git\TTK8-C++\build/core\core.a(SERCOM.cpp.o)
                0x00003030                SERCOM::resetUART()
 .text._ZN6SERCOM10enableUARTEv
                0x0000304c       0x14 c:\Users\Tobias\Documents\Git\TTK8-C++\build/core\core.a(SERCOM.cpp.o)
                0x0000304c                SERCOM::enableUART()
 .text._ZN6SERCOM9flushUARTEv
                0x00003060       0x10 c:\Users\Tobias\Documents\Git\TTK8-C++\build/core\core.a(SERCOM.cpp.o)
                0x00003060                SERCOM::flushUART()
 .text._ZN6SERCOM15clearStatusUARTEv
                0x00003070        0x8 c:\Users\Tobias\Documents\Git\TTK8-C++\build/core\core.a(SERCOM.cpp.o)
                0x00003070                SERCOM::clearStatusUART()
 .text._ZN6SERCOM17availableDataUARTEv
                0x00003078        0xa c:\Users\Tobias\Documents\Git\TTK8-C++\build/core\core.a(SERCOM.cpp.o)
                0x00003078                SERCOM::availableDataUART()
 .text._ZN6SERCOM11isUARTErrorEv
                0x00003082        0x8 c:\Users\Tobias\Documents\Git\TTK8-C++\build/core\core.a(SERCOM.cpp.o)
                0x00003082                SERCOM::isUARTError()
 .text._ZN6SERCOM20acknowledgeUARTErrorEv
                0x0000308a        0xe c:\Users\Tobias\Documents\Git\TTK8-C++\build/core\core.a(SERCOM.cpp.o)
                0x0000308a                SERCOM::acknowledgeUARTError()
 .text._ZN6SERCOM23isDataRegisterEmptyUARTEv
                0x00003098        0xa c:\Users\Tobias\Documents\Git\TTK8-C++\build/core\core.a(SERCOM.cpp.o)
                0x00003098                SERCOM::isDataRegisterEmptyUART()
 .text._ZN6SERCOM12readDataUARTEv
                0x000030a2        0x8 c:\Users\Tobias\Documents\Git\TTK8-C++\build/core\core.a(SERCOM.cpp.o)
                0x000030a2                SERCOM::readDataUART()
 .text._ZN6SERCOM13writeDataUARTEh
                0x000030aa        0xe c:\Users\Tobias\Documents\Git\TTK8-C++\build/core\core.a(SERCOM.cpp.o)
                0x000030aa                SERCOM::writeDataUART(unsigned char)
 .text._ZN6SERCOM36enableDataRegisterEmptyInterruptUARTEv
                0x000030b8        0x8 c:\Users\Tobias\Documents\Git\TTK8-C++\build/core\core.a(SERCOM.cpp.o)
                0x000030b8                SERCOM::enableDataRegisterEmptyInterruptUART()
 .text._ZN6SERCOM37disableDataRegisterEmptyInterruptUARTEv
                0x000030c0        0x8 c:\Users\Tobias\Documents\Git\TTK8-C++\build/core\core.a(SERCOM.cpp.o)
                0x000030c0                SERCOM::disableDataRegisterEmptyInterruptUART()
 .text._ZN6SERCOM13initClockNVICEv
                0x000030c8       0xac c:\Users\Tobias\Documents\Git\TTK8-C++\build/core\core.a(SERCOM.cpp.o)
                0x000030c8                SERCOM::initClockNVIC()
 .text._ZN6SERCOM8initUARTE14SercomUartMode20SercomUartSampleRatem
                0x00003174       0xa4 c:\Users\Tobias\Documents\Git\TTK8-C++\build/core\core.a(SERCOM.cpp.o)
                0x00003174                SERCOM::initUART(SercomUartMode, SercomUartSampleRate, unsigned long)
 .text._ZN6Stream9timedReadEv
                0x00003218       0x2a c:\Users\Tobias\Documents\Git\TTK8-C++\build/core\core.a(Stream.cpp.o)
                0x00003218                Stream::timedRead()
 .text._ZN6Stream10setTimeoutEm
                0x00003242        0x4 c:\Users\Tobias\Documents\Git\TTK8-C++\build/core\core.a(Stream.cpp.o)
                0x00003242                Stream::setTimeout(unsigned long)
 *fill*         0x00003246        0x2 
 .text._ZN6Stream15readStringUntilEc
                0x00003248       0x30 c:\Users\Tobias\Documents\Git\TTK8-C++\build/core\core.a(Stream.cpp.o)
                0x00003248                Stream::readStringUntil(char)
 .text._ZN7Serial_17availableForWriteEv
                0x00003278        0x4 c:\Users\Tobias\Documents\Git\TTK8-C++\build/core\core.a(CDC.cpp.o)
                0x00003278                Serial_::availableForWrite()
 .text._ZN7Serial_5writeEh
                0x0000327c       0x14 c:\Users\Tobias\Documents\Git\TTK8-C++\build/core\core.a(CDC.cpp.o)
                0x0000327c                Serial_::write(unsigned char)
 .text._ZN7Serial_9availableEv
                0x00003290        0xc c:\Users\Tobias\Documents\Git\TTK8-C++\build/core\core.a(CDC.cpp.o)
                0x00003290                Serial_::available()
 .text._ZN7Serial_5flushEv
                0x0000329c        0xc c:\Users\Tobias\Documents\Git\TTK8-C++\build/core\core.a(CDC.cpp.o)
                0x0000329c                Serial_::flush()
 .text._ZN7Serial_5writeEPKhj
                0x000032a8       0x1c c:\Users\Tobias\Documents\Git\TTK8-C++\build/core\core.a(CDC.cpp.o)
                0x000032a8                Serial_::write(unsigned char const*, unsigned int)
 .text._ZN7Serial_4peekEv
                0x000032c4       0x1c c:\Users\Tobias\Documents\Git\TTK8-C++\build/core\core.a(CDC.cpp.o)
                0x000032c4                Serial_::peek()
 .text._ZN7Serial_4readEv
                0x000032e0       0x24 c:\Users\Tobias\Documents\Git\TTK8-C++\build/core\core.a(CDC.cpp.o)
                0x000032e0                Serial_::read()
 .text._Z16CDC_GetInterfacePh
                0x00003304       0x1c c:\Users\Tobias\Documents\Git\TTK8-C++\build/core\core.a(CDC.cpp.o)
                0x00003304                CDC_GetInterface(unsigned char*)
 .text._Z9CDC_SetupR8USBSetup
                0x00003320       0x80 c:\Users\Tobias\Documents\Git\TTK8-C++\build/core\core.a(CDC.cpp.o)
                0x00003320                CDC_Setup(USBSetup&)
 .text._ZN7Serial_5beginEm
                0x000033a0        0x2 c:\Users\Tobias\Documents\Git\TTK8-C++\build/core\core.a(CDC.cpp.o)
                0x000033a0                Serial_::begin(unsigned long)
 *fill*         0x000033a2        0x2 
 .text.startup._GLOBAL__sub_I__Z17_CDC_GetInterfacev
                0x000033a4       0x28 c:\Users\Tobias\Documents\Git\TTK8-C++\build/core\core.a(CDC.cpp.o)
 .text._ZL5utox8mPc
                0x000033cc       0x1c c:\Users\Tobias\Documents\Git\TTK8-C++\build/core\core.a(USBCore.cpp.o)
 .text._ZN14USBDeviceClass6initEPEmm.part.4
                0x000033e8       0xc8 c:\Users\Tobias\Documents\Git\TTK8-C++\build/core\core.a(USBCore.cpp.o)
 .text._ZN20USBDevice_SAMD21G18x5resetEv
                0x000034b0       0x28 c:\Users\Tobias\Documents\Git\TTK8-C++\build/core\core.a(USBCore.cpp.o)
                0x000034b0                USBDevice_SAMD21G18x::reset()
 .text._ZN20USBDevice_SAMD21G18x9calibrateEv
                0x000034d8       0x5c c:\Users\Tobias\Documents\Git\TTK8-C++\build/core\core.a(USBCore.cpp.o)
                0x000034d8                USBDevice_SAMD21G18x::calibrate()
 .text._ZN7__GuardC2Ev
                0x00003534        0xe c:\Users\Tobias\Documents\Git\TTK8-C++\build/core\core.a(USBCore.cpp.o)
                0x00003534                __Guard::__Guard()
                0x00003534                __Guard::__Guard()
 .text._ZN7__GuardD2Ev
                0x00003542        0xe c:\Users\Tobias\Documents\Git\TTK8-C++\build/core\core.a(USBCore.cpp.o)
                0x00003542                __Guard::~__Guard()
                0x00003542                __Guard::~__Guard()
 .text._ZNK26DoubleBufferedEPOutHandler9availableEv
                0x00003550       0x5e c:\Users\Tobias\Documents\Git\TTK8-C++\build/core\core.a(USBCore.cpp.o)
                0x00003550                DoubleBufferedEPOutHandler::available() const
 *fill*         0x000035ae        0x2 
 .text._ZN26DoubleBufferedEPOutHandler7releaseEv
                0x000035b0       0x58 c:\Users\Tobias\Documents\Git\TTK8-C++\build/core\core.a(USBCore.cpp.o)
                0x000035b0                DoubleBufferedEPOutHandler::release()
 .text._ZN26DoubleBufferedEPOutHandler4recvEPvm
                0x00003608      0x11c c:\Users\Tobias\Documents\Git\TTK8-C++\build/core\core.a(USBCore.cpp.o)
                0x00003608                DoubleBufferedEPOutHandler::recv(void*, unsigned long)
 .text._ZN26DoubleBufferedEPOutHandler14handleEndpointEv
                0x00003724       0xc8 c:\Users\Tobias\Documents\Git\TTK8-C++\build/core\core.a(USBCore.cpp.o)
                0x00003724                DoubleBufferedEPOutHandler::handleEndpoint()
 .text._ZN14USBDeviceClass14SendInterfacesEPm
                0x000037ec       0x2c c:\Users\Tobias\Documents\Git\TTK8-C++\build/core\core.a(USBCore.cpp.o)
                0x000037ec                USBDeviceClass::SendInterfaces(unsigned long*)
 .text._ZN14USBDeviceClass14handleEndpointEh
                0x00003818       0x40 c:\Users\Tobias\Documents\Git\TTK8-C++\build/core\core.a(USBCore.cpp.o)
                0x00003818                USBDeviceClass::handleEndpoint(unsigned char)
 .text._ZN14USBDeviceClass4initEv
                0x00003858       0xc0 c:\Users\Tobias\Documents\Git\TTK8-C++\build/core\core.a(USBCore.cpp.o)
                0x00003858                USBDeviceClass::init()
 .text._ZN14USBDeviceClass6attachEv
                0x00003918       0x34 c:\Users\Tobias\Documents\Git\TTK8-C++\build/core\core.a(USBCore.cpp.o)
                0x00003918                USBDeviceClass::attach()
 .text._ZN14USBDeviceClass10setAddressEm
                0x0000394c       0x48 c:\Users\Tobias\Documents\Git\TTK8-C++\build/core\core.a(USBCore.cpp.o)
                0x0000394c                USBDeviceClass::setAddress(unsigned long)
 .text._ZN14USBDeviceClass25handleClassInterfaceSetupER8USBSetup
                0x00003994       0x40 c:\Users\Tobias\Documents\Git\TTK8-C++\build/core\core.a(USBCore.cpp.o)
                0x00003994                USBDeviceClass::handleClassInterfaceSetup(USBSetup&)
 .text._ZN14USBDeviceClass6initEPEmm
                0x000039d4       0xf4 c:\Users\Tobias\Documents\Git\TTK8-C++\build/core\core.a(USBCore.cpp.o)
                0x000039d4                USBDeviceClass::initEP(unsigned long, unsigned long)
 .text._ZN14USBDeviceClass13initEndpointsEv
                0x00003ac8       0x24 c:\Users\Tobias\Documents\Git\TTK8-C++\build/core\core.a(USBCore.cpp.o)
                0x00003ac8                USBDeviceClass::initEndpoints()
 .text._ZN14USBDeviceClass9availableEm
                0x00003aec       0x2c c:\Users\Tobias\Documents\Git\TTK8-C++\build/core\core.a(USBCore.cpp.o)
                0x00003aec                USBDeviceClass::available(unsigned long)
 .text._ZN14USBDeviceClass5flushEm
                0x00003b18       0x2c c:\Users\Tobias\Documents\Git\TTK8-C++\build/core\core.a(USBCore.cpp.o)
                0x00003b18                USBDeviceClass::flush(unsigned long)
 .text._ZN14USBDeviceClass14armRecvCtrlOUTEm
                0x00003b44       0x60 c:\Users\Tobias\Documents\Git\TTK8-C++\build/core\core.a(USBCore.cpp.o)
                0x00003b44                USBDeviceClass::armRecvCtrlOUT(unsigned long)
 .text._ZN14USBDeviceClass11recvControlEPvm
                0x00003ba4       0x3c c:\Users\Tobias\Documents\Git\TTK8-C++\build/core\core.a(USBCore.cpp.o)
                0x00003ba4                USBDeviceClass::recvControl(void*, unsigned long)
 .text._ZN14USBDeviceClass7armRecvEm
                0x00003be0       0x3c c:\Users\Tobias\Documents\Git\TTK8-C++\build/core\core.a(USBCore.cpp.o)
                0x00003be0                USBDeviceClass::armRecv(unsigned long)
 .text._ZN14USBDeviceClass4recvEmPvm
                0x00003c1c       0xc0 c:\Users\Tobias\Documents\Git\TTK8-C++\build/core\core.a(USBCore.cpp.o)
                0x00003c1c                USBDeviceClass::recv(unsigned long, void*, unsigned long)
 .text._ZN14USBDeviceClass4recvEm
                0x00003cdc       0x1c c:\Users\Tobias\Documents\Git\TTK8-C++\build/core\core.a(USBCore.cpp.o)
                0x00003cdc                USBDeviceClass::recv(unsigned long)
 .text._ZN14USBDeviceClass4sendEmPKvm
                0x00003cf8      0x10c c:\Users\Tobias\Documents\Git\TTK8-C++\build/core\core.a(USBCore.cpp.o)
                0x00003cf8                USBDeviceClass::send(unsigned long, void const*, unsigned long)
 .text._ZN14USBDeviceClass7armSendEmPKvm
                0x00003e04       0x48 c:\Users\Tobias\Documents\Git\TTK8-C++\build/core\core.a(USBCore.cpp.o)
                0x00003e04                USBDeviceClass::armSend(unsigned long, void const*, unsigned long)
 .text._ZN14USBDeviceClass11sendControlEPKvm
                0x00003e4c       0x58 c:\Users\Tobias\Documents\Git\TTK8-C++\build/core\core.a(USBCore.cpp.o)
                0x00003e4c                USBDeviceClass::sendControl(void const*, unsigned long)
 .text._ZN14USBDeviceClass20sendStringDescriptorEPKhh
                0x00003ea4       0x68 c:\Users\Tobias\Documents\Git\TTK8-C++\build/core\core.a(USBCore.cpp.o)
                0x00003ea4                USBDeviceClass::sendStringDescriptor(unsigned char const*, unsigned char)
 .text._ZN14USBDeviceClass12packMessagesEb.part.6
                0x00003f0c       0x20 c:\Users\Tobias\Documents\Git\TTK8-C++\build/core\core.a(USBCore.cpp.o)
 .text._ZN14USBDeviceClass17sendConfigurationEm
                0x00003f2c       0x90 c:\Users\Tobias\Documents\Git\TTK8-C++\build/core\core.a(USBCore.cpp.o)
                0x00003f2c                USBDeviceClass::sendConfiguration(unsigned long)
 .text._ZN14USBDeviceClass14sendDescriptorER8USBSetup
                0x00003fbc       0xec c:\Users\Tobias\Documents\Git\TTK8-C++\build/core\core.a(USBCore.cpp.o)
                0x00003fbc                USBDeviceClass::sendDescriptor(USBSetup&)
 .text._ZN14USBDeviceClass19handleStandardSetupER8USBSetup
                0x000040a8      0x118 c:\Users\Tobias\Documents\Git\TTK8-C++\build/core\core.a(USBCore.cpp.o)
                0x000040a8                USBDeviceClass::handleStandardSetup(USBSetup&)
 .text._ZN14USBDeviceClass10ISRHandlerEv
                0x000041c0      0x108 c:\Users\Tobias\Documents\Git\TTK8-C++\build/core\core.a(USBCore.cpp.o)
                0x000041c0                USBDeviceClass::ISRHandler()
 .text.UDD_Handler
                0x000042c8       0x10 c:\Users\Tobias\Documents\Git\TTK8-C++\build/core\core.a(USBCore.cpp.o)
                0x000042c8                UDD_Handler
 .text.startup._GLOBAL__sub_I__ZN20USBDevice_SAMD21G18x5resetEv
                0x000042d8       0x10 c:\Users\Tobias\Documents\Git\TTK8-C++\build/core\core.a(USBCore.cpp.o)
 .text._ZN4UartcvbEv
                0x000042e8        0x4 c:\Users\Tobias\Documents\Git\TTK8-C++\build/core\core.a(Uart.cpp.o)
                0x000042e8                Uart::operator bool()
 .text._ZN4Uart5beginEm
                0x000042ec       0x10 c:\Users\Tobias\Documents\Git\TTK8-C++\build/core\core.a(Uart.cpp.o)
                0x000042ec                Uart::begin(unsigned long)
 .text._ZN4Uart4peekEv
                0x000042fc       0x1e c:\Users\Tobias\Documents\Git\TTK8-C++\build/core\core.a(Uart.cpp.o)
                0x000042fc                Uart::peek()
 .text._ZN4Uart3endEv
                0x0000431a       0x20 c:\Users\Tobias\Documents\Git\TTK8-C++\build/core\core.a(Uart.cpp.o)
                0x0000431a                Uart::end()
 *fill*         0x0000433a        0x2 
 .text._ZN4UartC2EP6SERCOMhh11SercomRXPad15SercomUartTXPadhh
                0x0000433c       0xa0 c:\Users\Tobias\Documents\Git\TTK8-C++\build/core\core.a(Uart.cpp.o)
                0x0000433c                Uart::Uart(SERCOM*, unsigned char, unsigned char, SercomRXPad, SercomUartTXPad, unsigned char, unsigned char)
                0x0000433c                Uart::Uart(SERCOM*, unsigned char, unsigned char, SercomRXPad, SercomUartTXPad, unsigned char, unsigned char)
 .text._ZN4UartC2EP6SERCOMhh11SercomRXPad15SercomUartTXPad
                0x000043dc       0x24 c:\Users\Tobias\Documents\Git\TTK8-C++\build/core\core.a(Uart.cpp.o)
                0x000043dc                Uart::Uart(SERCOM*, unsigned char, unsigned char, SercomRXPad, SercomUartTXPad)
                0x000043dc                Uart::Uart(SERCOM*, unsigned char, unsigned char, SercomRXPad, SercomUartTXPad)
 .text._ZN4Uart16extractNbStopBitEt
                0x00004400        0xe c:\Users\Tobias\Documents\Git\TTK8-C++\build/core\core.a(Uart.cpp.o)
                0x00004400                Uart::extractNbStopBit(unsigned short)
 .text._ZN4Uart15extractCharSizeEt
                0x0000440e       0x2c c:\Users\Tobias\Documents\Git\TTK8-C++\build/core\core.a(Uart.cpp.o)
                0x0000440e                Uart::extractCharSize(unsigned short)
 .text._ZN4Uart13extractParityEt
                0x0000443a       0x18 c:\Users\Tobias\Documents\Git\TTK8-C++\build/core\core.a(Uart.cpp.o)
                0x0000443a                Uart::extractParity(unsigned short)
 *fill*         0x00004452        0x2 
 .text._ZN4Uart5beginEmt
                0x00004454       0xf8 c:\Users\Tobias\Documents\Git\TTK8-C++\build/core\core.a(Uart.cpp.o)
                0x00004454                Uart::begin(unsigned long, unsigned short)
 .text._ZN11RingBufferNILi129EE9availableEv
                0x0000454c       0x12 c:\Users\Tobias\Documents\Git\TTK8-C++\build/core\core.a(Uart.cpp.o)
                0x0000454c                RingBufferN<129>::available()
 .text._ZN4Uart5flushEv
                0x0000455e       0x18 c:\Users\Tobias\Documents\Git\TTK8-C++\build/core\core.a(Uart.cpp.o)
                0x0000455e                Uart::flush()
 .text._ZN4Uart9availableEv
                0x00004576        0xa c:\Users\Tobias\Documents\Git\TTK8-C++\build/core\core.a(Uart.cpp.o)
                0x00004576                Uart::available()
 .text._ZN11RingBufferNILi129EE17availableForStoreEv
                0x00004580       0x22 c:\Users\Tobias\Documents\Git\TTK8-C++\build/core\core.a(Uart.cpp.o)
                0x00004580                RingBufferN<129>::availableForStore()
 .text._ZN4Uart17availableForWriteEv
                0x000045a2        0xa c:\Users\Tobias\Documents\Git\TTK8-C++\build/core\core.a(Uart.cpp.o)
                0x000045a2                Uart::availableForWrite()
 .text._ZN4Uart10IrqHandlerEv
                0x000045ac       0xc2 c:\Users\Tobias\Documents\Git\TTK8-C++\build/core\core.a(Uart.cpp.o)
                0x000045ac                Uart::IrqHandler()
 *fill*         0x0000466e        0x2 
 .text._ZN4Uart5writeEh
                0x00004670       0xc4 c:\Users\Tobias\Documents\Git\TTK8-C++\build/core\core.a(Uart.cpp.o)
                0x00004670                Uart::write(unsigned char)
 .text._ZN4Uart4readEv
                0x00004734       0x50 c:\Users\Tobias\Documents\Git\TTK8-C++\build/core\core.a(Uart.cpp.o)
                0x00004734                Uart::read()
 .text._ZNK6String14StringIfHelperEv
                0x00004784        0x2 c:\Users\Tobias\Documents\Git\TTK8-C++\build/core\core.a(WString.cpp.o)
                0x00004784                String::StringIfHelper() const
 .text._ZN6StringD2Ev
                0x00004786        0xe c:\Users\Tobias\Documents\Git\TTK8-C++\build/core\core.a(WString.cpp.o)
                0x00004786                String::~String()
                0x00004786                String::~String()
 .text._ZN6String10invalidateEv
                0x00004794       0x18 c:\Users\Tobias\Documents\Git\TTK8-C++\build/core\core.a(WString.cpp.o)
                0x00004794                String::invalidate()
 .text._ZN6String12changeBufferEj
                0x000047ac       0x18 c:\Users\Tobias\Documents\Git\TTK8-C++\build/core\core.a(WString.cpp.o)
                0x000047ac                String::changeBuffer(unsigned int)
 .text._ZN6String7reserveEj
                0x000047c4       0x28 c:\Users\Tobias\Documents\Git\TTK8-C++\build/core\core.a(WString.cpp.o)
                0x000047c4                String::reserve(unsigned int)
 .text._ZN6String4copyEPKcj
                0x000047ec       0x28 c:\Users\Tobias\Documents\Git\TTK8-C++\build/core\core.a(WString.cpp.o)
                0x000047ec                String::copy(char const*, unsigned int)
 .text._ZN6StringC2EPKc
                0x00004814       0x26 c:\Users\Tobias\Documents\Git\TTK8-C++\build/core\core.a(WString.cpp.o)
                0x00004814                String::String(char const*)
                0x00004814                String::String(char const*)
 .text._ZN6String4copyEPK19__FlashStringHelperj
                0x0000483a       0x28 c:\Users\Tobias\Documents\Git\TTK8-C++\build/core\core.a(WString.cpp.o)
                0x0000483a                String::copy(__FlashStringHelper const*, unsigned int)
 *fill*         0x00004862        0x2 
 .text._ZN6String4moveERS_
                0x00004864       0x4c c:\Users\Tobias\Documents\Git\TTK8-C++\build/core\core.a(WString.cpp.o)
                0x00004864                String::move(String&)
 .text._ZN6StringaSERKS_
                0x000048b0       0x20 c:\Users\Tobias\Documents\Git\TTK8-C++\build/core\core.a(WString.cpp.o)
                0x000048b0                String::operator=(String const&)
 .text._ZN6StringC2ERKS_
                0x000048d0       0x14 c:\Users\Tobias\Documents\Git\TTK8-C++\build/core\core.a(WString.cpp.o)
                0x000048d0                String::String(String const&)
                0x000048d0                String::String(String const&)
 .text._ZN6StringaSEOS_
                0x000048e4       0x10 c:\Users\Tobias\Documents\Git\TTK8-C++\build/core\core.a(WString.cpp.o)
                0x000048e4                String::operator=(String&&)
 .text._ZN6StringaSEPKc
                0x000048f4       0x22 c:\Users\Tobias\Documents\Git\TTK8-C++\build/core\core.a(WString.cpp.o)
                0x000048f4                String::operator=(char const*)
 .text._ZN6StringaSEPK19__FlashStringHelper
                0x00004916       0x22 c:\Users\Tobias\Documents\Git\TTK8-C++\build/core\core.a(WString.cpp.o)
                0x00004916                String::operator=(__FlashStringHelper const*)
 .text._ZN6StringC2EPK19__FlashStringHelper
                0x00004938       0x14 c:\Users\Tobias\Documents\Git\TTK8-C++\build/core\core.a(WString.cpp.o)
                0x00004938                String::String(__FlashStringHelper const*)
                0x00004938                String::String(__FlashStringHelper const*)
 .text._ZN6String6concatEPKcj
                0x0000494c       0x32 c:\Users\Tobias\Documents\Git\TTK8-C++\build/core\core.a(WString.cpp.o)
                0x0000494c                String::concat(char const*, unsigned int)
 .text._ZN6String6concatEc
                0x0000497e       0x14 c:\Users\Tobias\Documents\Git\TTK8-C++\build/core\core.a(WString.cpp.o)
                0x0000497e                String::concat(char)
 .text._ZplRK15StringSumHelperRK6String
                0x00004992       0x1c c:\Users\Tobias\Documents\Git\TTK8-C++\build/core\core.a(WString.cpp.o)
                0x00004992                operator+(StringSumHelper const&, String const&)
 .text._ZNK6String6equalsEPKc
                0x000049ae       0x2a c:\Users\Tobias\Documents\Git\TTK8-C++\build/core\core.a(WString.cpp.o)
                0x000049ae                String::equals(char const*) const
 .text._ZNK6String10startsWithERKS_j
                0x000049d8       0x2c c:\Users\Tobias\Documents\Git\TTK8-C++\build/core\core.a(WString.cpp.o)
                0x000049d8                String::startsWith(String const&, unsigned int) const
 .text._ZNK6String10startsWithERKS_
                0x00004a04       0x16 c:\Users\Tobias\Documents\Git\TTK8-C++\build/core\core.a(WString.cpp.o)
                0x00004a04                String::startsWith(String const&) const
 .text._ZNK6StringixEj
                0x00004a1a       0x14 c:\Users\Tobias\Documents\Git\TTK8-C++\build/core\core.a(WString.cpp.o)
                0x00004a1a                String::operator[](unsigned int) const
 .text._ZNK6String6charAtEj
                0x00004a2e        0x8 c:\Users\Tobias\Documents\Git\TTK8-C++\build/core\core.a(WString.cpp.o)
                0x00004a2e                String::charAt(unsigned int) const
 .text._ZNK6String7indexOfEcj
                0x00004a36       0x1e c:\Users\Tobias\Documents\Git\TTK8-C++\build/core\core.a(WString.cpp.o)
                0x00004a36                String::indexOf(char, unsigned int) const
 .text._ZNK6String9substringEjj
                0x00004a54       0x4c c:\Users\Tobias\Documents\Git\TTK8-C++\build/core\core.a(WString.cpp.o)
                0x00004a54                String::substring(unsigned int, unsigned int) const
 .text._ZN6String4trimEv
                0x00004aa0       0x54 c:\Users\Tobias\Documents\Git\TTK8-C++\build/core\core.a(WString.cpp.o)
                0x00004aa0                String::trim()
 .text._ZNK6String5toIntEv
                0x00004af4        0xe c:\Users\Tobias\Documents\Git\TTK8-C++\build/core\core.a(WString.cpp.o)
                0x00004af4                String::toInt() const
 .text.Dummy_Handler
                0x00004b02        0x2 c:\Users\Tobias\Documents\Git\TTK8-C++\build/core\core.a(cortex_handlers.c.o)
                0x00004b02                DMAC_Handler
                0x00004b02                HardFault_Handler
                0x00004b02                AC_Handler
                0x00004b02                PendSV_Handler
                0x00004b02                NMI_Handler
                0x00004b02                TC7_Handler
                0x00004b02                SERCOM1_Handler
                0x00004b02                ADC_Handler
                0x00004b02                TCC1_Handler
                0x00004b02                TCC0_Handler
                0x00004b02                RTC_Handler
                0x00004b02                EIC_Handler
                0x00004b02                TC6_Handler
                0x00004b02                WDT_Handler
                0x00004b02                TC4_Handler
                0x00004b02                TC3_Handler
                0x00004b02                Dummy_Handler
                0x00004b02                PM_Handler
                0x00004b02                SVC_Handler
                0x00004b02                TCC2_Handler
                0x00004b02                EVSYS_Handler
                0x00004b02                SERCOM3_Handler
                0x00004b02                SERCOM4_Handler
                0x00004b02                I2S_Handler
                0x00004b02                NVMCTRL_Handler
                0x00004b02                SERCOM0_Handler
                0x00004b02                DAC_Handler
                0x00004b02                PTC_Handler
                0x00004b02                SYSCTRL_Handler
 .text.USB_Handler
                0x00004b04       0x14 c:\Users\Tobias\Documents\Git\TTK8-C++\build/core\core.a(cortex_handlers.c.o)
                0x00004b04                USB_Handler
 .text.Reset_Handler
                0x00004b18       0x54 c:\Users\Tobias\Documents\Git\TTK8-C++\build/core\core.a(cortex_handlers.c.o)
                0x00004b18                Reset_Handler
 .text.SysTick_Handler
                0x00004b6c       0x10 c:\Users\Tobias\Documents\Git\TTK8-C++\build/core\core.a(cortex_handlers.c.o)
                0x00004b6c                SysTick_Handler
 .text.USB_SetHandler
                0x00004b7c        0xc c:\Users\Tobias\Documents\Git\TTK8-C++\build/core\core.a(cortex_handlers.c.o)
                0x00004b7c                USB_SetHandler
 .text.millis   0x00004b88        0xc c:\Users\Tobias\Documents\Git\TTK8-C++\build/core\core.a(delay.c.o)
                0x00004b88                millis
 .text.delay    0x00004b94       0x20 c:\Users\Tobias\Documents\Git\TTK8-C++\build/core\core.a(delay.c.o)
                0x00004b94                delay
 .text.SysTick_DefaultHandler
                0x00004bb4       0x14 c:\Users\Tobias\Documents\Git\TTK8-C++\build/core\core.a(delay.c.o)
                0x00004bb4                SysTick_DefaultHandler
 .text.__empty  0x00004bc8        0x2 c:\Users\Tobias\Documents\Git\TTK8-C++\build/core\core.a(hooks.c.o)
                0x00004bc8                yield
 .text.__false  0x00004bca        0x4 c:\Users\Tobias\Documents\Git\TTK8-C++\build/core\core.a(hooks.c.o)
                0x00004bca                sysTickHook
 .text._Z11initVariantv
                0x00004bce        0x2 c:\Users\Tobias\Documents\Git\TTK8-C++\build/core\core.a(main.cpp.o)
                0x00004bce                initVariant()
 .text.startup.main
                0x00004bd0       0x40 c:\Users\Tobias\Documents\Git\TTK8-C++\build/core\core.a(main.cpp.o)
                0x00004bd0                main
 .text._Znwj    0x00004c10        0x8 c:\Users\Tobias\Documents\Git\TTK8-C++\build/core\core.a(new.cpp.o)
                0x00004c10                operator new(unsigned int)
 .text.SystemInit
                0x00004c18      0x168 c:\Users\Tobias\Documents\Git\TTK8-C++\build/core\core.a(startup.c.o)
                0x00004c18                SystemInit
 .text.init     0x00004d80       0xe4 c:\Users\Tobias\Documents\Git\TTK8-C++\build/core\core.a(wiring.c.o)
                0x00004d80                init
 .text.analogReference
                0x00004e64       0x5c c:\Users\Tobias\Documents\Git\TTK8-C++\build/core\core.a(wiring_analog.c.o)
                0x00004e64                analogReference
 .text.pinMode  0x00004ec0       0xb4 c:\Users\Tobias\Documents\Git\TTK8-C++\build/core\core.a(wiring_digital.c.o)
                0x00004ec0                pinMode
 .text.digitalWrite
                0x00004f74       0x60 c:\Users\Tobias\Documents\Git\TTK8-C++\build/core\core.a(wiring_digital.c.o)
                0x00004f74                digitalWrite
 .text.digitalRead
                0x00004fd4       0x30 c:\Users\Tobias\Documents\Git\TTK8-C++\build/core\core.a(wiring_digital.c.o)
                0x00004fd4                digitalRead
 .text.pinPeripheral
                0x00005004       0xc4 c:\Users\Tobias\Documents\Git\TTK8-C++\build/core\core.a(wiring_private.c.o)
                0x00005004                pinPeripheral
 .text.initiateReset
                0x000050c8        0xc c:\Users\Tobias\Documents\Git\TTK8-C++\build/core\core.a(Reset.cpp.o)
                0x000050c8                initiateReset
 .text.cancelReset
                0x000050d4       0x10 c:\Users\Tobias\Documents\Git\TTK8-C++\build/core\core.a(Reset.cpp.o)
                0x000050d4                cancelReset
 .text.tickReset
                0x000050e4       0x74 c:\Users\Tobias\Documents\Git\TTK8-C++\build/core\core.a(Reset.cpp.o)
                0x000050e4                tickReset
 .text._ZN13PluggableUSB_12getInterfaceEPh
                0x00005158       0x2a c:\Users\Tobias\Documents\Git\TTK8-C++\build/core\core.a(PluggableUSB.cpp.o)
                0x00005158                PluggableUSB_::getInterface(unsigned char*)
 .text._ZN13PluggableUSB_13getDescriptorER8USBSetup
                0x00005182       0x20 c:\Users\Tobias\Documents\Git\TTK8-C++\build/core\core.a(PluggableUSB.cpp.o)
                0x00005182                PluggableUSB_::getDescriptor(USBSetup&)
 .text._ZN13PluggableUSB_12getShortNameEPc
                0x000051a2       0x1e c:\Users\Tobias\Documents\Git\TTK8-C++\build/core\core.a(PluggableUSB.cpp.o)
                0x000051a2                PluggableUSB_::getShortName(char*)
 .text._ZN13PluggableUSB_5setupER8USBSetup
                0x000051c0       0x24 c:\Users\Tobias\Documents\Git\TTK8-C++\build/core\core.a(PluggableUSB.cpp.o)
                0x000051c0                PluggableUSB_::setup(USBSetup&)
 .text._Z12PluggableUSBv
                0x000051e4       0x24 c:\Users\Tobias\Documents\Git\TTK8-C++\build/core\core.a(PluggableUSB.cpp.o)
                0x000051e4                PluggableUSB()
 .text.__fpclassifyd
                0x00005208       0x60 c:/users/tobias/appdata/local/arduino15/packages/arduino/tools/arm-none-eabi-gcc/4.8.3-2014q1/bin/../lib/gcc/arm-none-eabi/4.8.3/../../../../arm-none-eabi/lib/armv6-m\libm.a(lib_a-s_fpclassify.o)
                0x00005208                __fpclassifyd
 .text          0x00005268       0x14 c:/users/tobias/appdata/local/arduino15/packages/arduino/tools/arm-none-eabi-gcc/4.8.3-2014q1/bin/../lib/gcc/arm-none-eabi/4.8.3/armv6-m\libgcc.a(_thumb1_case_uqi.o)
                0x00005268                __gnu_thumb1_case_uqi
 .text          0x0000527c       0x9c c:/users/tobias/appdata/local/arduino15/packages/arduino/tools/arm-none-eabi-gcc/4.8.3-2014q1/bin/../lib/gcc/arm-none-eabi/4.8.3/armv6-m\libgcc.a(_udivsi3.o)
                0x0000527c                __aeabi_uidiv
                0x0000527c                __udivsi3
                0x00005304                __aeabi_uidivmod
 .text          0x00005318       0xc0 c:/users/tobias/appdata/local/arduino15/packages/arduino/tools/arm-none-eabi-gcc/4.8.3-2014q1/bin/../lib/gcc/arm-none-eabi/4.8.3/armv6-m\libgcc.a(_divsi3.o)
                0x00005318                __divsi3
                0x00005318                __aeabi_idiv
                0x000053c4                __aeabi_idivmod
 .text          0x000053d8        0x4 c:/users/tobias/appdata/local/arduino15/packages/arduino/tools/arm-none-eabi-gcc/4.8.3-2014q1/bin/../lib/gcc/arm-none-eabi/4.8.3/armv6-m\libgcc.a(_dvmd_tls.o)
                0x000053d8                __aeabi_idiv0
                0x000053d8                __aeabi_ldiv0
 .text          0x000053dc       0x7c c:/users/tobias/appdata/local/arduino15/packages/arduino/tools/arm-none-eabi-gcc/4.8.3-2014q1/bin/../lib/gcc/arm-none-eabi/4.8.3/armv6-m\libgcc.a(_arm_cmpdf2.o)
                0x000053dc                __aeabi_cdrcmple
                0x000053ec                __aeabi_cdcmple
                0x000053ec                __aeabi_cdcmpeq
                0x000053fc                __aeabi_dcmpeq
                0x00005408                __aeabi_dcmplt
                0x0000541c                __aeabi_dcmple
                0x00005430                __aeabi_dcmpgt
                0x00005444                __aeabi_dcmpge
 .text          0x00005458       0x40 c:/users/tobias/appdata/local/arduino15/packages/arduino/tools/arm-none-eabi-gcc/4.8.3-2014q1/bin/../lib/gcc/arm-none-eabi/4.8.3/armv6-m\libgcc.a(_aeabi_uldivmod.o)
                0x00005458                __aeabi_uldivmod
 .text          0x00005498       0x44 c:/users/tobias/appdata/local/arduino15/packages/arduino/tools/arm-none-eabi-gcc/4.8.3-2014q1/bin/../lib/gcc/arm-none-eabi/4.8.3/armv6-m\libgcc.a(_muldi3.o)
                0x00005498                __muldi3
                0x00005498                __aeabi_lmul
 .text          0x000054dc       0x6c c:/users/tobias/appdata/local/arduino15/packages/arduino/tools/arm-none-eabi-gcc/4.8.3-2014q1/bin/../lib/gcc/arm-none-eabi/4.8.3/armv6-m\libgcc.a(bpabi.o)
                0x000054dc                __gnu_ldivmod_helper
                0x00005514                __gnu_uldivmod_helper
 .text          0x00005548      0x638 c:/users/tobias/appdata/local/arduino15/packages/arduino/tools/arm-none-eabi-gcc/4.8.3-2014q1/bin/../lib/gcc/arm-none-eabi/4.8.3/armv6-m\libgcc.a(adddf3.o)
                0x00005548                __aeabi_dadd
 .text          0x00005b80      0x648 c:/users/tobias/appdata/local/arduino15/packages/arduino/tools/arm-none-eabi-gcc/4.8.3-2014q1/bin/../lib/gcc/arm-none-eabi/4.8.3/armv6-m\libgcc.a(divdf3.o)
                0x00005b80                __aeabi_ddiv
 .text          0x000061c8       0x94 c:/users/tobias/appdata/local/arduino15/packages/arduino/tools/arm-none-eabi-gcc/4.8.3-2014q1/bin/../lib/gcc/arm-none-eabi/4.8.3/armv6-m\libgcc.a(eqdf2.o)
                0x000061c8                __nedf2
                0x000061c8                __eqdf2
 .text          0x0000625c       0xfc c:/users/tobias/appdata/local/arduino15/packages/arduino/tools/arm-none-eabi-gcc/4.8.3-2014q1/bin/../lib/gcc/arm-none-eabi/4.8.3/armv6-m\libgcc.a(gedf2.o)
                0x0000625c                __gedf2
                0x0000625c                __gtdf2
 .text          0x00006358       0xfc c:/users/tobias/appdata/local/arduino15/packages/arduino/tools/arm-none-eabi-gcc/4.8.3-2014q1/bin/../lib/gcc/arm-none-eabi/4.8.3/armv6-m\libgcc.a(ledf2.o)
                0x00006358                __ledf2
                0x00006358                __ltdf2
 .text          0x00006454      0x520 c:/users/tobias/appdata/local/arduino15/packages/arduino/tools/arm-none-eabi-gcc/4.8.3-2014q1/bin/../lib/gcc/arm-none-eabi/4.8.3/armv6-m\libgcc.a(muldf3.o)
                0x00006454                __aeabi_dmul
 .text          0x00006974      0x654 c:/users/tobias/appdata/local/arduino15/packages/arduino/tools/arm-none-eabi-gcc/4.8.3-2014q1/bin/../lib/gcc/arm-none-eabi/4.8.3/armv6-m\libgcc.a(subdf3.o)
                0x00006974                __aeabi_dsub
 .text          0x00006fc8       0x68 c:/users/tobias/appdata/local/arduino15/packages/arduino/tools/arm-none-eabi-gcc/4.8.3-2014q1/bin/../lib/gcc/arm-none-eabi/4.8.3/armv6-m\libgcc.a(fixdfsi.o)
                0x00006fc8                __aeabi_d2iz
 .text          0x00007030       0x68 c:/users/tobias/appdata/local/arduino15/packages/arduino/tools/arm-none-eabi-gcc/4.8.3-2014q1/bin/../lib/gcc/arm-none-eabi/4.8.3/armv6-m\libgcc.a(floatunsidf.o)
                0x00007030                __aeabi_ui2d
 .text          0x00007098       0x3c c:/users/tobias/appdata/local/arduino15/packages/arduino/tools/arm-none-eabi-gcc/4.8.3-2014q1/bin/../lib/gcc/arm-none-eabi/4.8.3/armv6-m\libgcc.a(_clzsi2.o)
                0x00007098                __clzsi2
 .text          0x000070d4      0x3b8 c:/users/tobias/appdata/local/arduino15/packages/arduino/tools/arm-none-eabi-gcc/4.8.3-2014q1/bin/../lib/gcc/arm-none-eabi/4.8.3/armv6-m\libgcc.a(_divdi3.o)
                0x000070d4                __divdi3
 .text          0x0000748c      0x384 c:/users/tobias/appdata/local/arduino15/packages/arduino/tools/arm-none-eabi-gcc/4.8.3-2014q1/bin/../lib/gcc/arm-none-eabi/4.8.3/armv6-m\libgcc.a(_udivdi3.o)
                0x0000748c                __udivdi3
 .text.__aeabi_atexit
                0x00007810        0xe c:/users/tobias/appdata/local/arduino15/packages/arduino/tools/arm-none-eabi-gcc/4.8.3-2014q1/bin/../lib/gcc/arm-none-eabi/4.8.3/../../../../arm-none-eabi/lib/armv6-m\libc_s.a(lib_a-aeabi_atexit.o)
                0x00007810                __aeabi_atexit
 .text.atol     0x0000781e        0xc c:/users/tobias/appdata/local/arduino15/packages/arduino/tools/arm-none-eabi-gcc/4.8.3-2014q1/bin/../lib/gcc/arm-none-eabi/4.8.3/../../../../arm-none-eabi/lib/armv6-m\libc_s.a(lib_a-atol.o)
                0x0000781e                atol
 *fill*         0x0000782a        0x2 
 .text.__cxa_atexit
                0x0000782c       0x20 c:/users/tobias/appdata/local/arduino15/packages/arduino/tools/arm-none-eabi-gcc/4.8.3-2014q1/bin/../lib/gcc/arm-none-eabi/4.8.3/../../../../arm-none-eabi/lib/armv6-m\libc_s.a(lib_a-cxa_atexit.o)
                0x0000782c                __cxa_atexit
 .text.__libc_init_array
                0x0000784c       0x4c c:/users/tobias/appdata/local/arduino15/packages/arduino/tools/arm-none-eabi-gcc/4.8.3-2014q1/bin/../lib/gcc/arm-none-eabi/4.8.3/../../../../arm-none-eabi/lib/armv6-m\libc_s.a(lib_a-init.o)
                0x0000784c                __libc_init_array
 .text.isspace  0x00007898       0x14 c:/users/tobias/appdata/local/arduino15/packages/arduino/tools/arm-none-eabi-gcc/4.8.3-2014q1/bin/../lib/gcc/arm-none-eabi/4.8.3/../../../../arm-none-eabi/lib/armv6-m\libc_s.a(lib_a-isspace.o)
                0x00007898                isspace
 .text.malloc   0x000078ac       0x14 c:/users/tobias/appdata/local/arduino15/packages/arduino/tools/arm-none-eabi-gcc/4.8.3-2014q1/bin/../lib/gcc/arm-none-eabi/4.8.3/../../../../arm-none-eabi/lib/armv6-m\libc_s.a(lib_a-malloc.o)
                0x000078ac                malloc
 .text.free     0x000078c0       0x14 c:/users/tobias/appdata/local/arduino15/packages/arduino/tools/arm-none-eabi-gcc/4.8.3-2014q1/bin/../lib/gcc/arm-none-eabi/4.8.3/../../../../arm-none-eabi/lib/armv6-m\libc_s.a(lib_a-malloc.o)
                0x000078c0                free
 .text.memcpy   0x000078d4       0x12 c:/users/tobias/appdata/local/arduino15/packages/arduino/tools/arm-none-eabi-gcc/4.8.3-2014q1/bin/../lib/gcc/arm-none-eabi/4.8.3/../../../../arm-none-eabi/lib/armv6-m\libc_s.a(lib_a-memcpy-stub.o)
                0x000078d4                memcpy
 .text.memmove  0x000078e6       0x32 c:/users/tobias/appdata/local/arduino15/packages/arduino/tools/arm-none-eabi-gcc/4.8.3-2014q1/bin/../lib/gcc/arm-none-eabi/4.8.3/../../../../arm-none-eabi/lib/armv6-m\libc_s.a(lib_a-memmove.o)
                0x000078e6                memmove
 .text.memset   0x00007918       0x10 c:/users/tobias/appdata/local/arduino15/packages/arduino/tools/arm-none-eabi-gcc/4.8.3-2014q1/bin/../lib/gcc/arm-none-eabi/4.8.3/../../../../arm-none-eabi/lib/armv6-m\libc_s.a(lib_a-memset.o)
                0x00007918                memset
 .text._free_r  0x00007928       0x90 c:/users/tobias/appdata/local/arduino15/packages/arduino/tools/arm-none-eabi-gcc/4.8.3-2014q1/bin/../lib/gcc/arm-none-eabi/4.8.3/../../../../arm-none-eabi/lib/armv6-m\libc_s.a(lib_a-nano-freer.o)
                0x00007928                _free_r
 .text._malloc_r
                0x000079b8       0xa8 c:/users/tobias/appdata/local/arduino15/packages/arduino/tools/arm-none-eabi-gcc/4.8.3-2014q1/bin/../lib/gcc/arm-none-eabi/4.8.3/../../../../arm-none-eabi/lib/armv6-m\libc_s.a(lib_a-nano-mallocr.o)
                0x000079b8                _malloc_r
 .text.realloc  0x00007a60       0x18 c:/users/tobias/appdata/local/arduino15/packages/arduino/tools/arm-none-eabi-gcc/4.8.3-2014q1/bin/../lib/gcc/arm-none-eabi/4.8.3/../../../../arm-none-eabi/lib/armv6-m\libc_s.a(lib_a-realloc.o)
                0x00007a60                realloc
 .text._sbrk_r  0x00007a78       0x24 c:/users/tobias/appdata/local/arduino15/packages/arduino/tools/arm-none-eabi-gcc/4.8.3-2014q1/bin/../lib/gcc/arm-none-eabi/4.8.3/../../../../arm-none-eabi/lib/armv6-m\libc_s.a(lib_a-sbrkr.o)
                0x00007a78                _sbrk_r
 .text.sprintf  0x00007a9c       0x44 c:/users/tobias/appdata/local/arduino15/packages/arduino/tools/arm-none-eabi-gcc/4.8.3-2014q1/bin/../lib/gcc/arm-none-eabi/4.8.3/../../../../arm-none-eabi/lib/armv6-m\libc_s.a(lib_a-sprintf.o)
                0x00007a9c                siprintf
                0x00007a9c                sprintf
 .text.strchr   0x00007ae0       0x18 c:/users/tobias/appdata/local/arduino15/packages/arduino/tools/arm-none-eabi-gcc/4.8.3-2014q1/bin/../lib/gcc/arm-none-eabi/4.8.3/../../../../arm-none-eabi/lib/armv6-m\libc_s.a(lib_a-strchr.o)
                0x00007ae0                strchr
 .text          0x00007af8       0x14 c:/users/tobias/appdata/local/arduino15/packages/arduino/tools/arm-none-eabi-gcc/4.8.3-2014q1/bin/../lib/gcc/arm-none-eabi/4.8.3/../../../../arm-none-eabi/lib/armv6-m\libc_s.a(lib_a-strcmp.o)
                0x00007af8                strcmp
 .text.strcpy   0x00007b0c       0x10 c:/users/tobias/appdata/local/arduino15/packages/arduino/tools/arm-none-eabi-gcc/4.8.3-2014q1/bin/../lib/gcc/arm-none-eabi/4.8.3/../../../../arm-none-eabi/lib/armv6-m\libc_s.a(lib_a-strcpy.o)
                0x00007b0c                strcpy
 .text.strlen   0x00007b1c        0xe c:/users/tobias/appdata/local/arduino15/packages/arduino/tools/arm-none-eabi-gcc/4.8.3-2014q1/bin/../lib/gcc/arm-none-eabi/4.8.3/../../../../arm-none-eabi/lib/armv6-m\libc_s.a(lib_a-strlen.o)
                0x00007b1c                strlen
 .text.strncmp  0x00007b2a       0x2c c:/users/tobias/appdata/local/arduino15/packages/arduino/tools/arm-none-eabi-gcc/4.8.3-2014q1/bin/../lib/gcc/arm-none-eabi/4.8.3/../../../../arm-none-eabi/lib/armv6-m\libc_s.a(lib_a-strncmp.o)
                0x00007b2a                strncmp
 *fill*         0x00007b56        0x2 
 .text._strtol_r
                0x00007b58      0x114 c:/users/tobias/appdata/local/arduino15/packages/arduino/tools/arm-none-eabi-gcc/4.8.3-2014q1/bin/../lib/gcc/arm-none-eabi/4.8.3/../../../../arm-none-eabi/lib/armv6-m\libc_s.a(lib_a-strtol.o)
                0x00007b58                _strtol_r
 .text.strtol   0x00007c6c       0x1c c:/users/tobias/appdata/local/arduino15/packages/arduino/tools/arm-none-eabi-gcc/4.8.3-2014q1/bin/../lib/gcc/arm-none-eabi/4.8.3/../../../../arm-none-eabi/lib/armv6-m\libc_s.a(lib_a-strtol.o)
                0x00007c6c                strtol
 .text.__ssputs_r
                0x00007c88       0xc0 c:/users/tobias/appdata/local/arduino15/packages/arduino/tools/arm-none-eabi-gcc/4.8.3-2014q1/bin/../lib/gcc/arm-none-eabi/4.8.3/../../../../arm-none-eabi/lib/armv6-m\libc_s.a(lib_a-svfprintf.o)
                0x00007c88                __ssputs_r
 .text._svfprintf_r
                0x00007d48      0x1e0 c:/users/tobias/appdata/local/arduino15/packages/arduino/tools/arm-none-eabi-gcc/4.8.3-2014q1/bin/../lib/gcc/arm-none-eabi/4.8.3/../../../../arm-none-eabi/lib/armv6-m\libc_s.a(lib_a-svfprintf.o)
                0x00007d48                _svfiprintf_r
                0x00007d48                _svfprintf_r
 .text.__cvt    0x00007f28       0xd0 c:/users/tobias/appdata/local/arduino15/packages/arduino/tools/arm-none-eabi-gcc/4.8.3-2014q1/bin/../lib/gcc/arm-none-eabi/4.8.3/../../../../arm-none-eabi/lib/armv6-m\libc_s.a(lib_a-vfprintf_float.o)
                0x00007f28                __cvt
 .text.__exponent
                0x00007ff8       0x6a c:/users/tobias/appdata/local/arduino15/packages/arduino/tools/arm-none-eabi-gcc/4.8.3-2014q1/bin/../lib/gcc/arm-none-eabi/4.8.3/../../../../arm-none-eabi/lib/armv6-m\libc_s.a(lib_a-vfprintf_float.o)
                0x00007ff8                __exponent
 *fill*         0x00008062        0x6 
 .text._printf_float
                0x00008068      0x458 c:/users/tobias/appdata/local/arduino15/packages/arduino/tools/arm-none-eabi-gcc/4.8.3-2014q1/bin/../lib/gcc/arm-none-eabi/4.8.3/../../../../arm-none-eabi/lib/armv6-m\libc_s.a(lib_a-vfprintf_float.o)
                0x00008068                _printf_float
 .text._printf_common
                0x000084c0       0xe8 c:/users/tobias/appdata/local/arduino15/packages/arduino/tools/arm-none-eabi-gcc/4.8.3-2014q1/bin/../lib/gcc/arm-none-eabi/4.8.3/../../../../arm-none-eabi/lib/armv6-m\libc_s.a(lib_a-vfprintf_i.o)
                0x000084c0                _printf_common
 .text._printf_i
                0x000085a8      0x22c c:/users/tobias/appdata/local/arduino15/packages/arduino/tools/arm-none-eabi-gcc/4.8.3-2014q1/bin/../lib/gcc/arm-none-eabi/4.8.3/../../../../arm-none-eabi/lib/armv6-m\libc_s.a(lib_a-vfprintf_i.o)
                0x000085a8                _printf_i
 .text.quorem   0x000087d4      0x118 c:/users/tobias/appdata/local/arduino15/packages/arduino/tools/arm-none-eabi-gcc/4.8.3-2014q1/bin/../lib/gcc/arm-none-eabi/4.8.3/../../../../arm-none-eabi/lib/armv6-m\libc_s.a(lib_a-dtoa.o)
 *fill*         0x000088ec        0x4 
 .text._dtoa_r  0x000088f0      0xbb8 c:/users/tobias/appdata/local/arduino15/packages/arduino/tools/arm-none-eabi-gcc/4.8.3-2014q1/bin/../lib/gcc/arm-none-eabi/4.8.3/../../../../arm-none-eabi/lib/armv6-m\libc_s.a(lib_a-dtoa.o)
                0x000088f0                _dtoa_r
 .text._localeconv_r
                0x000094a8        0x8 c:/users/tobias/appdata/local/arduino15/packages/arduino/tools/arm-none-eabi-gcc/4.8.3-2014q1/bin/../lib/gcc/arm-none-eabi/4.8.3/../../../../arm-none-eabi/lib/armv6-m\libc_s.a(lib_a-locale.o)
                0x000094a8                _localeconv_r
 .text.memchr   0x000094b0       0x16 c:/users/tobias/appdata/local/arduino15/packages/arduino/tools/arm-none-eabi-gcc/4.8.3-2014q1/bin/../lib/gcc/arm-none-eabi/4.8.3/../../../../arm-none-eabi/lib/armv6-m\libc_s.a(lib_a-memchr-stub.o)
                0x000094b0                memchr
 .text._Balloc  0x000094c6       0x70 c:/users/tobias/appdata/local/arduino15/packages/arduino/tools/arm-none-eabi-gcc/4.8.3-2014q1/bin/../lib/gcc/arm-none-eabi/4.8.3/../../../../arm-none-eabi/lib/armv6-m\libc_s.a(lib_a-mprec.o)
                0x000094c6                _Balloc
 .text._Bfree   0x00009536       0x32 c:/users/tobias/appdata/local/arduino15/packages/arduino/tools/arm-none-eabi-gcc/4.8.3-2014q1/bin/../lib/gcc/arm-none-eabi/4.8.3/../../../../arm-none-eabi/lib/armv6-m\libc_s.a(lib_a-mprec.o)
                0x00009536                _Bfree
 .text.__multadd
                0x00009568       0x7c c:/users/tobias/appdata/local/arduino15/packages/arduino/tools/arm-none-eabi-gcc/4.8.3-2014q1/bin/../lib/gcc/arm-none-eabi/4.8.3/../../../../arm-none-eabi/lib/armv6-m\libc_s.a(lib_a-mprec.o)
                0x00009568                __multadd
 .text.__hi0bits
                0x000095e4       0x38 c:/users/tobias/appdata/local/arduino15/packages/arduino/tools/arm-none-eabi-gcc/4.8.3-2014q1/bin/../lib/gcc/arm-none-eabi/4.8.3/../../../../arm-none-eabi/lib/armv6-m\libc_s.a(lib_a-mprec.o)
                0x000095e4                __hi0bits
 .text.__lo0bits
                0x0000961c       0x5a c:/users/tobias/appdata/local/arduino15/packages/arduino/tools/arm-none-eabi-gcc/4.8.3-2014q1/bin/../lib/gcc/arm-none-eabi/4.8.3/../../../../arm-none-eabi/lib/armv6-m\libc_s.a(lib_a-mprec.o)
                0x0000961c                __lo0bits
 .text.__i2b    0x00009676       0x12 c:/users/tobias/appdata/local/arduino15/packages/arduino/tools/arm-none-eabi-gcc/4.8.3-2014q1/bin/../lib/gcc/arm-none-eabi/4.8.3/../../../../arm-none-eabi/lib/armv6-m\libc_s.a(lib_a-mprec.o)
                0x00009676                __i2b
 .text.__multiply
                0x00009688      0x11e c:/users/tobias/appdata/local/arduino15/packages/arduino/tools/arm-none-eabi-gcc/4.8.3-2014q1/bin/../lib/gcc/arm-none-eabi/4.8.3/../../../../arm-none-eabi/lib/armv6-m\libc_s.a(lib_a-mprec.o)
                0x00009688                __multiply
 *fill*         0x000097a6        0x2 
 .text.__pow5mult
                0x000097a8       0xa4 c:/users/tobias/appdata/local/arduino15/packages/arduino/tools/arm-none-eabi-gcc/4.8.3-2014q1/bin/../lib/gcc/arm-none-eabi/4.8.3/../../../../arm-none-eabi/lib/armv6-m\libc_s.a(lib_a-mprec.o)
                0x000097a8                __pow5mult
 .text.__lshift
                0x0000984c       0xa4 c:/users/tobias/appdata/local/arduino15/packages/arduino/tools/arm-none-eabi-gcc/4.8.3-2014q1/bin/../lib/gcc/arm-none-eabi/4.8.3/../../../../arm-none-eabi/lib/armv6-m\libc_s.a(lib_a-mprec.o)
                0x0000984c                __lshift
 .text.__mcmp   0x000098f0       0x36 c:/users/tobias/appdata/local/arduino15/packages/arduino/tools/arm-none-eabi-gcc/4.8.3-2014q1/bin/../lib/gcc/arm-none-eabi/4.8.3/../../../../arm-none-eabi/lib/armv6-m\libc_s.a(lib_a-mprec.o)
                0x000098f0                __mcmp
 .text.__mdiff  0x00009926       0xcc c:/users/tobias/appdata/local/arduino15/packages/arduino/tools/arm-none-eabi-gcc/4.8.3-2014q1/bin/../lib/gcc/arm-none-eabi/4.8.3/../../../../arm-none-eabi/lib/armv6-m\libc_s.a(lib_a-mprec.o)
                0x00009926                __mdiff
 *fill*         0x000099f2        0x2 
 .text.__d2b    0x000099f4       0xb0 c:/users/tobias/appdata/local/arduino15/packages/arduino/tools/arm-none-eabi-gcc/4.8.3-2014q1/bin/../lib/gcc/arm-none-eabi/4.8.3/../../../../arm-none-eabi/lib/armv6-m\libc_s.a(lib_a-mprec.o)
                0x000099f4                __d2b
 .text._calloc_r
                0x00009aa4       0x1c c:/users/tobias/appdata/local/arduino15/packages/arduino/tools/arm-none-eabi-gcc/4.8.3-2014q1/bin/../lib/gcc/arm-none-eabi/4.8.3/../../../../arm-none-eabi/lib/armv6-m\libc_s.a(lib_a-nano-callocr.o)
                0x00009aa4                _calloc_r
 .text._realloc_r
                0x00009ac0       0x4c c:/users/tobias/appdata/local/arduino15/packages/arduino/tools/arm-none-eabi-gcc/4.8.3-2014q1/bin/../lib/gcc/arm-none-eabi/4.8.3/../../../../arm-none-eabi/lib/armv6-m\libc_s.a(lib_a-nano-reallocr.o)
                0x00009ac0                _realloc_r
 .text._malloc_usable_size_r
                0x00009b0c       0x12 c:/users/tobias/appdata/local/arduino15/packages/arduino/tools/arm-none-eabi-gcc/4.8.3-2014q1/bin/../lib/gcc/arm-none-eabi/4.8.3/../../../../arm-none-eabi/lib/armv6-m\libc_s.a(lib_a-nano-msizer.o)
                0x00009b0c                _malloc_usable_size_r
 *fill*         0x00009b1e        0x2 
 .text          0x00009b20       0x7c c:/users/tobias/appdata/local/arduino15/packages/arduino/tools/arm-none-eabi-gcc/4.8.3-2014q1/bin/../lib/gcc/arm-none-eabi/4.8.3/armv6-m\libgcc.a(floatsidf.o)
                0x00009b20                __aeabi_i2d
 .text._sbrk    0x00009b9c       0x34 c:/users/tobias/appdata/local/arduino15/packages/arduino/tools/arm-none-eabi-gcc/4.8.3-2014q1/bin/../lib/gcc/arm-none-eabi/4.8.3/../../../../arm-none-eabi/lib/armv6-m\libnosys.a(sbrk.o)
                0x00009b9c                _sbrk
 *(.init)
 .init          0x00009bd0        0x4 c:/users/tobias/appdata/local/arduino15/packages/arduino/tools/arm-none-eabi-gcc/4.8.3-2014q1/bin/../lib/gcc/arm-none-eabi/4.8.3/armv6-m/crti.o
                0x00009bd0                _init
 .init          0x00009bd4        0x8 c:/users/tobias/appdata/local/arduino15/packages/arduino/tools/arm-none-eabi-gcc/4.8.3-2014q1/bin/../lib/gcc/arm-none-eabi/4.8.3/armv6-m/crtn.o
 *(.fini)
 .fini          0x00009bdc        0x4 c:/users/tobias/appdata/local/arduino15/packages/arduino/tools/arm-none-eabi-gcc/4.8.3-2014q1/bin/../lib/gcc/arm-none-eabi/4.8.3/armv6-m/crti.o
                0x00009bdc                _fini
 .fini          0x00009be0        0x8 c:/users/tobias/appdata/local/arduino15/packages/arduino/tools/arm-none-eabi-gcc/4.8.3-2014q1/bin/../lib/gcc/arm-none-eabi/4.8.3/armv6-m/crtn.o
 *crtbegin.o(.ctors)
 *crtbegin?.o(.ctors)
 *(EXCLUDE_FILE(*crtend.o *crtend?.o) .ctors)
 *(SORT(.ctors.*))
 *(.ctors)
 *crtbegin.o(.dtors)
 *crtbegin?.o(.dtors)
 *(EXCLUDE_FILE(*crtend.o *crtend?.o) .dtors)
 *(SORT(.dtors.*))
 *(.dtors)
 *(.rodata*)
 .rodata.str1.1
                0x00009be8       0x3e c:\Users\Tobias\Documents\Git\TTK8-C++\build\sketch\Sodaq_dummy.ino.cpp.o
                                 0x3f (size before relaxing)
 .rodata.str1.1
                0x00009c26      0x4fb c:\Users\Tobias\Documents\Git\TTK8-C++\build\sketch\rn2xx3.cpp.o
                                0x50a (size before relaxing)
 *fill*         0x0000a121        0x3 
 .rodata.g_APinDescription
                0x0000a124      0x4c8 c:\Users\Tobias\Documents\Git\TTK8-C++\build\core\variant.cpp.o
                0x0000a124                g_APinDescription
 .rodata.str1.1
                0x0000a5ec        0xf c:\Users\Tobias\Documents\Git\TTK8-C++\build/core\core.a(Print.cpp.o)
 .rodata.str1.1
                0x00000000        0x1 c:\Users\Tobias\Documents\Git\TTK8-C++\build/core\core.a(Stream.cpp.o)
 *fill*         0x0000a5fb        0x5 
 .rodata._ZTV7Serial_
                0x0000a600       0x28 c:\Users\Tobias\Documents\Git\TTK8-C++\build/core\core.a(CDC.cpp.o)
                0x0000a600                vtable for Serial_
 .rodata._ZTV26DoubleBufferedEPOutHandler
                0x0000a628       0x18 c:\Users\Tobias\Documents\Git\TTK8-C++\build/core\core.a(USBCore.cpp.o)
                0x0000a628                vtable for DoubleBufferedEPOutHandler
 .rodata._ZL19STRING_MANUFACTURER
                0x0000a640        0xc c:\Users\Tobias\Documents\Git\TTK8-C++\build/core\core.a(USBCore.cpp.o)
 .rodata._ZL15STRING_LANGUAGE
                0x0000a64c        0x4 c:\Users\Tobias\Documents\Git\TTK8-C++\build/core\core.a(USBCore.cpp.o)
 .rodata._ZL21USB_DeviceDescriptorB
                0x0000a650       0x12 c:\Users\Tobias\Documents\Git\TTK8-C++\build/core\core.a(USBCore.cpp.o)
 .rodata._ZL14STRING_PRODUCT
                0x0000a662        0xa c:\Users\Tobias\Documents\Git\TTK8-C++\build/core\core.a(USBCore.cpp.o)
 *fill*         0x0000a66c        0x4 
 .rodata._ZTV4Uart
                0x0000a670       0x38 c:\Users\Tobias\Documents\Git\TTK8-C++\build/core\core.a(Uart.cpp.o)
                0x0000a670                vtable for Uart
 .rodata.str1.1
                0x00000000        0x1 c:\Users\Tobias\Documents\Git\TTK8-C++\build/core\core.a(WString.cpp.o)
 .rodata        0x0000a6a8       0x40 c:/users/tobias/appdata/local/arduino15/packages/arduino/tools/arm-none-eabi-gcc/4.8.3-2014q1/bin/../lib/gcc/arm-none-eabi/4.8.3/armv6-m\libgcc.a(divdf3.o)
 .rodata        0x0000a6e8       0x40 c:/users/tobias/appdata/local/arduino15/packages/arduino/tools/arm-none-eabi-gcc/4.8.3-2014q1/bin/../lib/gcc/arm-none-eabi/4.8.3/armv6-m\libgcc.a(muldf3.o)
 .rodata.str1.1
                0x0000a728        0x2 c:/users/tobias/appdata/local/arduino15/packages/arduino/tools/arm-none-eabi-gcc/4.8.3-2014q1/bin/../lib/gcc/arm-none-eabi/4.8.3/../../../../arm-none-eabi/lib/armv6-m\libc_s.a(lib_a-impure.o)
 .rodata.str1.1
                0x0000a72a       0x11 c:/users/tobias/appdata/local/arduino15/packages/arduino/tools/arm-none-eabi-gcc/4.8.3-2014q1/bin/../lib/gcc/arm-none-eabi/4.8.3/../../../../arm-none-eabi/lib/armv6-m\libc_s.a(lib_a-svfprintf.o)
 .rodata.str1.1
                0x0000a73b        0x8 c:/users/tobias/appdata/local/arduino15/packages/arduino/tools/arm-none-eabi-gcc/4.8.3-2014q1/bin/../lib/gcc/arm-none-eabi/4.8.3/../../../../arm-none-eabi/lib/armv6-m\libc_s.a(lib_a-vfprintf_float.o)
                                 0x12 (size before relaxing)
 .rodata.str1.1
                0x0000a743       0x22 c:/users/tobias/appdata/local/arduino15/packages/arduino/tools/arm-none-eabi-gcc/4.8.3-2014q1/bin/../lib/gcc/arm-none-eabi/4.8.3/../../../../arm-none-eabi/lib/armv6-m\libc_s.a(lib_a-vfprintf_i.o)
 .rodata._ctype_
                0x0000a765      0x101 c:/users/tobias/appdata/local/arduino15/packages/arduino/tools/arm-none-eabi-gcc/4.8.3-2014q1/bin/../lib/gcc/arm-none-eabi/4.8.3/../../../../arm-none-eabi/lib/armv6-m\libc_s.a(lib_a-ctype_.o)
                0x0000a765                _ctype_
 .rodata.str1.1
                0x0000a866        0xd c:/users/tobias/appdata/local/arduino15/packages/arduino/tools/arm-none-eabi-gcc/4.8.3-2014q1/bin/../lib/gcc/arm-none-eabi/4.8.3/../../../../arm-none-eabi/lib/armv6-m\libc_s.a(lib_a-dtoa.o)
                                  0xf (size before relaxing)
 .rodata.str1.1
                0x0000a873        0x8 c:/users/tobias/appdata/local/arduino15/packages/arduino/tools/arm-none-eabi-gcc/4.8.3-2014q1/bin/../lib/gcc/arm-none-eabi/4.8.3/../../../../arm-none-eabi/lib/armv6-m\libc_s.a(lib_a-locale.o)
                                  0xb (size before relaxing)
 *fill*         0x0000a87b        0x5 
 .rodata.__mprec_tens
                0x0000a880       0xc8 c:/users/tobias/appdata/local/arduino15/packages/arduino/tools/arm-none-eabi-gcc/4.8.3-2014q1/bin/../lib/gcc/arm-none-eabi/4.8.3/../../../../arm-none-eabi/lib/armv6-m\libc_s.a(lib_a-mprec.o)
                0x0000a880                __mprec_tens
 .rodata.__mprec_bigtens
                0x0000a948       0x28 c:/users/tobias/appdata/local/arduino15/packages/arduino/tools/arm-none-eabi-gcc/4.8.3-2014q1/bin/../lib/gcc/arm-none-eabi/4.8.3/../../../../arm-none-eabi/lib/armv6-m\libc_s.a(lib_a-mprec.o)
                0x0000a948                __mprec_bigtens
 .rodata.p05.5278
                0x0000a970        0xc c:/users/tobias/appdata/local/arduino15/packages/arduino/tools/arm-none-eabi-gcc/4.8.3-2014q1/bin/../lib/gcc/arm-none-eabi/4.8.3/../../../../arm-none-eabi/lib/armv6-m\libc_s.a(lib_a-mprec.o)
 *(.sodaq_keep)
 *(.eh_frame*)
 .eh_frame      0x0000a97c        0x0 c:/users/tobias/appdata/local/arduino15/packages/arduino/tools/arm-none-eabi-gcc/4.8.3-2014q1/bin/../lib/gcc/arm-none-eabi/4.8.3/armv6-m/crtbegin.o
 .eh_frame      0x0000a97c        0x4 c:/users/tobias/appdata/local/arduino15/packages/arduino/tools/arm-none-eabi-gcc/4.8.3-2014q1/bin/../lib/gcc/arm-none-eabi/4.8.3/armv6-m/crtend.o

.glue_7         0x0000a980        0x0
 .glue_7        0x00000000        0x0 linker stubs

.glue_7t        0x0000a980        0x0
 .glue_7t       0x00000000        0x0 linker stubs

.vfp11_veneer   0x0000a980        0x0
 .vfp11_veneer  0x00000000        0x0 linker stubs

.v4_bx          0x0000a980        0x0
 .v4_bx         0x00000000        0x0 linker stubs

.iplt           0x0000a980        0x0
 .iplt          0x00000000        0x0 c:/users/tobias/appdata/local/arduino15/packages/arduino/tools/arm-none-eabi-gcc/4.8.3-2014q1/bin/../lib/gcc/arm-none-eabi/4.8.3/armv6-m/crtbegin.o

.ARM.extab
 *(.ARM.extab* .gnu.linkonce.armextab.*)
                0x0000a980                __exidx_start = .

.ARM.exidx      0x0000a980        0x8
 *(.ARM.exidx* .gnu.linkonce.armexidx.*)
 .ARM.exidx     0x0000a980        0x8 c:/users/tobias/appdata/local/arduino15/packages/arduino/tools/arm-none-eabi-gcc/4.8.3-2014q1/bin/../lib/gcc/arm-none-eabi/4.8.3/armv6-m\libgcc.a(_divdi3.o)
 .ARM.exidx     0x0000a988        0x0 c:/users/tobias/appdata/local/arduino15/packages/arduino/tools/arm-none-eabi-gcc/4.8.3-2014q1/bin/../lib/gcc/arm-none-eabi/4.8.3/armv6-m\libgcc.a(_udivdi3.o)
                                  0x8 (size before relaxing)
                0x0000a988                __exidx_end = .
                0x0000a988                __etext = .

.rel.dyn        0x0000a988        0x0
 .rel.iplt      0x00000000        0x0 c:/users/tobias/appdata/local/arduino15/packages/arduino/tools/arm-none-eabi-gcc/4.8.3-2014q1/bin/../lib/gcc/arm-none-eabi/4.8.3/armv6-m/crtbegin.o

.data           0x20000000      0x150 load address 0x0000a988
                0x20000000                __data_start__ = .
 *(vtable)
 *(.data*)
 .data          0x20000000        0x4 c:/users/tobias/appdata/local/arduino15/packages/arduino/tools/arm-none-eabi-gcc/4.8.3-2014q1/bin/../lib/gcc/arm-none-eabi/4.8.3/armv6-m/crtbegin.o
                0x20000000                __dso_handle
 .data._ZL12_usbLineInfo
                0x20000004        0x8 c:\Users\Tobias\Documents\Git\TTK8-C++\build/core\core.a(CDC.cpp.o)
 .data._ZL10breakValue
                0x2000000c        0x4 c:\Users\Tobias\Documents\Git\TTK8-C++\build/core\core.a(CDC.cpp.o)
 .data._ZL13_cdcInterface
                0x20000010       0x42 c:\Users\Tobias\Documents\Git\TTK8-C++\build/core\core.a(CDC.cpp.o)
 *fill*         0x20000052        0x2 
 .data._serialPeek
                0x20000054        0x4 c:\Users\Tobias\Documents\Git\TTK8-C++\build/core\core.a(CDC.cpp.o)
                0x20000054                _serialPeek
 .data.EndPoints
                0x20000058       0x28 c:\Users\Tobias\Documents\Git\TTK8-C++\build/core\core.a(USBCore.cpp.o)
                0x20000058                EndPoints
 .data.SystemCoreClock
                0x20000080        0x4 c:\Users\Tobias\Documents\Git\TTK8-C++\build/core\core.a(wiring.c.o)
                0x20000080                SystemCoreClock
 .data._ZL5ticks
                0x20000084        0x4 c:\Users\Tobias\Documents\Git\TTK8-C++\build/core\core.a(Reset.cpp.o)
 .data.impure_data
                0x20000088       0x60 c:/users/tobias/appdata/local/arduino15/packages/arduino/tools/arm-none-eabi-gcc/4.8.3-2014q1/bin/../lib/gcc/arm-none-eabi/4.8.3/../../../../arm-none-eabi/lib/armv6-m\libc_s.a(lib_a-impure.o)
 .data._impure_ptr
                0x200000e8        0x4 c:/users/tobias/appdata/local/arduino15/packages/arduino/tools/arm-none-eabi-gcc/4.8.3-2014q1/bin/../lib/gcc/arm-none-eabi/4.8.3/../../../../arm-none-eabi/lib/armv6-m\libc_s.a(lib_a-impure.o)
                0x200000e8                _impure_ptr
 .data.__ctype_ptr__
                0x200000ec        0x4 c:/users/tobias/appdata/local/arduino15/packages/arduino/tools/arm-none-eabi-gcc/4.8.3-2014q1/bin/../lib/gcc/arm-none-eabi/4.8.3/../../../../arm-none-eabi/lib/armv6-m\libc_s.a(lib_a-ctype_.o)
                0x200000ec                __ctype_ptr__
 .data.lconv    0x200000f0       0x38 c:/users/tobias/appdata/local/arduino15/packages/arduino/tools/arm-none-eabi-gcc/4.8.3-2014q1/bin/../lib/gcc/arm-none-eabi/4.8.3/../../../../arm-none-eabi/lib/armv6-m\libc_s.a(lib_a-locale.o)
                0x20000128                . = ALIGN (0x4)
                0x20000128                PROVIDE (__preinit_array_start, .)
 *(.preinit_array)
                0x20000128                PROVIDE (__preinit_array_end, .)
                0x20000128                . = ALIGN (0x4)
                0x20000128                PROVIDE (__init_array_start, .)
 *(SORT(.init_array.*))
 *(.init_array)
 .init_array    0x20000128        0x4 c:/users/tobias/appdata/local/arduino15/packages/arduino/tools/arm-none-eabi-gcc/4.8.3-2014q1/bin/../lib/gcc/arm-none-eabi/4.8.3/armv6-m/crtbegin.o
 .init_array    0x2000012c        0x4 c:\Users\Tobias\Documents\Git\TTK8-C++\build\sketch\Sodaq_dummy.ino.cpp.o
 .init_array    0x20000130        0x4 c:\Users\Tobias\Documents\Git\TTK8-C++\build\core\variant.cpp.o
 .init_array    0x20000134        0x4 c:\Users\Tobias\Documents\Git\TTK8-C++\build/core\core.a(CDC.cpp.o)
 .init_array    0x20000138        0x4 c:\Users\Tobias\Documents\Git\TTK8-C++\build/core\core.a(USBCore.cpp.o)
                0x2000013c                PROVIDE (__init_array_end, .)
                0x2000013c                . = ALIGN (0x4)
                0x2000013c                PROVIDE (__fini_array_start, .)
 *(SORT(.fini_array.*))
 *(.fini_array)
 .fini_array    0x2000013c        0x4 c:/users/tobias/appdata/local/arduino15/packages/arduino/tools/arm-none-eabi-gcc/4.8.3-2014q1/bin/../lib/gcc/arm-none-eabi/4.8.3/armv6-m/crtbegin.o
                0x20000140                PROVIDE (__fini_array_end, .)
 *(.jcr*)
 .jcr           0x20000140        0x0 c:/users/tobias/appdata/local/arduino15/packages/arduino/tools/arm-none-eabi-gcc/4.8.3-2014q1/bin/../lib/gcc/arm-none-eabi/4.8.3/armv6-m/crtbegin.o
 .jcr           0x20000140        0x4 c:/users/tobias/appdata/local/arduino15/packages/arduino/tools/arm-none-eabi-gcc/4.8.3-2014q1/bin/../lib/gcc/arm-none-eabi/4.8.3/armv6-m/crtend.o
                0x20000150                . = ALIGN (0x10)
 *fill*         0x20000144        0xc 
                0x20000150                __data_end__ = .

.igot.plt       0x20000150        0x0 load address 0x0000aad8
 .igot.plt      0x00000000        0x0 c:/users/tobias/appdata/local/arduino15/packages/arduino/tools/arm-none-eabi-gcc/4.8.3-2014q1/bin/../lib/gcc/arm-none-eabi/4.8.3/armv6-m/crtbegin.o

.bss            0x20000150      0x908 load address 0x0000aad8
                0x20000150                . = ALIGN (0x4)
                0x20000150                __bss_start__ = .
 *(.bss*)
 .bss           0x20000150       0x1c c:/users/tobias/appdata/local/arduino15/packages/arduino/tools/arm-none-eabi-gcc/4.8.3-2014q1/bin/../lib/gcc/arm-none-eabi/4.8.3/armv6-m/crtbegin.o
 .bss._ZL7lorawan
                0x2000016c       0x50 c:\Users\Tobias\Documents\Git\TTK8-C++\build\sketch\Sodaq_dummy.ino.cpp.o
 .bss.time      0x200001bc        0x4 c:\Users\Tobias\Documents\Git\TTK8-C++\build\sketch\Sodaq_dummy.ino.cpp.o
                0x200001bc                time
 .bss.Serial    0x200001c0      0x144 c:\Users\Tobias\Documents\Git\TTK8-C++\build\core\variant.cpp.o
                0x200001c0                Serial
 .bss.Serial1   0x20000304      0x144 c:\Users\Tobias\Documents\Git\TTK8-C++\build\core\variant.cpp.o
                0x20000304                Serial1
 .bss.sercom3   0x20000448        0x4 c:\Users\Tobias\Documents\Git\TTK8-C++\build\core\variant.cpp.o
                0x20000448                sercom3
 .bss.sercom0   0x2000044c        0x4 c:\Users\Tobias\Documents\Git\TTK8-C++\build\core\variant.cpp.o
                0x2000044c                sercom0
 .bss.sercom1   0x20000450        0x4 c:\Users\Tobias\Documents\Git\TTK8-C++\build\core\variant.cpp.o
                0x20000450                sercom1
 .bss.sercom2   0x20000454        0x4 c:\Users\Tobias\Documents\Git\TTK8-C++\build\core\variant.cpp.o
                0x20000454                sercom2
 .bss.sercom4   0x20000458        0x4 c:\Users\Tobias\Documents\Git\TTK8-C++\build\core\variant.cpp.o
                0x20000458                sercom4
 .bss.sercom5   0x2000045c        0x4 c:\Users\Tobias\Documents\Git\TTK8-C++\build\core\variant.cpp.o
                0x2000045c                sercom5
 .bss.SerialUSB
                0x20000460       0x1c c:\Users\Tobias\Documents\Git\TTK8-C++\build/core\core.a(CDC.cpp.o)
                0x20000460                SerialUSB
 .bss._ZL14isEndpointHalt
                0x2000047c        0x1 c:\Users\Tobias\Documents\Git\TTK8-C++\build/core\core.a(USBCore.cpp.o)
 .bss._pack_buffer
                0x2000047d      0x100 c:\Users\Tobias\Documents\Git\TTK8-C++\build/core\core.a(USBCore.cpp.o)
                0x2000047d                _pack_buffer
 *fill*         0x2000057d        0x1 
 .bss._pack_size
                0x2000057e        0x2 c:\Users\Tobias\Documents\Git\TTK8-C++\build/core\core.a(USBCore.cpp.o)
                0x2000057e                _pack_size
 .bss._ZL20LastTransmitTimedOut
                0x20000580        0x7 c:\Users\Tobias\Documents\Git\TTK8-C++\build/core\core.a(USBCore.cpp.o)
 *fill*         0x20000587        0x1 
 .bss._ZL22udd_ep_in_cache_buffer
                0x20000588      0x1c0 c:\Users\Tobias\Documents\Git\TTK8-C++\build/core\core.a(USBCore.cpp.o)
 .bss._ZL23udd_ep_out_cache_buffer
                0x20000748      0x1c0 c:\Users\Tobias\Documents\Git\TTK8-C++\build/core\core.a(USBCore.cpp.o)
 .bss._ZL10epHandlers
                0x20000908       0x1c c:\Users\Tobias\Documents\Git\TTK8-C++\build/core\core.a(USBCore.cpp.o)
 .bss._pack_message
                0x20000924        0x1 c:\Users\Tobias\Documents\Git\TTK8-C++\build/core\core.a(USBCore.cpp.o)
                0x20000924                _pack_message
 .bss._ZL21isRemoteWakeUpEnabled
                0x20000925        0x1 c:\Users\Tobias\Documents\Git\TTK8-C++\build/core\core.a(USBCore.cpp.o)
 .bss._dry_run  0x20000926        0x1 c:\Users\Tobias\Documents\Git\TTK8-C++\build/core\core.a(USBCore.cpp.o)
                0x20000926                _dry_run
 .bss.USBDevice
                0x20000927        0x1 c:\Users\Tobias\Documents\Git\TTK8-C++\build/core\core.a(USBCore.cpp.o)
                0x20000927                USBDevice
 .bss._usbSetInterface
                0x20000928        0x4 c:\Users\Tobias\Documents\Git\TTK8-C++\build/core\core.a(USBCore.cpp.o)
                0x20000928                _usbSetInterface
 .bss.usbd      0x2000092c      0x104 c:\Users\Tobias\Documents\Git\TTK8-C++\build/core\core.a(USBCore.cpp.o)
                0x2000092c                usbd
 .bss._usbConfiguration
                0x20000a30        0x4 c:\Users\Tobias\Documents\Git\TTK8-C++\build/core\core.a(USBCore.cpp.o)
                0x20000a30                _usbConfiguration
 .bss.usb_isr   0x20000a34        0x4 c:\Users\Tobias\Documents\Git\TTK8-C++\build/core\core.a(cortex_handlers.c.o)
 .bss._ulTickCount
                0x20000a38        0x4 c:\Users\Tobias\Documents\Git\TTK8-C++\build/core\core.a(delay.c.o)
 .bss._ZZ12PluggableUSBvE3obj
                0x20000a3c        0x8 c:\Users\Tobias\Documents\Git\TTK8-C++\build/core\core.a(PluggableUSB.cpp.o)
 .bss._ZGVZ12PluggableUSBvE3obj
                0x20000a44        0x4 c:\Users\Tobias\Documents\Git\TTK8-C++\build/core\core.a(PluggableUSB.cpp.o)
 .bss.__malloc_sbrk_start
                0x20000a48        0x4 c:/users/tobias/appdata/local/arduino15/packages/arduino/tools/arm-none-eabi-gcc/4.8.3-2014q1/bin/../lib/gcc/arm-none-eabi/4.8.3/../../../../arm-none-eabi/lib/armv6-m\libc_s.a(lib_a-nano-mallocr.o)
                0x20000a48                __malloc_sbrk_start
 .bss.__malloc_free_list
                0x20000a4c        0x4 c:/users/tobias/appdata/local/arduino15/packages/arduino/tools/arm-none-eabi-gcc/4.8.3-2014q1/bin/../lib/gcc/arm-none-eabi/4.8.3/../../../../arm-none-eabi/lib/armv6-m\libc_s.a(lib_a-nano-mallocr.o)
                0x20000a4c                __malloc_free_list
 .bss.heap_end.4243
                0x20000a50        0x4 c:/users/tobias/appdata/local/arduino15/packages/arduino/tools/arm-none-eabi-gcc/4.8.3-2014q1/bin/../lib/gcc/arm-none-eabi/4.8.3/../../../../arm-none-eabi/lib/armv6-m\libnosys.a(sbrk.o)
 *(COMMON)
 COMMON         0x20000a54        0x4 c:/users/tobias/appdata/local/arduino15/packages/arduino/tools/arm-none-eabi-gcc/4.8.3-2014q1/bin/../lib/gcc/arm-none-eabi/4.8.3/../../../../arm-none-eabi/lib/armv6-m\libc_s.a(lib_a-reent.o)
                0x20000a54                errno
                0x20000a58                . = ALIGN (0x4)
                0x20000a58                __bss_end__ = .

.heap           0x20000a58        0x0
                0x20000a58                __end__ = .
                0x20000a58                PROVIDE (end, .)
 *(.heap*)
                0x20000a58                __HeapLimit = .

.stack_dummy    0x20000a58        0x0
 *(.stack*)
                0x20008000                __StackTop = (ORIGIN (RAM) + 0x8000)
                0x20008000                __StackLimit = (__StackTop - SIZEOF (.stack_dummy))
                0x20008000                PROVIDE (__stack, __StackTop)
                0x20007fff                __ram_end__ = ((ORIGIN (RAM) + 0x8000) - 0x1)
                0x00000001                ASSERT ((__StackLimit >= __HeapLimit), region RAM overflowed with stack)
OUTPUT(c:\Users\Tobias\Documents\Git\TTK8-C++\build/Sodaq_dummy.ino.elf elf32-littlearm)

.ARM.attributes
                0x00000000       0x28
 .ARM.attributes
                0x00000000       0x1e c:/users/tobias/appdata/local/arduino15/packages/arduino/tools/arm-none-eabi-gcc/4.8.3-2014q1/bin/../lib/gcc/arm-none-eabi/4.8.3/armv6-m/crti.o
 .ARM.attributes
                0x0000001e       0x2c c:/users/tobias/appdata/local/arduino15/packages/arduino/tools/arm-none-eabi-gcc/4.8.3-2014q1/bin/../lib/gcc/arm-none-eabi/4.8.3/armv6-m/crtbegin.o
 .ARM.attributes
                0x0000004a       0x32 c:\Users\Tobias\Documents\Git\TTK8-C++\build\sketch\Sodaq_dummy.ino.cpp.o
 .ARM.attributes
                0x0000007c       0x32 c:\Users\Tobias\Documents\Git\TTK8-C++\build\sketch\rn2xx3.cpp.o
 .ARM.attributes
                0x000000ae       0x32 c:\Users\Tobias\Documents\Git\TTK8-C++\build\core\variant.cpp.o
 .ARM.attributes
                0x000000e0       0x32 c:\Users\Tobias\Documents\Git\TTK8-C++\build/core\core.a(Print.cpp.o)
 .ARM.attributes
                0x00000112       0x32 c:\Users\Tobias\Documents\Git\TTK8-C++\build/core\core.a(SERCOM.cpp.o)
 .ARM.attributes
                0x00000144       0x32 c:\Users\Tobias\Documents\Git\TTK8-C++\build/core\core.a(Stream.cpp.o)
 .ARM.attributes
                0x00000176       0x32 c:\Users\Tobias\Documents\Git\TTK8-C++\build/core\core.a(CDC.cpp.o)
 .ARM.attributes
                0x000001a8       0x32 c:\Users\Tobias\Documents\Git\TTK8-C++\build/core\core.a(USBCore.cpp.o)
 .ARM.attributes
                0x000001da       0x32 c:\Users\Tobias\Documents\Git\TTK8-C++\build/core\core.a(Uart.cpp.o)
 .ARM.attributes
                0x0000020c       0x32 c:\Users\Tobias\Documents\Git\TTK8-C++\build/core\core.a(WString.cpp.o)
 .ARM.attributes
                0x0000023e       0x32 c:\Users\Tobias\Documents\Git\TTK8-C++\build/core\core.a(cortex_handlers.c.o)
 .ARM.attributes
                0x00000270       0x32 c:\Users\Tobias\Documents\Git\TTK8-C++\build/core\core.a(delay.c.o)
 .ARM.attributes
                0x000002a2       0x32 c:\Users\Tobias\Documents\Git\TTK8-C++\build/core\core.a(hooks.c.o)
 .ARM.attributes
                0x000002d4       0x32 c:\Users\Tobias\Documents\Git\TTK8-C++\build/core\core.a(main.cpp.o)
 .ARM.attributes
                0x00000306       0x32 c:\Users\Tobias\Documents\Git\TTK8-C++\build/core\core.a(new.cpp.o)
 .ARM.attributes
                0x00000338       0x32 c:\Users\Tobias\Documents\Git\TTK8-C++\build/core\core.a(startup.c.o)
 .ARM.attributes
                0x0000036a       0x32 c:\Users\Tobias\Documents\Git\TTK8-C++\build/core\core.a(wiring.c.o)
 .ARM.attributes
                0x0000039c       0x32 c:\Users\Tobias\Documents\Git\TTK8-C++\build/core\core.a(wiring_analog.c.o)
 .ARM.attributes
                0x000003ce       0x32 c:\Users\Tobias\Documents\Git\TTK8-C++\build/core\core.a(wiring_digital.c.o)
 .ARM.attributes
                0x00000400       0x32 c:\Users\Tobias\Documents\Git\TTK8-C++\build/core\core.a(wiring_private.c.o)
 .ARM.attributes
                0x00000432       0x32 c:\Users\Tobias\Documents\Git\TTK8-C++\build/core\core.a(Reset.cpp.o)
 .ARM.attributes
                0x00000464       0x32 c:\Users\Tobias\Documents\Git\TTK8-C++\build/core\core.a(PluggableUSB.cpp.o)
 .ARM.attributes
                0x00000496       0x2c c:/users/tobias/appdata/local/arduino15/packages/arduino/tools/arm-none-eabi-gcc/4.8.3-2014q1/bin/../lib/gcc/arm-none-eabi/4.8.3/../../../../arm-none-eabi/lib/armv6-m\libm.a(lib_a-s_fpclassify.o)
 .ARM.attributes
                0x000004c2       0x1e c:/users/tobias/appdata/local/arduino15/packages/arduino/tools/arm-none-eabi-gcc/4.8.3-2014q1/bin/../lib/gcc/arm-none-eabi/4.8.3/armv6-m\libgcc.a(_thumb1_case_uqi.o)
 .ARM.attributes
                0x000004e0       0x1e c:/users/tobias/appdata/local/arduino15/packages/arduino/tools/arm-none-eabi-gcc/4.8.3-2014q1/bin/../lib/gcc/arm-none-eabi/4.8.3/armv6-m\libgcc.a(_udivsi3.o)
 .ARM.attributes
                0x000004fe       0x1e c:/users/tobias/appdata/local/arduino15/packages/arduino/tools/arm-none-eabi-gcc/4.8.3-2014q1/bin/../lib/gcc/arm-none-eabi/4.8.3/armv6-m\libgcc.a(_divsi3.o)
 .ARM.attributes
                0x0000051c       0x1e c:/users/tobias/appdata/local/arduino15/packages/arduino/tools/arm-none-eabi-gcc/4.8.3-2014q1/bin/../lib/gcc/arm-none-eabi/4.8.3/armv6-m\libgcc.a(_dvmd_tls.o)
 .ARM.attributes
                0x0000053a       0x1e c:/users/tobias/appdata/local/arduino15/packages/arduino/tools/arm-none-eabi-gcc/4.8.3-2014q1/bin/../lib/gcc/arm-none-eabi/4.8.3/armv6-m\libgcc.a(_arm_cmpdf2.o)
 .ARM.attributes
                0x00000558       0x1e c:/users/tobias/appdata/local/arduino15/packages/arduino/tools/arm-none-eabi-gcc/4.8.3-2014q1/bin/../lib/gcc/arm-none-eabi/4.8.3/armv6-m\libgcc.a(_aeabi_uldivmod.o)
 .ARM.attributes
                0x00000576       0x2c c:/users/tobias/appdata/local/arduino15/packages/arduino/tools/arm-none-eabi-gcc/4.8.3-2014q1/bin/../lib/gcc/arm-none-eabi/4.8.3/armv6-m\libgcc.a(_muldi3.o)
 .ARM.attributes
                0x000005a2       0x2c c:/users/tobias/appdata/local/arduino15/packages/arduino/tools/arm-none-eabi-gcc/4.8.3-2014q1/bin/../lib/gcc/arm-none-eabi/4.8.3/armv6-m\libgcc.a(bpabi.o)
 .ARM.attributes
                0x000005ce       0x2c c:/users/tobias/appdata/local/arduino15/packages/arduino/tools/arm-none-eabi-gcc/4.8.3-2014q1/bin/../lib/gcc/arm-none-eabi/4.8.3/armv6-m\libgcc.a(adddf3.o)
 .ARM.attributes
                0x000005fa       0x2c c:/users/tobias/appdata/local/arduino15/packages/arduino/tools/arm-none-eabi-gcc/4.8.3-2014q1/bin/../lib/gcc/arm-none-eabi/4.8.3/armv6-m\libgcc.a(divdf3.o)
 .ARM.attributes
                0x00000626       0x2c c:/users/tobias/appdata/local/arduino15/packages/arduino/tools/arm-none-eabi-gcc/4.8.3-2014q1/bin/../lib/gcc/arm-none-eabi/4.8.3/armv6-m\libgcc.a(eqdf2.o)
 .ARM.attributes
                0x00000652       0x2c c:/users/tobias/appdata/local/arduino15/packages/arduino/tools/arm-none-eabi-gcc/4.8.3-2014q1/bin/../lib/gcc/arm-none-eabi/4.8.3/armv6-m\libgcc.a(gedf2.o)
 .ARM.attributes
                0x0000067e       0x2c c:/users/tobias/appdata/local/arduino15/packages/arduino/tools/arm-none-eabi-gcc/4.8.3-2014q1/bin/../lib/gcc/arm-none-eabi/4.8.3/armv6-m\libgcc.a(ledf2.o)
 .ARM.attributes
                0x000006aa       0x2c c:/users/tobias/appdata/local/arduino15/packages/arduino/tools/arm-none-eabi-gcc/4.8.3-2014q1/bin/../lib/gcc/arm-none-eabi/4.8.3/armv6-m\libgcc.a(muldf3.o)
 .ARM.attributes
                0x000006d6       0x2c c:/users/tobias/appdata/local/arduino15/packages/arduino/tools/arm-none-eabi-gcc/4.8.3-2014q1/bin/../lib/gcc/arm-none-eabi/4.8.3/armv6-m\libgcc.a(subdf3.o)
 .ARM.attributes
                0x00000702       0x2c c:/users/tobias/appdata/local/arduino15/packages/arduino/tools/arm-none-eabi-gcc/4.8.3-2014q1/bin/../lib/gcc/arm-none-eabi/4.8.3/armv6-m\libgcc.a(fixdfsi.o)
 .ARM.attributes
                0x0000072e       0x2c c:/users/tobias/appdata/local/arduino15/packages/arduino/tools/arm-none-eabi-gcc/4.8.3-2014q1/bin/../lib/gcc/arm-none-eabi/4.8.3/armv6-m\libgcc.a(floatunsidf.o)
 .ARM.attributes
                0x0000075a       0x1e c:/users/tobias/appdata/local/arduino15/packages/arduino/tools/arm-none-eabi-gcc/4.8.3-2014q1/bin/../lib/gcc/arm-none-eabi/4.8.3/armv6-m\libgcc.a(_clzsi2.o)
 .ARM.attributes
                0x00000778       0x2c c:/users/tobias/appdata/local/arduino15/packages/arduino/tools/arm-none-eabi-gcc/4.8.3-2014q1/bin/../lib/gcc/arm-none-eabi/4.8.3/armv6-m\libgcc.a(_divdi3.o)
 .ARM.attributes
                0x000007a4       0x2c c:/users/tobias/appdata/local/arduino15/packages/arduino/tools/arm-none-eabi-gcc/4.8.3-2014q1/bin/../lib/gcc/arm-none-eabi/4.8.3/armv6-m\libgcc.a(_udivdi3.o)
 .ARM.attributes
                0x000007d0       0x2c c:/users/tobias/appdata/local/arduino15/packages/arduino/tools/arm-none-eabi-gcc/4.8.3-2014q1/bin/../lib/gcc/arm-none-eabi/4.8.3/../../../../arm-none-eabi/lib/armv6-m\libc_s.a(lib_a-aeabi_atexit.o)
 .ARM.attributes
                0x000007fc       0x2c c:/users/tobias/appdata/local/arduino15/packages/arduino/tools/arm-none-eabi-gcc/4.8.3-2014q1/bin/../lib/gcc/arm-none-eabi/4.8.3/../../../../arm-none-eabi/lib/armv6-m\libc_s.a(lib_a-atol.o)
 .ARM.attributes
                0x00000828       0x2c c:/users/tobias/appdata/local/arduino15/packages/arduino/tools/arm-none-eabi-gcc/4.8.3-2014q1/bin/../lib/gcc/arm-none-eabi/4.8.3/../../../../arm-none-eabi/lib/armv6-m\libc_s.a(lib_a-cxa_atexit.o)
 .ARM.attributes
                0x00000854       0x2c c:/users/tobias/appdata/local/arduino15/packages/arduino/tools/arm-none-eabi-gcc/4.8.3-2014q1/bin/../lib/gcc/arm-none-eabi/4.8.3/../../../../arm-none-eabi/lib/armv6-m\libc_s.a(lib_a-impure.o)
 .ARM.attributes
                0x00000880       0x2c c:/users/tobias/appdata/local/arduino15/packages/arduino/tools/arm-none-eabi-gcc/4.8.3-2014q1/bin/../lib/gcc/arm-none-eabi/4.8.3/../../../../arm-none-eabi/lib/armv6-m\libc_s.a(lib_a-init.o)
 .ARM.attributes
                0x000008ac       0x2c c:/users/tobias/appdata/local/arduino15/packages/arduino/tools/arm-none-eabi-gcc/4.8.3-2014q1/bin/../lib/gcc/arm-none-eabi/4.8.3/../../../../arm-none-eabi/lib/armv6-m\libc_s.a(lib_a-isspace.o)
 .ARM.attributes
                0x000008d8       0x2c c:/users/tobias/appdata/local/arduino15/packages/arduino/tools/arm-none-eabi-gcc/4.8.3-2014q1/bin/../lib/gcc/arm-none-eabi/4.8.3/../../../../arm-none-eabi/lib/armv6-m\libc_s.a(lib_a-malloc.o)
 .ARM.attributes
                0x00000904       0x2c c:/users/tobias/appdata/local/arduino15/packages/arduino/tools/arm-none-eabi-gcc/4.8.3-2014q1/bin/../lib/gcc/arm-none-eabi/4.8.3/../../../../arm-none-eabi/lib/armv6-m\libc_s.a(lib_a-memcpy-stub.o)
 .ARM.attributes
                0x00000930       0x2c c:/users/tobias/appdata/local/arduino15/packages/arduino/tools/arm-none-eabi-gcc/4.8.3-2014q1/bin/../lib/gcc/arm-none-eabi/4.8.3/../../../../arm-none-eabi/lib/armv6-m\libc_s.a(lib_a-memmove.o)
 .ARM.attributes